Archive member included to satisfy reference by file (symbol)

c:/st/stm32cubeide_1.5.1/stm32cubeide/plugins/com.st.stm32cube.ide.mcu.externaltools.gnu-tools-for-stm32.7-2018-q2-update.win32_1.5.0.202011040924/tools/bin/../lib/gcc/arm-none-eabi/7.3.1/../../../../arm-none-eabi/lib/thumb/v7e-m/fpv4-sp/hard\libc_nano.a(lib_a-errno.o)
                              Core/Src/syscalls.o (__errno)
c:/st/stm32cubeide_1.5.1/stm32cubeide/plugins/com.st.stm32cube.ide.mcu.externaltools.gnu-tools-for-stm32.7-2018-q2-update.win32_1.5.0.202011040924/tools/bin/../lib/gcc/arm-none-eabi/7.3.1/../../../../arm-none-eabi/lib/thumb/v7e-m/fpv4-sp/hard\libc_nano.a(lib_a-exit.o)
                              c:/st/stm32cubeide_1.5.1/stm32cubeide/plugins/com.st.stm32cube.ide.mcu.externaltools.gnu-tools-for-stm32.7-2018-q2-update.win32_1.5.0.202011040924/tools/bin/../lib/gcc/arm-none-eabi/7.3.1/../../../../arm-none-eabi/lib/thumb/v7e-m/fpv4-sp/hard/crt0.o (exit)
c:/st/stm32cubeide_1.5.1/stm32cubeide/plugins/com.st.stm32cube.ide.mcu.externaltools.gnu-tools-for-stm32.7-2018-q2-update.win32_1.5.0.202011040924/tools/bin/../lib/gcc/arm-none-eabi/7.3.1/../../../../arm-none-eabi/lib/thumb/v7e-m/fpv4-sp/hard\libc_nano.a(lib_a-impure.o)
                              c:/st/stm32cubeide_1.5.1/stm32cubeide/plugins/com.st.stm32cube.ide.mcu.externaltools.gnu-tools-for-stm32.7-2018-q2-update.win32_1.5.0.202011040924/tools/bin/../lib/gcc/arm-none-eabi/7.3.1/../../../../arm-none-eabi/lib/thumb/v7e-m/fpv4-sp/hard\libc_nano.a(lib_a-exit.o) (_global_impure_ptr)
c:/st/stm32cubeide_1.5.1/stm32cubeide/plugins/com.st.stm32cube.ide.mcu.externaltools.gnu-tools-for-stm32.7-2018-q2-update.win32_1.5.0.202011040924/tools/bin/../lib/gcc/arm-none-eabi/7.3.1/../../../../arm-none-eabi/lib/thumb/v7e-m/fpv4-sp/hard\libc_nano.a(lib_a-init.o)
                              c:/st/stm32cubeide_1.5.1/stm32cubeide/plugins/com.st.stm32cube.ide.mcu.externaltools.gnu-tools-for-stm32.7-2018-q2-update.win32_1.5.0.202011040924/tools/bin/../lib/gcc/arm-none-eabi/7.3.1/../../../../arm-none-eabi/lib/thumb/v7e-m/fpv4-sp/hard/crt0.o (__libc_init_array)
c:/st/stm32cubeide_1.5.1/stm32cubeide/plugins/com.st.stm32cube.ide.mcu.externaltools.gnu-tools-for-stm32.7-2018-q2-update.win32_1.5.0.202011040924/tools/bin/../lib/gcc/arm-none-eabi/7.3.1/../../../../arm-none-eabi/lib/thumb/v7e-m/fpv4-sp/hard\libc_nano.a(lib_a-memset.o)
                              c:/st/stm32cubeide_1.5.1/stm32cubeide/plugins/com.st.stm32cube.ide.mcu.externaltools.gnu-tools-for-stm32.7-2018-q2-update.win32_1.5.0.202011040924/tools/bin/../lib/gcc/arm-none-eabi/7.3.1/../../../../arm-none-eabi/lib/thumb/v7e-m/fpv4-sp/hard/crt0.o (memset)
c:/st/stm32cubeide_1.5.1/stm32cubeide/plugins/com.st.stm32cube.ide.mcu.externaltools.gnu-tools-for-stm32.7-2018-q2-update.win32_1.5.0.202011040924/tools/bin/../lib/gcc/arm-none-eabi/7.3.1/thumb/v7e-m/fpv4-sp/hard\libgcc.a(_aeabi_uldivmod.o)
                              Drivers/STM32F4xx_HAL_Driver/Src/stm32f4xx_hal_rcc.o (__aeabi_uldivmod)
c:/st/stm32cubeide_1.5.1/stm32cubeide/plugins/com.st.stm32cube.ide.mcu.externaltools.gnu-tools-for-stm32.7-2018-q2-update.win32_1.5.0.202011040924/tools/bin/../lib/gcc/arm-none-eabi/7.3.1/thumb/v7e-m/fpv4-sp/hard\libgcc.a(_udivmoddi4.o)
                              c:/st/stm32cubeide_1.5.1/stm32cubeide/plugins/com.st.stm32cube.ide.mcu.externaltools.gnu-tools-for-stm32.7-2018-q2-update.win32_1.5.0.202011040924/tools/bin/../lib/gcc/arm-none-eabi/7.3.1/thumb/v7e-m/fpv4-sp/hard\libgcc.a(_aeabi_uldivmod.o) (__udivmoddi4)
c:/st/stm32cubeide_1.5.1/stm32cubeide/plugins/com.st.stm32cube.ide.mcu.externaltools.gnu-tools-for-stm32.7-2018-q2-update.win32_1.5.0.202011040924/tools/bin/../lib/gcc/arm-none-eabi/7.3.1/thumb/v7e-m/fpv4-sp/hard\libgcc.a(_dvmd_tls.o)
                              c:/st/stm32cubeide_1.5.1/stm32cubeide/plugins/com.st.stm32cube.ide.mcu.externaltools.gnu-tools-for-stm32.7-2018-q2-update.win32_1.5.0.202011040924/tools/bin/../lib/gcc/arm-none-eabi/7.3.1/thumb/v7e-m/fpv4-sp/hard\libgcc.a(_aeabi_uldivmod.o) (__aeabi_ldiv0)

Allocating common symbols
Common symbol       size              file

TC_msg              0x8               Core/Src/GAS_CCTL.o
sFilterConfig       0x28              Core/Src/GAS_Can.o
gTask               0x4               Core/Src/GAS_Scheduler.o
ValueOfADC          0xa               Core/Src/GAS_Vadc.o
htim8               0x40              Core/Src/tim.o
canTxHeader         0x18              Core/Src/GAS_Can.o
hpcd_USB_OTG_HS     0x408             Core/Src/usb_otg.o
hcrc                0x8               Core/Src/crc.o
TC237               0x8               Core/Src/GAS_Can.o
TxMailBox           0x4               Core/Src/GAS_Can.o
pin_state           0x1               Core/Src/GAS_Scheduler.o
uwTick              0x4               Drivers/STM32F4xx_HAL_Driver/Src/stm32f4xx_hal.o
stm32               0x8               Core/Src/GAS_CCTL.o
pFlash              0x20              Drivers/STM32F4xx_HAL_Driver/Src/stm32f4xx_hal_flash.o
[...]
Memory Configuration

Name             Origin             Length             Attributes
CCMRAM           0x0000000010000000 0x0000000000010000 xrw
RAM              0x0000000020000000 0x0000000000020000 xrw
FLASH            0x0000000008000000 0x0000000000100000 xr
*default*        0x0000000000000000 0xffffffffffffffff

Linker script and memory map

LOAD c:/st/stm32cubeide_1.5.1/stm32cubeide/plugins/com.st.stm32cube.ide.mcu.externaltools.gnu-tools-for-stm32.7-2018-q2-update.win32_1.5.0.202011040924/tools/bin/../lib/gcc/arm-none-eabi/7.3.1/thumb/v7e-m/fpv4-sp/hard/crti.o
LOAD c:/st/stm32cubeide_1.5.1/stm32cubeide/plugins/com.st.stm32cube.ide.mcu.externaltools.gnu-tools-for-stm32.7-2018-q2-update.win32_1.5.0.202011040924/tools/bin/../lib/gcc/arm-none-eabi/7.3.1/thumb/v7e-m/fpv4-sp/hard/crtbegin.o
LOAD c:/st/stm32cubeide_1.5.1/stm32cubeide/plugins/com.st.stm32cube.ide.mcu.externaltools.gnu-tools-for-stm32.7-2018-q2-update.win32_1.5.0.202011040924/tools/bin/../lib/gcc/arm-none-eabi/7.3.1/../../../../arm-none-eabi/lib/thumb/v7e-m/fpv4-sp/hard/crt0.o
LOAD Core/Src/GAS_CCTL.o
LOAD Core/Src/GAS_Can.o
LOAD Core/Src/GAS_Scheduler.o
LOAD Core/Src/GAS_Vadc.o
LOAD Core/Src/adc.o
LOAD Core/Src/can.o
LOAD Core/Src/crc.o
LOAD Core/Src/dma.o
LOAD Core/Src/gpio.o
LOAD Core/Src/main.o
LOAD Core/Src/spi.o
LOAD Core/Src/stm32f4xx_hal_msp.o
LOAD Core/Src/stm32f4xx_it.o
LOAD Core/Src/syscalls.o
LOAD Core/Src/sysmem.o
LOAD Core/Src/system_stm32f4xx.o
LOAD Core/Src/tim.o
LOAD Core/Src/usb_otg.o
LOAD Core/Startup/startup_stm32f405rgtx.o
LOAD Drivers/STM32F4xx_HAL_Driver/Src/stm32f4xx_hal.o
LOAD Drivers/STM32F4xx_HAL_Driver/Src/stm32f4xx_hal_adc.o
LOAD Drivers/STM32F4xx_HAL_Driver/Src/stm32f4xx_hal_adc_ex.o
LOAD Drivers/STM32F4xx_HAL_Driver/Src/stm32f4xx_hal_can.o
LOAD Drivers/STM32F4xx_HAL_Driver/Src/stm32f4xx_hal_cortex.o
LOAD Drivers/STM32F4xx_HAL_Driver/Src/stm32f4xx_hal_crc.o
LOAD Drivers/STM32F4xx_HAL_Driver/Src/stm32f4xx_hal_dma.o
LOAD Drivers/STM32F4xx_HAL_Driver/Src/stm32f4xx_hal_dma_ex.o
LOAD Drivers/STM32F4xx_HAL_Driver/Src/stm32f4xx_hal_exti.o
LOAD Drivers/STM32F4xx_HAL_Driver/Src/stm32f4xx_hal_flash.o
LOAD Drivers/STM32F4xx_HAL_Driver/Src/stm32f4xx_hal_flash_ex.o
LOAD Drivers/STM32F4xx_HAL_Driver/Src/stm32f4xx_hal_flash_ramfunc.o
LOAD Drivers/STM32F4xx_HAL_Driver/Src/stm32f4xx_hal_gpio.o
LOAD Drivers/STM32F4xx_HAL_Driver/Src/stm32f4xx_hal_pcd.o
LOAD Drivers/STM32F4xx_HAL_Driver/Src/stm32f4xx_hal_pcd_ex.o
LOAD Drivers/STM32F4xx_HAL_Driver/Src/stm32f4xx_hal_pwr.o
LOAD Drivers/STM32F4xx_HAL_Driver/Src/stm32f4xx_hal_pwr_ex.o
LOAD Drivers/STM32F4xx_HAL_Driver/Src/stm32f4xx_hal_rcc.o
LOAD Drivers/STM32F4xx_HAL_Driver/Src/stm32f4xx_hal_rcc_ex.o
LOAD Drivers/STM32F4xx_HAL_Driver/Src/stm32f4xx_hal_spi.o
LOAD Drivers/STM32F4xx_HAL_Driver/Src/stm32f4xx_hal_tim.o
LOAD Drivers/STM32F4xx_HAL_Driver/Src/stm32f4xx_hal_tim_ex.o
LOAD Drivers/STM32F4xx_HAL_Driver/Src/stm32f4xx_ll_usb.o
START GROUP
LOAD c:/st/stm32cubeide_1.5.1/stm32cubeide/plugins/com.st.stm32cube.ide.mcu.externaltools.gnu-tools-for-stm32.7-2018-q2-update.win32_1.5.0.202011040924/tools/bin/../lib/gcc/arm-none-eabi/7.3.1/../../../../arm-none-eabi/lib/thumb/v7e-m/fpv4-sp/hard\libc_nano.a
LOAD c:/st/stm32cubeide_1.5.1/stm32cubeide/plugins/com.st.stm32cube.ide.mcu.externaltools.gnu-tools-for-stm32.7-2018-q2-update.win32_1.5.0.202011040924/tools/bin/../lib/gcc/arm-none-eabi/7.3.1/../../../../arm-none-eabi/lib/thumb/v7e-m/fpv4-sp/hard\libm.a
END GROUP
START GROUP
LOAD c:/st/stm32cubeide_1.5.1/stm32cubeide/plugins/com.st.stm32cube.ide.mcu.externaltools.gnu-tools-for-stm32.7-2018-q2-update.win32_1.5.0.202011040924/tools/bin/../lib/gcc/arm-none-eabi/7.3.1/thumb/v7e-m/fpv4-sp/hard\libgcc.a
LOAD c:/st/stm32cubeide_1.5.1/stm32cubeide/plugins/com.st.stm32cube.ide.mcu.externaltools.gnu-tools-for-stm32.7-2018-q2-update.win32_1.5.0.202011040924/tools/bin/../lib/gcc/arm-none-eabi/7.3.1/../../../../arm-none-eabi/lib/thumb/v7e-m/fpv4-sp/hard\libc_nano.a
END GROUP
START GROUP
LOAD c:/st/stm32cubeide_1.5.1/stm32cubeide/plugins/com.st.stm32cube.ide.mcu.externaltools.gnu-tools-for-stm32.7-2018-q2-update.win32_1.5.0.202011040924/tools/bin/../lib/gcc/arm-none-eabi/7.3.1/thumb/v7e-m/fpv4-sp/hard\libgcc.a
LOAD c:/st/stm32cubeide_1.5.1/stm32cubeide/plugins/com.st.stm32cube.ide.mcu.externaltools.gnu-tools-for-stm32.7-2018-q2-update.win32_1.5.0.202011040924/tools/bin/../lib/gcc/arm-none-eabi/7.3.1/../../../../arm-none-eabi/lib/thumb/v7e-m/fpv4-sp/hard\libc_nano.a
LOAD c:/st/stm32cubeide_1.5.1/stm32cubeide/plugins/com.st.stm32cube.ide.mcu.externaltools.gnu-tools-for-stm32.7-2018-q2-update.win32_1.5.0.202011040924/tools/bin/../lib/gcc/arm-none-eabi/7.3.1/../../../../arm-none-eabi/lib/thumb/v7e-m/fpv4-sp/hard\libnosys.a
END GROUP
START GROUP
LOAD c:/st/stm32cubeide_1.5.1/stm32cubeide/plugins/com.st.stm32cube.ide.mcu.externaltools.gnu-tools-for-stm32.7-2018-q2-update.win32_1.5.0.202011040924/tools/bin/../lib/gcc/arm-none-eabi/7.3.1/thumb/v7e-m/fpv4-sp/hard\libgcc.a
LOAD c:/st/stm32cubeide_1.5.1/stm32cubeide/plugins/com.st.stm32cube.ide.mcu.externaltools.gnu-tools-for-stm32.7-2018-q2-update.win32_1.5.0.202011040924/tools/bin/../lib/gcc/arm-none-eabi/7.3.1/../../../../arm-none-eabi/lib/thumb/v7e-m/fpv4-sp/hard\libc_nano.a
LOAD c:/st/stm32cubeide_1.5.1/stm32cubeide/plugins/com.st.stm32cube.ide.mcu.externaltools.gnu-tools-for-stm32.7-2018-q2-update.win32_1.5.0.202011040924/tools/bin/../lib/gcc/arm-none-eabi/7.3.1/../../../../arm-none-eabi/lib/thumb/v7e-m/fpv4-sp/hard\libnosys.a
END GROUP
LOAD c:/st/stm32cubeide_1.5.1/stm32cubeide/plugins/com.st.stm32cube.ide.mcu.externaltools.gnu-tools-for-stm32.7-2018-q2-update.win32_1.5.0.202011040924/tools/bin/../lib/gcc/arm-none-eabi/7.3.1/thumb/v7e-m/fpv4-sp/hard/crtend.o
LOAD c:/st/stm32cubeide_1.5.1/stm32cubeide/plugins/com.st.stm32cube.ide.mcu.externaltools.gnu-tools-for-stm32.7-2018-q2-update.win32_1.5.0.202011040924/tools/bin/../lib/gcc/arm-none-eabi/7.3.1/thumb/v7e-m/fpv4-sp/hard/crtn.o
                0x0000000020020000                _estack = (ORIGIN (RAM) + LENGTH (RAM))
                0x0000000000000200                _Min_Heap_Size = 0x200
                0x0000000000000400                _Min_Stack_Size = 0x400

.isr_vector     0x0000000008000000      0x188
                0x0000000008000000                . = ALIGN (0x4)
 *(.isr_vector)
 .isr_vector    0x0000000008000000      0x188 Core/Startup/startup_stm32f405rgtx.o
                0x0000000008000000                g_pfnVectors
                0x0000000008000188                . = ALIGN (0x4)

.text           0x0000000008000188     0x4b30
                0x0000000008000188                . = ALIGN (0x4)
 *(.text)
 .text          0x0000000008000188       0x40 c:/st/stm32cubeide_1.5.1/stm32cubeide/plugins/com.st.stm32cube.ide.mcu.externaltools.gnu-tools-for-stm32.7-2018-q2-update.win32_1.5.0.202011040924/tools/bin/../lib/gcc/arm-none-eabi/7.3.1/thumb/v7e-m/fpv4-sp/hard/crtbegin.o
 .text          0x00000000080001c8       0x30 c:/st/stm32cubeide_1.5.1/stm32cubeide/plugins/com.st.stm32cube.ide.mcu.externaltools.gnu-tools-for-stm32.7-2018-q2-update.win32_1.5.0.202011040924/tools/bin/../lib/gcc/arm-none-eabi/7.3.1/thumb/v7e-m/fpv4-sp/hard\libgcc.a(_aeabi_uldivmod.o)
                0x00000000080001c8                __aeabi_uldivmod
 .text          0x00000000080001f8      0x2cc c:/st/stm32cubeide_1.5.1/stm32cubeide/plugins/com.st.stm32cube.ide.mcu.externaltools.gnu-tools-for-stm32.7-2018-q2-update.win32_1.5.0.202011040924/tools/bin/../lib/gcc/arm-none-eabi/7.3.1/thumb/v7e-m/fpv4-sp/hard\libgcc.a(_udivmoddi4.o)
                0x00000000080001f8                __udivmoddi4
 .text          0x00000000080004c4        0x4 c:/st/stm32cubeide_1.5.1/stm32cubeide/plugins/com.st.stm32cube.ide.mcu.externaltools.gnu-tools-for-stm32.7-2018-q2-update.win32_1.5.0.202011040924/tools/bin/../lib/gcc/arm-none-eabi/7.3.1/thumb/v7e-m/fpv4-sp/hard\libgcc.a(_dvmd_tls.o)
                0x00000000080004c4                __aeabi_idiv0
                0x00000000080004c4                __aeabi_ldiv0
 *(.text*)
 .text.GAS_CCTL_outputInit
                0x00000000080004c8       0x38 Core/Src/GAS_CCTL.o
                0x00000000080004c8                GAS_CCTL_outputInit
 .text.GAS_Can_txSetting
                0x0000000008000500       0x34 Core/Src/GAS_Can.o
                0x0000000008000500                GAS_Can_txSetting
 .text.GAS_Can_rxSetting
                0x0000000008000534       0x78 Core/Src/GAS_Can.o
                0x0000000008000534                GAS_Can_rxSetting
 .text.GAS_Can_init
                0x00000000080005ac       0x40 Core/Src/GAS_Can.o
                0x00000000080005ac                GAS_Can_init
 .text.__NVIC_SetPriority
                0x00000000080005ec       0x54 Core/Src/GAS_Scheduler.o
 .text.SysTick_Config
                0x0000000008000640       0x44 Core/Src/GAS_Scheduler.o
 .text.GAS_Scheduler_init
                0x0000000008000684       0x30 Core/Src/GAS_Scheduler.o
                0x0000000008000684                GAS_Scheduler_init
 .text.GAS_Vadc_init
                0x00000000080006b4       0x2c Core/Src/GAS_Vadc.o
                0x00000000080006b4                GAS_Vadc_init
 .text.MX_ADC1_Init
                0x00000000080006e0      0x14c Core/Src/adc.o
                0x00000000080006e0                MX_ADC1_Init
 .text.HAL_ADC_MspInit
                0x000000000800082c      0x128 Core/Src/adc.o
                0x000000000800082c                HAL_ADC_MspInit
 .text.MX_CAN2_Init
                0x0000000008000954       0x6c Core/Src/can.o
                0x0000000008000954                MX_CAN2_Init
 .text.HAL_CAN_MspInit
                0x00000000080009c0       0xac Core/Src/can.o
                0x00000000080009c0                HAL_CAN_MspInit
 .text.MX_CRC_Init
                0x0000000008000a6c       0x28 Core/Src/crc.o
                0x0000000008000a6c                MX_CRC_Init
 .text.HAL_CRC_MspInit
                0x0000000008000a94       0x44 Core/Src/crc.o
                0x0000000008000a94                HAL_CRC_MspInit
 .text.MX_DMA_Init
                0x0000000008000ad8       0x40 Core/Src/dma.o
                0x0000000008000ad8                MX_DMA_Init
 .text.MX_GPIO_Init
                0x0000000008000b18      0x108 Core/Src/gpio.o
                0x0000000008000b18                MX_GPIO_Init
 .text.main     0x0000000008000c20       0x3a Core/Src/main.o
                0x0000000008000c20                main
 *fill*         0x0000000008000c5a        0x2 
 .text.SystemClock_Config
                0x0000000008000c5c       0xd8 Core/Src/main.o
                0x0000000008000c5c                SystemClock_Config
 .text.Error_Handler
                0x0000000008000d34       0x18 Core/Src/main.o
                0x0000000008000d34                Error_Handler
 .text.MX_SPI3_Init
                0x0000000008000d4c       0x6c Core/Src/spi.o
                0x0000000008000d4c                MX_SPI3_Init
 .text.HAL_SPI_MspInit
                0x0000000008000db8       0xd4 Core/Src/spi.o
                0x0000000008000db8                HAL_SPI_MspInit
 .text.HAL_MspInit
                0x0000000008000e8c       0x50 Core/Src/stm32f4xx_hal_msp.o
                0x0000000008000e8c                HAL_MspInit
 .text.NMI_Handler
                0x0000000008000edc        0xa Core/Src/stm32f4xx_it.o
                0x0000000008000edc                NMI_Handler
 .text.HardFault_Handler
                0x0000000008000ee6        0x6 Core/Src/stm32f4xx_it.o
                0x0000000008000ee6                HardFault_Handler
 .text.MemManage_Handler
                0x0000000008000eec        0x6 Core/Src/stm32f4xx_it.o
                0x0000000008000eec                MemManage_Handler
 .text.BusFault_Handler
                0x0000000008000ef2        0x6 Core/Src/stm32f4xx_it.o
                0x0000000008000ef2                BusFault_Handler
 .text.UsageFault_Handler
                0x0000000008000ef8        0x6 Core/Src/stm32f4xx_it.o
                0x0000000008000ef8                UsageFault_Handler
 .text.SVC_Handler
                0x0000000008000efe        0xe Core/Src/stm32f4xx_it.o
                0x0000000008000efe                SVC_Handler
 .text.DebugMon_Handler
                0x0000000008000f0c        0xe Core/Src/stm32f4xx_it.o
                0x0000000008000f0c                DebugMon_Handler
 .text.PendSV_Handler
                0x0000000008000f1a        0xe Core/Src/stm32f4xx_it.o
                0x0000000008000f1a                PendSV_Handler
 .text.SysTick_Handler
                0x0000000008000f28        0xc Core/Src/stm32f4xx_it.o
                0x0000000008000f28                SysTick_Handler
 .text.DMA2_Stream0_IRQHandler
                0x0000000008000f34       0x14 Core/Src/stm32f4xx_it.o
                0x0000000008000f34                DMA2_Stream0_IRQHandler
 .text.SystemInit
                0x0000000008000f48       0x2c Core/Src/system_stm32f4xx.o
                0x0000000008000f48                SystemInit
 .text.MX_TIM1_Init
                0x0000000008000f74      0x104 Core/Src/tim.o
                0x0000000008000f74                MX_TIM1_Init
 .text.MX_TIM5_Init
                0x0000000008001078       0xa0 Core/Src/tim.o
                0x0000000008001078                MX_TIM5_Init
 .text.MX_TIM8_Init
                0x0000000008001118      0x150 Core/Src/tim.o
                0x0000000008001118                MX_TIM8_Init
 .text.HAL_TIM_PWM_MspInit
                0x0000000008001268       0x70 Core/Src/tim.o
                0x0000000008001268                HAL_TIM_PWM_MspInit
 .text.HAL_TIM_Base_MspInit
                0x00000000080012d8       0x44 Core/Src/tim.o
                0x00000000080012d8                HAL_TIM_Base_MspInit
 .text.HAL_TIM_MspPostInit
                0x000000000800131c       0xc8 Core/Src/tim.o
                0x000000000800131c                HAL_TIM_MspPostInit
 .text.MX_USB_OTG_HS_PCD_Init
                0x00000000080013e4       0x64 Core/Src/usb_otg.o
                0x00000000080013e4                MX_USB_OTG_HS_PCD_Init
 .text.HAL_PCD_MspInit
                0x0000000008001448       0x90 Core/Src/usb_otg.o
                0x0000000008001448                HAL_PCD_MspInit
 .text.Reset_Handler
                0x00000000080014d8       0x50 Core/Startup/startup_stm32f405rgtx.o
                0x00000000080014d8                Reset_Handler
 .text.Default_Handler
                0x0000000008001528        0x2 Core/Startup/startup_stm32f405rgtx.o
                0x0000000008001528                RTC_Alarm_IRQHandler
                0x0000000008001528                HASH_RNG_IRQHandler
                0x0000000008001528                EXTI2_IRQHandler
                0x0000000008001528                TIM8_CC_IRQHandler
                0x0000000008001528                TIM1_CC_IRQHandler
                0x0000000008001528                DMA2_Stream5_IRQHandler
                0x0000000008001528                DMA1_Stream5_IRQHandler
                0x0000000008001528                PVD_IRQHandler
                0x0000000008001528                SDIO_IRQHandler
                0x0000000008001528                TAMP_STAMP_IRQHandler
                0x0000000008001528                CAN2_RX1_IRQHandler
                0x0000000008001528                EXTI3_IRQHandler
                0x0000000008001528                TIM8_TRG_COM_TIM14_IRQHandler
                0x0000000008001528                TIM1_UP_TIM10_IRQHandler
                0x0000000008001528                TIM8_UP_TIM13_IRQHandler
                0x0000000008001528                I2C3_ER_IRQHandler
                0x0000000008001528                EXTI0_IRQHandler
                0x0000000008001528                I2C2_EV_IRQHandler
                0x0000000008001528                DMA1_Stream2_IRQHandler
                0x0000000008001528                CAN1_RX0_IRQHandler
                0x0000000008001528                FPU_IRQHandler
                0x0000000008001528                OTG_HS_WKUP_IRQHandler
                0x0000000008001528                CAN2_SCE_IRQHandler
                0x0000000008001528                DMA2_Stream2_IRQHandler
                0x0000000008001528                SPI1_IRQHandler
                0x0000000008001528                TIM6_DAC_IRQHandler
                0x0000000008001528                TIM1_BRK_TIM9_IRQHandler
                0x0000000008001528                CAN2_RX0_IRQHandler
                0x0000000008001528                DMA2_Stream3_IRQHandler
                0x0000000008001528                USART6_IRQHandler
                0x0000000008001528                USART3_IRQHandler
                0x0000000008001528                CAN1_RX1_IRQHandler
                0x0000000008001528                UART5_IRQHandler
                0x0000000008001528                TIM4_IRQHandler
                0x0000000008001528                I2C1_EV_IRQHandler
                0x0000000008001528                DMA1_Stream6_IRQHandler
                0x0000000008001528                DMA1_Stream1_IRQHandler
                0x0000000008001528                UART4_IRQHandler
                0x0000000008001528                TIM3_IRQHandler
                0x0000000008001528                RCC_IRQHandler
                0x0000000008001528                TIM8_BRK_TIM12_IRQHandler
                0x0000000008001528                Default_Handler
                0x0000000008001528                EXTI15_10_IRQHandler
                0x0000000008001528                ADC_IRQHandler
                0x0000000008001528                DMA1_Stream7_IRQHandler
                0x0000000008001528                TIM7_IRQHandler
                0x0000000008001528                CAN2_TX_IRQHandler
                0x0000000008001528                TIM5_IRQHandler
                0x0000000008001528                DMA2_Stream7_IRQHandler
                0x0000000008001528                I2C3_EV_IRQHandler
                0x0000000008001528                EXTI9_5_IRQHandler
                0x0000000008001528                RTC_WKUP_IRQHandler
                0x0000000008001528                SPI2_IRQHandler
                0x0000000008001528                OTG_HS_EP1_IN_IRQHandler
                0x0000000008001528                DMA1_Stream0_IRQHandler
                0x0000000008001528                CAN1_TX_IRQHandler
                0x0000000008001528                EXTI4_IRQHandler
                0x0000000008001528                FSMC_IRQHandler
                0x0000000008001528                OTG_HS_EP1_OUT_IRQHandler
                0x0000000008001528                WWDG_IRQHandler
                0x0000000008001528                TIM2_IRQHandler
                0x0000000008001528                OTG_FS_WKUP_IRQHandler
                0x0000000008001528                TIM1_TRG_COM_TIM11_IRQHandler
                0x0000000008001528                OTG_HS_IRQHandler
                0x0000000008001528                EXTI1_IRQHandler
                0x0000000008001528                USART2_IRQHandler
                0x0000000008001528                I2C2_ER_IRQHandler
                0x0000000008001528                DMA2_Stream1_IRQHandler
                0x0000000008001528                CAN1_SCE_IRQHandler
                0x0000000008001528                FLASH_IRQHandler
                0x0000000008001528                DMA2_Stream4_IRQHandler
                0x0000000008001528                USART1_IRQHandler
                0x0000000008001528                OTG_FS_IRQHandler
                0x0000000008001528                SPI3_IRQHandler
                0x0000000008001528                DMA1_Stream4_IRQHandler
                0x0000000008001528                I2C1_ER_IRQHandler
                0x0000000008001528                DMA2_Stream6_IRQHandler
                0x0000000008001528                DMA1_Stream3_IRQHandler
 *fill*         0x000000000800152a        0x2 
 .text.HAL_Init
                0x000000000800152c       0x44 Drivers/STM32F4xx_HAL_Driver/Src/stm32f4xx_hal.o
                0x000000000800152c                HAL_Init
 .text.HAL_InitTick
                0x0000000008001570       0x60 Drivers/STM32F4xx_HAL_Driver/Src/stm32f4xx_hal.o
                0x0000000008001570                HAL_InitTick
 .text.HAL_IncTick
                0x00000000080015d0       0x28 Drivers/STM32F4xx_HAL_Driver/Src/stm32f4xx_hal.o
                0x00000000080015d0                HAL_IncTick
 .text.HAL_GetTick
                0x00000000080015f8       0x18 Drivers/STM32F4xx_HAL_Driver/Src/stm32f4xx_hal.o
                0x00000000080015f8                HAL_GetTick
 .text.HAL_Delay
                0x0000000008001610       0x44 Drivers/STM32F4xx_HAL_Driver/Src/stm32f4xx_hal.o
                0x0000000008001610                HAL_Delay
 .text.HAL_ADC_Init
                0x0000000008001654       0x86 Drivers/STM32F4xx_HAL_Driver/Src/stm32f4xx_hal_adc.o
                0x0000000008001654                HAL_ADC_Init
 *fill*         0x00000000080016da        0x2 
 .text.HAL_ADC_Start_DMA
                0x00000000080016dc      0x1e4 Drivers/STM32F4xx_HAL_Driver/Src/stm32f4xx_hal_adc.o
                0x00000000080016dc                HAL_ADC_Start_DMA
 .text.HAL_ADC_ConvCpltCallback
                0x00000000080018c0       0x14 Drivers/STM32F4xx_HAL_Driver/Src/stm32f4xx_hal_adc.o
                0x00000000080018c0                HAL_ADC_ConvCpltCallback
 .text.HAL_ADC_ConvHalfCpltCallback
                0x00000000080018d4       0x14 Drivers/STM32F4xx_HAL_Driver/Src/stm32f4xx_hal_adc.o
                0x00000000080018d4                HAL_ADC_ConvHalfCpltCallback
 .text.HAL_ADC_ErrorCallback
                0x00000000080018e8       0x14 Drivers/STM32F4xx_HAL_Driver/Src/stm32f4xx_hal_adc.o
                0x00000000080018e8                HAL_ADC_ErrorCallback
 .text.HAL_ADC_ConfigChannel
                0x00000000080018fc      0x244 Drivers/STM32F4xx_HAL_Driver/Src/stm32f4xx_hal_adc.o
                0x00000000080018fc                HAL_ADC_ConfigChannel
 .text.ADC_Init
                0x0000000008001b40      0x1f8 Drivers/STM32F4xx_HAL_Driver/Src/stm32f4xx_hal_adc.o
 .text.ADC_DMAConvCplt
                0x0000000008001d38       0xba Drivers/STM32F4xx_HAL_Driver/Src/stm32f4xx_hal_adc.o
 .text.ADC_DMAHalfConvCplt
                0x0000000008001df2       0x1c Drivers/STM32F4xx_HAL_Driver/Src/stm32f4xx_hal_adc.o
 .text.ADC_DMAError
                0x0000000008001e0e       0x2e Drivers/STM32F4xx_HAL_Driver/Src/stm32f4xx_hal_adc.o
 .text.HAL_CAN_Init
                0x0000000008001e3c      0x1f6 Drivers/STM32F4xx_HAL_Driver/Src/stm32f4xx_hal_can.o
                0x0000000008001e3c                HAL_CAN_Init
 *fill*         0x0000000008002032        0x2 
 .text.HAL_CAN_ConfigFilter
                0x0000000008002034      0x1c0 Drivers/STM32F4xx_HAL_Driver/Src/stm32f4xx_hal_can.o
                0x0000000008002034                HAL_CAN_ConfigFilter
 .text.HAL_CAN_Start
                0x00000000080021f4       0x88 Drivers/STM32F4xx_HAL_Driver/Src/stm32f4xx_hal_can.o
                0x00000000080021f4                HAL_CAN_Start
 .text.HAL_CAN_ActivateNotification
                0x000000000800227c       0x4c Drivers/STM32F4xx_HAL_Driver/Src/stm32f4xx_hal_can.o
                0x000000000800227c                HAL_CAN_ActivateNotification
 .text.__NVIC_SetPriorityGrouping
                0x00000000080022c8       0x48 Drivers/STM32F4xx_HAL_Driver/Src/stm32f4xx_hal_cortex.o
 .text.__NVIC_GetPriorityGrouping
                0x0000000008002310       0x1c Drivers/STM32F4xx_HAL_Driver/Src/stm32f4xx_hal_cortex.o
 .text.__NVIC_EnableIRQ
                0x000000000800232c       0x3c Drivers/STM32F4xx_HAL_Driver/Src/stm32f4xx_hal_cortex.o
 .text.__NVIC_SetPriority
                0x0000000008002368       0x54 Drivers/STM32F4xx_HAL_Driver/Src/stm32f4xx_hal_cortex.o
 .text.NVIC_EncodePriority
                0x00000000080023bc       0x66 Drivers/STM32F4xx_HAL_Driver/Src/stm32f4xx_hal_cortex.o
 *fill*         0x0000000008002422        0x2 
 .text.SysTick_Config
                0x0000000008002424       0x44 Drivers/STM32F4xx_HAL_Driver/Src/stm32f4xx_hal_cortex.o
 .text.HAL_NVIC_SetPriorityGrouping
                0x0000000008002468       0x16 Drivers/STM32F4xx_HAL_Driver/Src/stm32f4xx_hal_cortex.o
                0x0000000008002468                HAL_NVIC_SetPriorityGrouping
 .text.HAL_NVIC_SetPriority
                0x000000000800247e       0x38 Drivers/STM32F4xx_HAL_Driver/Src/stm32f4xx_hal_cortex.o
                0x000000000800247e                HAL_NVIC_SetPriority
 .text.HAL_NVIC_EnableIRQ
                0x00000000080024b6       0x1c Drivers/STM32F4xx_HAL_Driver/Src/stm32f4xx_hal_cortex.o
                0x00000000080024b6                HAL_NVIC_EnableIRQ
 .text.HAL_SYSTICK_Config
                0x00000000080024d2       0x18 Drivers/STM32F4xx_HAL_Driver/Src/stm32f4xx_hal_cortex.o
                0x00000000080024d2                HAL_SYSTICK_Config
 .text.HAL_CRC_Init
                0x00000000080024ea       0x38 Drivers/STM32F4xx_HAL_Driver/Src/stm32f4xx_hal_crc.o
                0x00000000080024ea                HAL_CRC_Init
 *fill*         0x0000000008002522        0x2 
 .text.HAL_DMA_Init
                0x0000000008002524      0x15c Drivers/STM32F4xx_HAL_Driver/Src/stm32f4xx_hal_dma.o
                0x0000000008002524                HAL_DMA_Init
 .text.HAL_DMA_Start_IT
                0x0000000008002680       0xb0 Drivers/STM32F4xx_HAL_Driver/Src/stm32f4xx_hal_dma.o
                0x0000000008002680                HAL_DMA_Start_IT
 .text.HAL_DMA_IRQHandler
                0x0000000008002730      0x314 Drivers/STM32F4xx_HAL_Driver/Src/stm32f4xx_hal_dma.o
                0x0000000008002730                HAL_DMA_IRQHandler
 .text.DMA_SetConfig
                0x0000000008002a44       0x5c Drivers/STM32F4xx_HAL_Driver/Src/stm32f4xx_hal_dma.o
 .text.DMA_CalcBaseAndBitshift
                0x0000000008002aa0       0x6c Drivers/STM32F4xx_HAL_Driver/Src/stm32f4xx_hal_dma.o
 .text.DMA_CheckFifoParam
                0x0000000008002b0c       0xf4 Drivers/STM32F4xx_HAL_Driver/Src/stm32f4xx_hal_dma.o
 .text.HAL_GPIO_Init
                0x0000000008002c00      0x334 Drivers/STM32F4xx_HAL_Driver/Src/stm32f4xx_hal_gpio.o
                0x0000000008002c00                HAL_GPIO_Init
 .text.HAL_GPIO_WritePin
                0x0000000008002f34       0x32 Drivers/STM32F4xx_HAL_Driver/Src/stm32f4xx_hal_gpio.o
                0x0000000008002f34                HAL_GPIO_WritePin
 .text.HAL_PCD_Init
                0x0000000008002f66      0x23a Drivers/STM32F4xx_HAL_Driver/Src/stm32f4xx_hal_pcd.o
                0x0000000008002f66                HAL_PCD_Init
 .text.HAL_RCC_OscConfig
                0x00000000080031a0      0x4e0 Drivers/STM32F4xx_HAL_Driver/Src/stm32f4xx_hal_rcc.o
                0x00000000080031a0                HAL_RCC_OscConfig
 .text.HAL_RCC_ClockConfig
                0x0000000008003680      0x1cc Drivers/STM32F4xx_HAL_Driver/Src/stm32f4xx_hal_rcc.o
                0x0000000008003680                HAL_RCC_ClockConfig
 .text.HAL_RCC_EnableCSS
                0x000000000800384c       0x18 Drivers/STM32F4xx_HAL_Driver/Src/stm32f4xx_hal_rcc.o
                0x000000000800384c                HAL_RCC_EnableCSS
 .text.HAL_RCC_GetSysClockFreq
                0x0000000008003864      0x1b0 Drivers/STM32F4xx_HAL_Driver/Src/stm32f4xx_hal_rcc.o
                0x0000000008003864                HAL_RCC_GetSysClockFreq
 .text.HAL_RCC_NMI_IRQHandler
                0x0000000008003a14       0x28 Drivers/STM32F4xx_HAL_Driver/Src/stm32f4xx_hal_rcc.o
                0x0000000008003a14                HAL_RCC_NMI_IRQHandler
 .text.HAL_RCC_CSSCallback
                0x0000000008003a3c        0xe Drivers/STM32F4xx_HAL_Driver/Src/stm32f4xx_hal_rcc.o
                0x0000000008003a3c                HAL_RCC_CSSCallback
 .text.HAL_SPI_Init
                0x0000000008003a4a       0xc8 Drivers/STM32F4xx_HAL_Driver/Src/stm32f4xx_hal_spi.o
                0x0000000008003a4a                HAL_SPI_Init
 .text.HAL_TIM_Base_Init
                0x0000000008003b12       0x56 Drivers/STM32F4xx_HAL_Driver/Src/stm32f4xx_hal_tim.o
                0x0000000008003b12                HAL_TIM_Base_Init
 .text.HAL_TIM_PWM_Init
                0x0000000008003b68       0x56 Drivers/STM32F4xx_HAL_Driver/Src/stm32f4xx_hal_tim.o
                0x0000000008003b68                HAL_TIM_PWM_Init
 *fill*         0x0000000008003bbe        0x2 
 .text.HAL_TIM_PWM_Start
                0x0000000008003bc0       0x7c Drivers/STM32F4xx_HAL_Driver/Src/stm32f4xx_hal_tim.o
                0x0000000008003bc0                HAL_TIM_PWM_Start
 .text.HAL_TIM_PWM_ConfigChannel
                0x0000000008003c3c      0x18c Drivers/STM32F4xx_HAL_Driver/Src/stm32f4xx_hal_tim.o
                0x0000000008003c3c                HAL_TIM_PWM_ConfigChannel
 .text.HAL_TIM_SlaveConfigSynchro
                0x0000000008003dc8       0x84 Drivers/STM32F4xx_HAL_Driver/Src/stm32f4xx_hal_tim.o
                0x0000000008003dc8                HAL_TIM_SlaveConfigSynchro
 .text.TIM_Base_SetConfig
                0x0000000008003e4c      0x140 Drivers/STM32F4xx_HAL_Driver/Src/stm32f4xx_hal_tim.o
                0x0000000008003e4c                TIM_Base_SetConfig
 .text.TIM_OC1_SetConfig
                0x0000000008003f8c       0xe0 Drivers/STM32F4xx_HAL_Driver/Src/stm32f4xx_hal_tim.o
 .text.TIM_OC2_SetConfig
                0x000000000800406c       0xec Drivers/STM32F4xx_HAL_Driver/Src/stm32f4xx_hal_tim.o
                0x000000000800406c                TIM_OC2_SetConfig
 .text.TIM_OC3_SetConfig
                0x0000000008004158       0xe8 Drivers/STM32F4xx_HAL_Driver/Src/stm32f4xx_hal_tim.o
 .text.TIM_OC4_SetConfig
                0x0000000008004240       0xac Drivers/STM32F4xx_HAL_Driver/Src/stm32f4xx_hal_tim.o
 .text.TIM_SlaveTimer_SetConfig
                0x00000000080042ec      0x10c Drivers/STM32F4xx_HAL_Driver/Src/stm32f4xx_hal_tim.o
 .text.TIM_TI1_ConfigInputStage
                0x00000000080043f8       0x5e Drivers/STM32F4xx_HAL_Driver/Src/stm32f4xx_hal_tim.o
 .text.TIM_TI2_ConfigInputStage
                0x0000000008004456       0x60 Drivers/STM32F4xx_HAL_Driver/Src/stm32f4xx_hal_tim.o
 .text.TIM_ETR_SetConfig
                0x00000000080044b6       0x40 Drivers/STM32F4xx_HAL_Driver/Src/stm32f4xx_hal_tim.o
                0x00000000080044b6                TIM_ETR_SetConfig
 .text.TIM_CCxChannelCmd
                0x00000000080044f6       0x4a Drivers/STM32F4xx_HAL_Driver/Src/stm32f4xx_hal_tim.o
                0x00000000080044f6                TIM_CCxChannelCmd
 .text.HAL_TIMEx_MasterConfigSynchronization
                0x0000000008004540       0xf8 Drivers/STM32F4xx_HAL_Driver/Src/stm32f4xx_hal_tim_ex.o
                0x0000000008004540                HAL_TIMEx_MasterConfigSynchronization
 .text.HAL_TIMEx_ConfigBreakDeadTime
                0x0000000008004638       0xa4 Drivers/STM32F4xx_HAL_Driver/Src/stm32f4xx_hal_tim_ex.o
                0x0000000008004638                HAL_TIMEx_ConfigBreakDeadTime
 .text.USB_CoreInit
                0x00000000080046dc       0xc2 Drivers/STM32F4xx_HAL_Driver/Src/stm32f4xx_ll_usb.o
                0x00000000080046dc                USB_CoreInit
 .text.USB_DisableGlobalInt
                0x000000000800479e       0x22 Drivers/STM32F4xx_HAL_Driver/Src/stm32f4xx_ll_usb.o
                0x000000000800479e                USB_DisableGlobalInt
 .text.USB_SetCurrentMode
                0x00000000080047c0       0x54 Drivers/STM32F4xx_HAL_Driver/Src/stm32f4xx_ll_usb.o
                0x00000000080047c0                USB_SetCurrentMode
 .text.USB_DevInit
                0x0000000008004814      0x2c8 Drivers/STM32F4xx_HAL_Driver/Src/stm32f4xx_ll_usb.o
                0x0000000008004814                USB_DevInit
 .text.USB_FlushTxFifo
                0x0000000008004adc       0x4c Drivers/STM32F4xx_HAL_Driver/Src/stm32f4xx_ll_usb.o
                0x0000000008004adc                USB_FlushTxFifo
 .text.USB_FlushRxFifo
                0x0000000008004b28       0x44 Drivers/STM32F4xx_HAL_Driver/Src/stm32f4xx_ll_usb.o
                0x0000000008004b28                USB_FlushRxFifo
 .text.USB_SetDevSpeed
                0x0000000008004b6c       0x32 Drivers/STM32F4xx_HAL_Driver/Src/stm32f4xx_ll_usb.o
                0x0000000008004b6c                USB_SetDevSpeed
 .text.USB_DevDisconnect
                0x0000000008004b9e       0x42 Drivers/STM32F4xx_HAL_Driver/Src/stm32f4xx_ll_usb.o
                0x0000000008004b9e                USB_DevDisconnect
 .text.USB_CoreReset
                0x0000000008004be0       0x68 Drivers/STM32F4xx_HAL_Driver/Src/stm32f4xx_ll_usb.o
 .text.__libc_init_array
                0x0000000008004c48       0x48 c:/st/stm32cubeide_1.5.1/stm32cubeide/plugins/com.st.stm32cube.ide.mcu.externaltools.gnu-tools-for-stm32.7-2018-q2-update.win32_1.5.0.202011040924/tools/bin/../lib/gcc/arm-none-eabi/7.3.1/../../../../arm-none-eabi/lib/thumb/v7e-m/fpv4-sp/hard\libc_nano.a(lib_a-init.o)
                0x0000000008004c48                __libc_init_array
 .text.memset   0x0000000008004c90       0x10 c:/st/stm32cubeide_1.5.1/stm32cubeide/plugins/com.st.stm32cube.ide.mcu.externaltools.gnu-tools-for-stm32.7-2018-q2-update.win32_1.5.0.202011040924/tools/bin/../lib/gcc/arm-none-eabi/7.3.1/../../../../arm-none-eabi/lib/thumb/v7e-m/fpv4-sp/hard\libc_nano.a(lib_a-memset.o)
                0x0000000008004c90                memset
 *(.glue_7)
 .glue_7        0x0000000008004ca0        0x0 linker stubs
 *(.glue_7t)
 .glue_7t       0x0000000008004ca0        0x0 linker stubs
 *(.eh_frame)
 .eh_frame      0x0000000008004ca0        0x0 c:/st/stm32cubeide_1.5.1/stm32cubeide/plugins/com.st.stm32cube.ide.mcu.externaltools.gnu-tools-for-stm32.7-2018-q2-update.win32_1.5.0.202011040924/tools/bin/../lib/gcc/arm-none-eabi/7.3.1/thumb/v7e-m/fpv4-sp/hard/crtbegin.o
 *(.init)
 .init          0x0000000008004ca0        0x4 c:/st/stm32cubeide_1.5.1/stm32cubeide/plugins/com.st.stm32cube.ide.mcu.externaltools.gnu-tools-for-stm32.7-2018-q2-update.win32_1.5.0.202011040924/tools/bin/../lib/gcc/arm-none-eabi/7.3.1/thumb/v7e-m/fpv4-sp/hard/crti.o
                0x0000000008004ca0                _init
 .init          0x0000000008004ca4        0x8 c:/st/stm32cubeide_1.5.1/stm32cubeide/plugins/com.st.stm32cube.ide.mcu.externaltools.gnu-tools-for-stm32.7-2018-q2-update.win32_1.5.0.202011040924/tools/bin/../lib/gcc/arm-none-eabi/7.3.1/thumb/v7e-m/fpv4-sp/hard/crtn.o
 *(.fini)
 .fini          0x0000000008004cac        0x4 c:/st/stm32cubeide_1.5.1/stm32cubeide/plugins/com.st.stm32cube.ide.mcu.externaltools.gnu-tools-for-stm32.7-2018-q2-update.win32_1.5.0.202011040924/tools/bin/../lib/gcc/arm-none-eabi/7.3.1/thumb/v7e-m/fpv4-sp/hard/crti.o
                0x0000000008004cac                _fini
 .fini          0x0000000008004cb0        0x8 c:/st/stm32cubeide_1.5.1/stm32cubeide/plugins/com.st.stm32cube.ide.mcu.externaltools.gnu-tools-for-stm32.7-2018-q2-update.win32_1.5.0.202011040924/tools/bin/../lib/gcc/arm-none-eabi/7.3.1/thumb/v7e-m/fpv4-sp/hard/crtn.o
                0x0000000008004cb8                . = ALIGN (0x4)
                0x0000000008004cb8                _etext = .

.vfp11_veneer   0x0000000008004cb8        0x0
 .vfp11_veneer  0x0000000008004cb8        0x0 linker stubs

.v4_bx          0x0000000008004cb8        0x0
 .v4_bx         0x0000000008004cb8        0x0 linker stubs

.iplt           0x0000000008004cb8        0x0
 .iplt          0x0000000008004cb8        0x0 c:/st/stm32cubeide_1.5.1/stm32cubeide/plugins/com.st.stm32cube.ide.mcu.externaltools.gnu-tools-for-stm32.7-2018-q2-update.win32_1.5.0.202011040924/tools/bin/../lib/gcc/arm-none-eabi/7.3.1/thumb/v7e-m/fpv4-sp/hard/crtbegin.o

.rodata         0x0000000008004cb8       0x18
                0x0000000008004cb8                . = ALIGN (0x4)
 *(.rodata)
 *(.rodata*)
 .rodata.AHBPrescTable
                0x0000000008004cb8       0x10 Core/Src/system_stm32f4xx.o
                0x0000000008004cb8                AHBPrescTable
 .rodata.flagBitshiftOffset.8687
                0x0000000008004cc8        0x8 Drivers/STM32F4xx_HAL_Driver/Src/stm32f4xx_hal_dma.o
                0x0000000008004cd0                . = ALIGN (0x4)

.ARM.extab      0x0000000008004cd0        0x0
                0x0000000008004cd0                . = ALIGN (0x4)
 *(.ARM.extab* .gnu.linkonce.armextab.*)
                0x0000000008004cd0                . = ALIGN (0x4)

.ARM            0x0000000008004cd0        0x8
                0x0000000008004cd0                . = ALIGN (0x4)
                0x0000000008004cd0                __exidx_start = .
 *(.ARM.exidx*)
 .ARM.exidx     0x0000000008004cd0        0x8 c:/st/stm32cubeide_1.5.1/stm32cubeide/plugins/com.st.stm32cube.ide.mcu.externaltools.gnu-tools-for-stm32.7-2018-q2-update.win32_1.5.0.202011040924/tools/bin/../lib/gcc/arm-none-eabi/7.3.1/thumb/v7e-m/fpv4-sp/hard\libgcc.a(_udivmoddi4.o)
                0x0000000008004cd8                __exidx_end = .
                0x0000000008004cd8                . = ALIGN (0x4)

.rel.dyn        0x0000000008004cd8        0x0
 .rel.iplt      0x0000000008004cd8        0x0 c:/st/stm32cubeide_1.5.1/stm32cubeide/plugins/com.st.stm32cube.ide.mcu.externaltools.gnu-tools-for-stm32.7-2018-q2-update.win32_1.5.0.202011040924/tools/bin/../lib/gcc/arm-none-eabi/7.3.1/thumb/v7e-m/fpv4-sp/hard/crtbegin.o

.preinit_array  0x0000000008004cd8        0x0
                0x0000000008004cd8                . = ALIGN (0x4)
                0x0000000008004cd8                PROVIDE (__preinit_array_start = .)
 *(.preinit_array*)
                0x0000000008004cd8                PROVIDE (__preinit_array_end = .)
                0x0000000008004cd8                . = ALIGN (0x4)

.init_array     0x0000000008004cd8        0x4
                0x0000000008004cd8                . = ALIGN (0x4)
                0x0000000008004cd8                PROVIDE (__init_array_start = .)
 *(SORT_BY_NAME(.init_array.*))
 *(.init_array*)
 .init_array    0x0000000008004cd8        0x4 c:/st/stm32cubeide_1.5.1/stm32cubeide/plugins/com.st.stm32cube.ide.mcu.externaltools.gnu-tools-for-stm32.7-2018-q2-update.win32_1.5.0.202011040924/tools/bin/../lib/gcc/arm-none-eabi/7.3.1/thumb/v7e-m/fpv4-sp/hard/crtbegin.o
                0x0000000008004cdc                PROVIDE (__init_array_end = .)
                0x0000000008004cdc                . = ALIGN (0x4)

.fini_array     0x0000000008004cdc        0x4
                0x0000000008004cdc                . = ALIGN (0x4)
                [!provide]                        PROVIDE (__fini_array_start = .)
 *(SORT_BY_NAME(.fini_array.*))
 *(.fini_array*)
 .fini_array    0x0000000008004cdc        0x4 c:/st/stm32cubeide_1.5.1/stm32cubeide/plugins/com.st.stm32cube.ide.mcu.externaltools.gnu-tools-for-stm32.7-2018-q2-update.win32_1.5.0.202011040924/tools/bin/../lib/gcc/arm-none-eabi/7.3.1/thumb/v7e-m/fpv4-sp/hard/crtbegin.o
                [!provide]                        PROVIDE (__fini_array_end = .)
                0x0000000008004ce0                . = ALIGN (0x4)
                0x0000000008004ce0                _sidata = LOADADDR (.data)

.data           0x0000000020000000       0x14 load address 0x0000000008004ce0
                0x0000000020000000                . = ALIGN (0x4)
                0x0000000020000000                _sdata = .
 *(.data)
 *(.data*)
 .data.STM32_ID
                0x0000000020000000        0x2 Core/Src/GAS_Can.o
                0x0000000020000000                STM32_ID
 .data.TC275_ID
                0x0000000020000002        0x2 Core/Src/GAS_Can.o
                0x0000000020000002                TC275_ID
 .data.NumberOfVadc
                0x0000000020000004        0x4 Core/Src/GAS_Vadc.o
                0x0000000020000004                NumberOfVadc
 .data.SystemCoreClock
                0x0000000020000008        0x4 Core/Src/system_stm32f4xx.o
                0x0000000020000008                SystemCoreClock
 .data.uwTickPrio
                0x000000002000000c        0x4 Drivers/STM32F4xx_HAL_Driver/Src/stm32f4xx_hal.o
                0x000000002000000c                uwTickPrio
 .data.uwTickFreq
                0x0000000020000010        0x1 Drivers/STM32F4xx_HAL_Driver/Src/stm32f4xx_hal.o
                0x0000000020000010                uwTickFreq
 *(.RamFunc)
 *(.RamFunc*)
                0x0000000020000014                . = ALIGN (0x4)
 *fill*         0x0000000020000011        0x3 
                0x0000000020000014                _edata = .

.igot.plt       0x0000000020000014        0x0 load address 0x0000000008004cf4
 .igot.plt      0x0000000020000014        0x0 c:/st/stm32cubeide_1.5.1/stm32cubeide/plugins/com.st.stm32cube.ide.mcu.externaltools.gnu-tools-for-stm32.7-2018-q2-update.win32_1.5.0.202011040924/tools/bin/../lib/gcc/arm-none-eabi/7.3.1/thumb/v7e-m/fpv4-sp/hard/crtbegin.o
                0x0000000020000014                . = ALIGN (0x4)

.bss            0x0000000020000014      0x6bc load address 0x0000000008004cf4
                0x0000000020000014                _sbss = .
                0x0000000020000014                __bss_start__ = _sbss
 *(.bss)
 .bss           0x0000000020000014       0x1c c:/st/stm32cubeide_1.5.1/stm32cubeide/plugins/com.st.stm32cube.ide.mcu.externaltools.gnu-tools-for-stm32.7-2018-q2-update.win32_1.5.0.202011040924/tools/bin/../lib/gcc/arm-none-eabi/7.3.1/thumb/v7e-m/fpv4-sp/hard/crtbegin.o
 *(.bss*)
 *(COMMON)
 COMMON         0x0000000020000030       0x98 Core/Src/GAS_Can.o
                0x0000000020000030                sFilterConfig
                0x0000000020000058                canTxHeader
                0x0000000020000070                TC237
                0x0000000020000078                TxMailBox
                0x000000002000007c                canRx0Data
                0x0000000020000084                canRxHeader
                0x00000000200000a0                sFilterConfig2
 COMMON         0x00000000200000c8        0xa Core/Src/GAS_Vadc.o
                0x00000000200000c8                ValueOfADC
 *fill*         0x00000000200000d2        0x2 
 COMMON         0x00000000200000d4       0xa8 Core/Src/adc.o
                0x00000000200000d4                hadc1
                0x000000002000011c                hdma_adc1
 COMMON         0x000000002000017c       0x28 Core/Src/can.o
                0x000000002000017c                hcan2
 COMMON         0x00000000200001a4        0x8 Core/Src/crc.o
                0x00000000200001a4                hcrc
 COMMON         0x00000000200001ac       0x58 Core/Src/spi.o
                0x00000000200001ac                hspi3
 COMMON         0x0000000020000204       0xc0 Core/Src/tim.o
                0x0000000020000204                htim8
                0x0000000020000244                htim5
                0x0000000020000284                htim1
 COMMON         0x00000000200002c4      0x408 Core/Src/usb_otg.o
                0x00000000200002c4                hpcd_USB_OTG_HS
 COMMON         0x00000000200006cc        0x4 Drivers/STM32F4xx_HAL_Driver/Src/stm32f4xx_hal.o
                0x00000000200006cc                uwTick
                0x00000000200006d0                . = ALIGN (0x4)
                0x00000000200006d0                _ebss = .
                0x00000000200006d0                __bss_end__ = _ebss

._user_heap_stack
                0x00000000200006d0      0x600 load address 0x0000000008004cf4
                0x00000000200006d0                . = ALIGN (0x8)
                [!provide]                        PROVIDE (end = .)
                0x00000000200006d0                PROVIDE (_end = .)
                0x00000000200008d0                . = (. + _Min_Heap_Size)
 *fill*         0x00000000200006d0      0x200 
                0x0000000020000cd0                . = (. + _Min_Stack_Size)
 *fill*         0x00000000200008d0      0x400 
                0x0000000020000cd0                . = ALIGN (0x8)

/DISCARD/
 libc.a(*)
 libm.a(*)
 libgcc.a(*)

.ARM.attributes
                0x0000000000000000       0x30
 *(.ARM.attributes)
 .ARM.attributes
                0x0000000000000000       0x22 c:/st/stm32cubeide_1.5.1/stm32cubeide/plugins/com.st.stm32cube.ide.mcu.externaltools.gnu-tools-for-stm32.7-2018-q2-update.win32_1.5.0.202011040924/tools/bin/../lib/gcc/arm-none-eabi/7.3.1/thumb/v7e-m/fpv4-sp/hard/crti.o
 .ARM.attributes
                0x0000000000000022       0x34 c:/st/stm32cubeide_1.5.1/stm32cubeide/plugins/com.st.stm32cube.ide.mcu.externaltools.gnu-tools-for-stm32.7-2018-q2-update.win32_1.5.0.202011040924/tools/bin/../lib/gcc/arm-none-eabi/7.3.1/thumb/v7e-m/fpv4-sp/hard/crtbegin.o
 .ARM.attributes
                0x0000000000000056       0x39 Core/Src/GAS_CCTL.o
 .ARM.attributes
                0x000000000000008f       0x39 Core/Src/GAS_Can.o
 .ARM.attributes
                0x00000000000000c8       0x39 Core/Src/GAS_Scheduler.o
 .ARM.attributes
                0x0000000000000101       0x39 Core/Src/GAS_Vadc.o
 .ARM.attributes
                0x000000000000013a       0x39 Core/Src/adc.o
 .ARM.attributes
                0x0000000000000173       0x39 Core/Src/can.o
 .ARM.attributes
                0x00000000000001ac       0x39 Core/Src/crc.o
 .ARM.attributes
                0x00000000000001e5       0x39 Core/Src/dma.o
 .ARM.attributes
                0x000000000000021e       0x39 Core/Src/gpio.o
 .ARM.attributes
                0x0000000000000257       0x39 Core/Src/main.o
 .ARM.attributes
                0x0000000000000290       0x39 Core/Src/spi.o
 .ARM.attributes
                0x00000000000002c9       0x39 Core/Src/stm32f4xx_hal_msp.o
 .ARM.attributes
                0x0000000000000302       0x39 Core/Src/stm32f4xx_it.o
 .ARM.attributes
                0x000000000000033b       0x39 Core/Src/system_stm32f4xx.o
 .ARM.attributes
                0x0000000000000374       0x39 Core/Src/tim.o
 .ARM.attributes
                0x00000000000003ad       0x39 Core/Src/usb_otg.o
 .ARM.attributes
                0x00000000000003e6       0x21 Core/Startup/startup_stm32f405rgtx.o
 .ARM.attributes
                0x0000000000000407       0x39 Drivers/STM32F4xx_HAL_Driver/Src/stm32f4xx_hal.o
 .ARM.attributes
                0x0000000000000440       0x39 Drivers/STM32F4xx_HAL_Driver/Src/stm32f4xx_hal_adc.o
 .ARM.attributes
                0x0000000000000479       0x39 Drivers/STM32F4xx_HAL_Driver/Src/stm32f4xx_hal_can.o
 .ARM.attributes
                0x00000000000004b2       0x39 Drivers/STM32F4xx_HAL_Driver/Src/stm32f4xx_hal_cortex.o
 .ARM.attributes
                0x00000000000004eb       0x39 Drivers/STM32F4xx_HAL_Driver/Src/stm32f4xx_hal_crc.o
 .ARM.attributes
                0x0000000000000524       0x39 Drivers/STM32F4xx_HAL_Driver/Src/stm32f4xx_hal_dma.o
 .ARM.attributes
                0x000000000000055d       0x39 Drivers/STM32F4xx_HAL_Driver/Src/stm32f4xx_hal_gpio.o
 .ARM.attributes
                0x0000000000000596       0x39 Drivers/STM32F4xx_HAL_Driver/Src/stm32f4xx_hal_pcd.o
 .ARM.attributes
                0x00000000000005cf       0x39 Drivers/STM32F4xx_HAL_Driver/Src/stm32f4xx_hal_rcc.o
 .ARM.attributes
                0x0000000000000608       0x39 Drivers/STM32F4xx_HAL_Driver/Src/stm32f4xx_hal_spi.o
 .ARM.attributes
                0x0000000000000641       0x39 Drivers/STM32F4xx_HAL_Driver/Src/stm32f4xx_hal_tim.o
 .ARM.attributes
                0x000000000000067a       0x39 Drivers/STM32F4xx_HAL_Driver/Src/stm32f4xx_hal_tim_ex.o
 .ARM.attributes
                0x00000000000006b3       0x39 Drivers/STM32F4xx_HAL_Driver/Src/stm32f4xx_ll_usb.o
 .ARM.attributes
                0x00000000000006ec       0x34 c:/st/stm32cubeide_1.5.1/stm32cubeide/plugins/com.st.stm32cube.ide.mcu.externaltools.gnu-tools-for-stm32.7-2018-q2-update.win32_1.5.0.202011040924/tools/bin/../lib/gcc/arm-none-eabi/7.3.1/../../../../arm-none-eabi/lib/thumb/v7e-m/fpv4-sp/hard\libc_nano.a(lib_a-init.o)
 .ARM.attributes
                0x0000000000000720       0x34 c:/st/stm32cubeide_1.5.1/stm32cubeide/plugins/com.st.stm32cube.ide.mcu.externaltools.gnu-tools-for-stm32.7-2018-q2-update.win32_1.5.0.202011040924/tools/bin/../lib/gcc/arm-none-eabi/7.3.1/../../../../arm-none-eabi/lib/thumb/v7e-m/fpv4-sp/hard\libc_nano.a(lib_a-memset.o)
 .ARM.attributes
                0x0000000000000754       0x22 c:/st/stm32cubeide_1.5.1/stm32cubeide/plugins/com.st.stm32cube.ide.mcu.externaltools.gnu-tools-for-stm32.7-2018-q2-update.win32_1.5.0.202011040924/tools/bin/../lib/gcc/arm-none-eabi/7.3.1/thumb/v7e-m/fpv4-sp/hard\libgcc.a(_aeabi_uldivmod.o)
 .ARM.attributes
                0x0000000000000776       0x34 c:/st/stm32cubeide_1.5.1/stm32cubeide/plugins/com.st.stm32cube.ide.mcu.externaltools.gnu-tools-for-stm32.7-2018-q2-update.win32_1.5.0.202011040924/tools/bin/../lib/gcc/arm-none-eabi/7.3.1/thumb/v7e-m/fpv4-sp/hard\libgcc.a(_udivmoddi4.o)
 .ARM.attributes
                0x00000000000007aa       0x22 c:/st/stm32cubeide_1.5.1/stm32cubeide/plugins/com.st.stm32cube.ide.mcu.externaltools.gnu-tools-for-stm32.7-2018-q2-update.win32_1.5.0.202011040924/tools/bin/../lib/gcc/arm-none-eabi/7.3.1/thumb/v7e-m/fpv4-sp/hard\libgcc.a(_dvmd_tls.o)
 .ARM.attributes
                0x00000000000007cc       0x22 c:/st/stm32cubeide_1.5.1/stm32cubeide/plugins/com.st.stm32cube.ide.mcu.externaltools.gnu-tools-for-stm32.7-2018-q2-update.win32_1.5.0.202011040924/tools/bin/../lib/gcc/arm-none-eabi/7.3.1/thumb/v7e-m/fpv4-sp/hard/crtn.o
OUTPUT(STM32F405R_Cooling_Control.elf elf32-littlearm)

.debug_info     0x0000000000000000    0x1912a
 .debug_info    0x0000000000000000     0x1805 Core/Src/GAS_CCTL.o
 .debug_info    0x0000000000001805     0x1696 Core/Src/GAS_Can.o
 .debug_info    0x0000000000002e9b     0x1e07 Core/Src/GAS_Scheduler.o
 .debug_info    0x0000000000004ca2     0x1490 Core/Src/GAS_Vadc.o
 .debug_info    0x0000000000006132      0xa0d Core/Src/adc.o
 .debug_info    0x0000000000006b3f      0x8b8 Core/Src/can.o
 .debug_info    0x00000000000073f7      0x4e0 Core/Src/crc.o
 .debug_info    0x00000000000078d7      0x558 Core/Src/dma.o
 .debug_info    0x0000000000007e2f      0x4c8 Core/Src/gpio.o
 .debug_info    0x00000000000082f7     0x17fc Core/Src/main.o
 .debug_info    0x0000000000009af3      0x9d3 Core/Src/spi.o
 .debug_info    0x000000000000a4c6      0x362 Core/Src/stm32f4xx_hal_msp.o
 .debug_info    0x000000000000a828      0x473 Core/Src/stm32f4xx_it.o
 .debug_info    0x000000000000ac9b      0x554 Core/Src/system_stm32f4xx.o
 .debug_info    0x000000000000b1ef      0xcb4 Core/Src/tim.o
 .debug_info    0x000000000000bea3      0x944 Core/Src/usb_otg.o
 .debug_info    0x000000000000c7e7       0x22 Core/Startup/startup_stm32f405rgtx.o
 .debug_info    0x000000000000c809      0x933 Drivers/STM32F4xx_HAL_Driver/Src/stm32f4xx_hal.o
 .debug_info    0x000000000000d13c      0xcee Drivers/STM32F4xx_HAL_Driver/Src/stm32f4xx_hal_adc.o
 .debug_info    0x000000000000de2a      0xfa7 Drivers/STM32F4xx_HAL_Driver/Src/stm32f4xx_hal_can.o
 .debug_info    0x000000000000edd1      0xe16 Drivers/STM32F4xx_HAL_Driver/Src/stm32f4xx_hal_cortex.o
 .debug_info    0x000000000000fbe7      0x441 Drivers/STM32F4xx_HAL_Driver/Src/stm32f4xx_hal_crc.o
 .debug_info    0x0000000000010028      0x968 Drivers/STM32F4xx_HAL_Driver/Src/stm32f4xx_hal_dma.o
 .debug_info    0x0000000000010990      0x7b5 Drivers/STM32F4xx_HAL_Driver/Src/stm32f4xx_hal_gpio.o
 .debug_info    0x0000000000011145     0x11ca Drivers/STM32F4xx_HAL_Driver/Src/stm32f4xx_hal_pcd.o
 .debug_info    0x000000000001230f      0x904 Drivers/STM32F4xx_HAL_Driver/Src/stm32f4xx_hal_rcc.o
 .debug_info    0x0000000000012c13     0x163a Drivers/STM32F4xx_HAL_Driver/Src/stm32f4xx_hal_spi.o
 .debug_info    0x000000000001424d     0x24a9 Drivers/STM32F4xx_HAL_Driver/Src/stm32f4xx_hal_tim.o
 .debug_info    0x00000000000166f6     0x1157 Drivers/STM32F4xx_HAL_Driver/Src/stm32f4xx_hal_tim_ex.o
 .debug_info    0x000000000001784d     0x18dd Drivers/STM32F4xx_HAL_Driver/Src/stm32f4xx_ll_usb.o

.debug_abbrev   0x0000000000000000     0x38b7
 .debug_abbrev  0x0000000000000000      0x2a3 Core/Src/GAS_CCTL.o
 .debug_abbrev  0x00000000000002a3      0x2ac Core/Src/GAS_Can.o
 .debug_abbrev  0x000000000000054f      0x30a Core/Src/GAS_Scheduler.o
 .debug_abbrev  0x0000000000000859      0x26d Core/Src/GAS_Vadc.o
 .debug_abbrev  0x0000000000000ac6      0x1aa Core/Src/adc.o
 .debug_abbrev  0x0000000000000c70      0x1ad Core/Src/can.o
 .debug_abbrev  0x0000000000000e1d      0x159 Core/Src/crc.o
 .debug_abbrev  0x0000000000000f76      0x107 Core/Src/dma.o
 .debug_abbrev  0x000000000000107d      0x134 Core/Src/gpio.o
 .debug_abbrev  0x00000000000011b1      0x20d Core/Src/main.o
 .debug_abbrev  0x00000000000013be      0x199 Core/Src/spi.o
 .debug_abbrev  0x0000000000001557      0x109 Core/Src/stm32f4xx_hal_msp.o
 .debug_abbrev  0x0000000000001660      0x149 Core/Src/stm32f4xx_it.o
 .debug_abbrev  0x00000000000017a9      0x12b Core/Src/system_stm32f4xx.o
 .debug_abbrev  0x00000000000018d4      0x1ed Core/Src/tim.o
 .debug_abbrev  0x0000000000001ac1      0x1b2 Core/Src/usb_otg.o
 .debug_abbrev  0x0000000000001c73       0x12 Core/Startup/startup_stm32f405rgtx.o
 .debug_abbrev  0x0000000000001c85      0x1c7 Drivers/STM32F4xx_HAL_Driver/Src/stm32f4xx_hal.o
 .debug_abbrev  0x0000000000001e4c      0x205 Drivers/STM32F4xx_HAL_Driver/Src/stm32f4xx_hal_adc.o
 .debug_abbrev  0x0000000000002051      0x21d Drivers/STM32F4xx_HAL_Driver/Src/stm32f4xx_hal_can.o
 .debug_abbrev  0x000000000000226e      0x2fa Drivers/STM32F4xx_HAL_Driver/Src/stm32f4xx_hal_cortex.o
 .debug_abbrev  0x0000000000002568      0x1b7 Drivers/STM32F4xx_HAL_Driver/Src/stm32f4xx_hal_crc.o
 .debug_abbrev  0x000000000000271f      0x229 Drivers/STM32F4xx_HAL_Driver/Src/stm32f4xx_hal_dma.o
 .debug_abbrev  0x0000000000002948      0x1c9 Drivers/STM32F4xx_HAL_Driver/Src/stm32f4xx_hal_gpio.o
 .debug_abbrev  0x0000000000002b11      0x266 Drivers/STM32F4xx_HAL_Driver/Src/stm32f4xx_hal_pcd.o
 .debug_abbrev  0x0000000000002d77      0x245 Drivers/STM32F4xx_HAL_Driver/Src/stm32f4xx_hal_rcc.o
 .debug_abbrev  0x0000000000002fbc      0x240 Drivers/STM32F4xx_HAL_Driver/Src/stm32f4xx_hal_spi.o
 .debug_abbrev  0x00000000000031fc      0x230 Drivers/STM32F4xx_HAL_Driver/Src/stm32f4xx_hal_tim.o
 .debug_abbrev  0x000000000000342c      0x21e Drivers/STM32F4xx_HAL_Driver/Src/stm32f4xx_hal_tim_ex.o
 .debug_abbrev  0x000000000000364a      0x26d Drivers/STM32F4xx_HAL_Driver/Src/stm32f4xx_ll_usb.o

.debug_aranges  0x0000000000000000     0x1310
 .debug_aranges
                0x0000000000000000       0x38 Core/Src/GAS_CCTL.o
 .debug_aranges
                0x0000000000000038       0x40 Core/Src/GAS_Can.o
 .debug_aranges
                0x0000000000000078       0x60 Core/Src/GAS_Scheduler.o
 .debug_aranges
                0x00000000000000d8       0x28 Core/Src/GAS_Vadc.o
 .debug_aranges
                0x0000000000000100       0x30 Core/Src/adc.o
 .debug_aranges
                0x0000000000000130       0x30 Core/Src/can.o
 .debug_aranges
                0x0000000000000160       0x30 Core/Src/crc.o
 .debug_aranges
                0x0000000000000190       0x20 Core/Src/dma.o
 .debug_aranges
                0x00000000000001b0       0x20 Core/Src/gpio.o
 .debug_aranges
                0x00000000000001d0       0x30 Core/Src/main.o
 .debug_aranges
                0x0000000000000200       0x30 Core/Src/spi.o
 .debug_aranges
                0x0000000000000230       0x20 Core/Src/stm32f4xx_hal_msp.o
 .debug_aranges
                0x0000000000000250       0x68 Core/Src/stm32f4xx_it.o
 .debug_aranges
                0x00000000000002b8       0x28 Core/Src/system_stm32f4xx.o
 .debug_aranges
                0x00000000000002e0       0x58 Core/Src/tim.o
 .debug_aranges
                0x0000000000000338       0x30 Core/Src/usb_otg.o
 .debug_aranges
                0x0000000000000368       0x28 Core/Startup/startup_stm32f405rgtx.o
 .debug_aranges
                0x0000000000000390       0xf0 Drivers/STM32F4xx_HAL_Driver/Src/stm32f4xx_hal.o
 .debug_aranges
                0x0000000000000480       0xe8 Drivers/STM32F4xx_HAL_Driver/Src/stm32f4xx_hal_adc.o
 .debug_aranges
                0x0000000000000568      0x138 Drivers/STM32F4xx_HAL_Driver/Src/stm32f4xx_hal_can.o
 .debug_aranges
                0x00000000000006a0      0x118 Drivers/STM32F4xx_HAL_Driver/Src/stm32f4xx_hal_cortex.o
 .debug_aranges
                0x00000000000007b8       0x50 Drivers/STM32F4xx_HAL_Driver/Src/stm32f4xx_hal_crc.o
 .debug_aranges
                0x0000000000000808       0x90 Drivers/STM32F4xx_HAL_Driver/Src/stm32f4xx_hal_dma.o
 .debug_aranges
                0x0000000000000898       0x58 Drivers/STM32F4xx_HAL_Driver/Src/stm32f4xx_hal_gpio.o
 .debug_aranges
                0x00000000000008f0      0x138 Drivers/STM32F4xx_HAL_Driver/Src/stm32f4xx_hal_pcd.o
 .debug_aranges
                0x0000000000000a28       0x88 Drivers/STM32F4xx_HAL_Driver/Src/stm32f4xx_hal_rcc.o
 .debug_aranges
                0x0000000000000ab0      0x1d0 Drivers/STM32F4xx_HAL_Driver/Src/stm32f4xx_hal_spi.o
 .debug_aranges
                0x0000000000000c80      0x3a8 Drivers/STM32F4xx_HAL_Driver/Src/stm32f4xx_hal_tim.o
 .debug_aranges
                0x0000000000001028      0x150 Drivers/STM32F4xx_HAL_Driver/Src/stm32f4xx_hal_tim_ex.o
 .debug_aranges
                0x0000000000001178      0x198 Drivers/STM32F4xx_HAL_Driver/Src/stm32f4xx_ll_usb.o

.debug_ranges   0x0000000000000000     0x1138
 .debug_ranges  0x0000000000000000       0x28 Core/Src/GAS_CCTL.o
 .debug_ranges  0x0000000000000028       0x30 Core/Src/GAS_Can.o
 .debug_ranges  0x0000000000000058       0x50 Core/Src/GAS_Scheduler.o
 .debug_ranges  0x00000000000000a8       0x18 Core/Src/GAS_Vadc.o
 .debug_ranges  0x00000000000000c0       0x20 Core/Src/adc.o
 .debug_ranges  0x00000000000000e0       0x20 Core/Src/can.o
 .debug_ranges  0x0000000000000100       0x20 Core/Src/crc.o
 .debug_ranges  0x0000000000000120       0x10 Core/Src/dma.o
 .debug_ranges  0x0000000000000130       0x10 Core/Src/gpio.o
 .debug_ranges  0x0000000000000140       0x20 Core/Src/main.o
 .debug_ranges  0x0000000000000160       0x20 Core/Src/spi.o
 .debug_ranges  0x0000000000000180       0x10 Core/Src/stm32f4xx_hal_msp.o
 .debug_ranges  0x0000000000000190       0x58 Core/Src/stm32f4xx_it.o
 .debug_ranges  0x00000000000001e8       0x18 Core/Src/system_stm32f4xx.o
 .debug_ranges  0x0000000000000200       0x48 Core/Src/tim.o
 .debug_ranges  0x0000000000000248       0x20 Core/Src/usb_otg.o
 .debug_ranges  0x0000000000000268       0x20 Core/Startup/startup_stm32f405rgtx.o
 .debug_ranges  0x0000000000000288       0xe0 Drivers/STM32F4xx_HAL_Driver/Src/stm32f4xx_hal.o
 .debug_ranges  0x0000000000000368       0xd8 Drivers/STM32F4xx_HAL_Driver/Src/stm32f4xx_hal_adc.o
 .debug_ranges  0x0000000000000440      0x128 Drivers/STM32F4xx_HAL_Driver/Src/stm32f4xx_hal_can.o
 .debug_ranges  0x0000000000000568      0x108 Drivers/STM32F4xx_HAL_Driver/Src/stm32f4xx_hal_cortex.o
 .debug_ranges  0x0000000000000670       0x40 Drivers/STM32F4xx_HAL_Driver/Src/stm32f4xx_hal_crc.o
 .debug_ranges  0x00000000000006b0       0x80 Drivers/STM32F4xx_HAL_Driver/Src/stm32f4xx_hal_dma.o
 .debug_ranges  0x0000000000000730       0x48 Drivers/STM32F4xx_HAL_Driver/Src/stm32f4xx_hal_gpio.o
 .debug_ranges  0x0000000000000778      0x128 Drivers/STM32F4xx_HAL_Driver/Src/stm32f4xx_hal_pcd.o
 .debug_ranges  0x00000000000008a0       0x78 Drivers/STM32F4xx_HAL_Driver/Src/stm32f4xx_hal_rcc.o
 .debug_ranges  0x0000000000000918      0x1c0 Drivers/STM32F4xx_HAL_Driver/Src/stm32f4xx_hal_spi.o
 .debug_ranges  0x0000000000000ad8      0x398 Drivers/STM32F4xx_HAL_Driver/Src/stm32f4xx_hal_tim.o
 .debug_ranges  0x0000000000000e70      0x140 Drivers/STM32F4xx_HAL_Driver/Src/stm32f4xx_hal_tim_ex.o
 .debug_ranges  0x0000000000000fb0      0x188 Drivers/STM32F4xx_HAL_Driver/Src/stm32f4xx_ll_usb.o

.debug_macro    0x0000000000000000    0x22ff2
 .debug_macro   0x0000000000000000      0x3fe Core/Src/GAS_CCTL.o
 .debug_macro   0x00000000000003fe      0xa5a Core/Src/GAS_CCTL.o
 .debug_macro   0x0000000000000e58      0x2ae Core/Src/GAS_CCTL.o
 .debug_macro   0x0000000000001106       0x2e Core/Src/GAS_CCTL.o
 .debug_macro   0x0000000000001134       0x2f Core/Src/GAS_CCTL.o
 .debug_macro   0x0000000000001163       0x22 Core/Src/GAS_CCTL.o
 .debug_macro   0x0000000000001185       0x8e Core/Src/GAS_CCTL.o
 .debug_macro   0x0000000000001213       0x51 Core/Src/GAS_CCTL.o
 .debug_macro   0x0000000000001264       0xef Core/Src/GAS_CCTL.o
 .debug_macro   0x0000000000001353       0x6a Core/Src/GAS_CCTL.o
 .debug_macro   0x00000000000013bd      0x1df Core/Src/GAS_CCTL.o
 .debug_macro   0x000000000000159c       0x1c Core/Src/GAS_CCTL.o
 .debug_macro   0x00000000000015b8       0x22 Core/Src/GAS_CCTL.o
 .debug_macro   0x00000000000015da       0xdf Core/Src/GAS_CCTL.o
 .debug_macro   0x00000000000016b9     0x102d Core/Src/GAS_CCTL.o
 .debug_macro   0x00000000000026e6      0x11f Core/Src/GAS_CCTL.o
 .debug_macro   0x0000000000002805    0x14251 Core/Src/GAS_CCTL.o
 .debug_macro   0x0000000000016a56       0x43 Core/Src/GAS_CCTL.o
 .debug_macro   0x0000000000016a99     0x3659 Core/Src/GAS_CCTL.o
 .debug_macro   0x000000000001a0f2      0x174 Core/Src/GAS_CCTL.o
 .debug_macro   0x000000000001a266       0x5a Core/Src/GAS_CCTL.o
 .debug_macro   0x000000000001a2c0      0x8a7 Core/Src/GAS_CCTL.o
 .debug_macro   0x000000000001ab67      0x9fe Core/Src/GAS_CCTL.o
 .debug_macro   0x000000000001b565      0x117 Core/Src/GAS_CCTL.o
 .debug_macro   0x000000000001b67c      0x130 Core/Src/GAS_CCTL.o
 .debug_macro   0x000000000001b7ac       0x27 Core/Src/GAS_CCTL.o
 .debug_macro   0x000000000001b7d3      0x174 Core/Src/GAS_CCTL.o
 .debug_macro   0x000000000001b947      0x287 Core/Src/GAS_CCTL.o
 .debug_macro   0x000000000001bbce       0x5f Core/Src/GAS_CCTL.o
 .debug_macro   0x000000000001bc2d      0x236 Core/Src/GAS_CCTL.o
 .debug_macro   0x000000000001be63      0x391 Core/Src/GAS_CCTL.o
 .debug_macro   0x000000000001c1f4      0x176 Core/Src/GAS_CCTL.o
 .debug_macro   0x000000000001c36a       0xf9 Core/Src/GAS_CCTL.o
 .debug_macro   0x000000000001c463      0x40f Core/Src/GAS_CCTL.o
 .debug_macro   0x000000000001c872       0x22 Core/Src/GAS_CCTL.o
 .debug_macro   0x000000000001c894      0x12c Core/Src/GAS_CCTL.o
 .debug_macro   0x000000000001c9c0      0x21e Core/Src/GAS_CCTL.o
 .debug_macro   0x000000000001cbde       0x2e Core/Src/GAS_CCTL.o
 .debug_macro   0x000000000001cc0c      0x11a Core/Src/GAS_CCTL.o
 .debug_macro   0x000000000001cd26       0x7e Core/Src/GAS_CCTL.o
 .debug_macro   0x000000000001cda4       0x89 Core/Src/GAS_CCTL.o
 .debug_macro   0x000000000001ce2d      0x225 Core/Src/GAS_CCTL.o
 .debug_macro   0x000000000001d052      0x8a0 Core/Src/GAS_CCTL.o
 .debug_macro   0x000000000001d8f2       0x47 Core/Src/GAS_CCTL.o
 .debug_macro   0x000000000001d939      0x21e Core/Src/GAS_CCTL.o
 .debug_macro   0x000000000001db57       0xba Core/Src/GAS_CCTL.o
 .debug_macro   0x000000000001dc11      0x12d Core/Src/GAS_CCTL.o
 .debug_macro   0x000000000001dd3e       0x58 Core/Src/GAS_CCTL.o
 .debug_macro   0x000000000001dd96       0x46 Core/Src/GAS_CCTL.o
 .debug_macro   0x000000000001dddc       0x18 Core/Src/GAS_CCTL.o
 .debug_macro   0x000000000001ddf4       0x3c Core/Src/GAS_CCTL.o
 .debug_macro   0x000000000001de30       0x34 Core/Src/GAS_CCTL.o
 .debug_macro   0x000000000001de64       0x16 Core/Src/GAS_CCTL.o
 .debug_macro   0x000000000001de7a       0x35 Core/Src/GAS_CCTL.o
 .debug_macro   0x000000000001deaf      0x32a Core/Src/GAS_CCTL.o
 .debug_macro   0x000000000001e1d9       0x10 Core/Src/GAS_CCTL.o
 .debug_macro   0x000000000001e1e9       0x52 Core/Src/GAS_CCTL.o
 .debug_macro   0x000000000001e23b       0x1f Core/Src/GAS_CCTL.o
 .debug_macro   0x000000000001e25a       0x43 Core/Src/GAS_CCTL.o
 .debug_macro   0x000000000001e29d       0x20 Core/Src/GAS_CCTL.o
 .debug_macro   0x000000000001e2bd      0x1a3 Core/Src/GAS_CCTL.o
 .debug_macro   0x000000000001e460       0x10 Core/Src/GAS_CCTL.o
 .debug_macro   0x000000000001e470       0x1c Core/Src/GAS_CCTL.o
 .debug_macro   0x000000000001e48c       0x52 Core/Src/GAS_CCTL.o
 .debug_macro   0x000000000001e4de       0x40 Core/Src/GAS_CCTL.o
 .debug_macro   0x000000000001e51e       0x10 Core/Src/GAS_CCTL.o
 .debug_macro   0x000000000001e52e       0x40 Core/Src/GAS_CCTL.o
 .debug_macro   0x000000000001e56e       0xd7 Core/Src/GAS_CCTL.o
 .debug_macro   0x000000000001e645       0x1c Core/Src/GAS_CCTL.o
 .debug_macro   0x000000000001e661       0x3d Core/Src/GAS_CCTL.o
 .debug_macro   0x000000000001e69e       0x16 Core/Src/GAS_CCTL.o
 .debug_macro   0x000000000001e6b4      0x145 Core/Src/GAS_CCTL.o
 .debug_macro   0x000000000001e7f9       0x16 Core/Src/GAS_CCTL.o
 .debug_macro   0x000000000001e80f       0x16 Core/Src/GAS_CCTL.o
 .debug_macro   0x000000000001e825       0x29 Core/Src/GAS_CCTL.o
 .debug_macro   0x000000000001e84e      0x3ee Core/Src/GAS_Can.o
 .debug_macro   0x000000000001ec3c      0x409 Core/Src/GAS_Can.o
 .debug_macro   0x000000000001f045       0x5e Core/Src/GAS_Can.o
 .debug_macro   0x000000000001f0a3      0x418 Core/Src/GAS_Scheduler.o
 .debug_macro   0x000000000001f4bb      0x3f2 Core/Src/GAS_Vadc.o
 .debug_macro   0x000000000001f8ad      0x238 Core/Src/adc.o
 .debug_macro   0x000000000001fae5      0x238 Core/Src/can.o
 .debug_macro   0x000000000001fd1d      0x238 Core/Src/crc.o
 .debug_macro   0x000000000001ff55      0x238 Core/Src/dma.o
 .debug_macro   0x000000000002018d      0x238 Core/Src/gpio.o
 .debug_macro   0x00000000000203c5      0x282 Core/Src/main.o
 .debug_macro   0x0000000000020647      0x238 Core/Src/spi.o
 .debug_macro   0x000000000002087f      0x22e Core/Src/stm32f4xx_hal_msp.o
 .debug_macro   0x0000000000020aad      0x238 Core/Src/stm32f4xx_it.o
 .debug_macro   0x0000000000020ce5      0x225 Core/Src/system_stm32f4xx.o
 .debug_macro   0x0000000000020f0a      0x238 Core/Src/tim.o
 .debug_macro   0x0000000000021142      0x238 Core/Src/usb_otg.o
 .debug_macro   0x000000000002137a      0x27f Drivers/STM32F4xx_HAL_Driver/Src/stm32f4xx_hal.o
 .debug_macro   0x00000000000215f9      0x220 Drivers/STM32F4xx_HAL_Driver/Src/stm32f4xx_hal_adc.o
 .debug_macro   0x0000000000021819      0x227 Drivers/STM32F4xx_HAL_Driver/Src/stm32f4xx_hal_can.o
 .debug_macro   0x0000000000021a40      0x21f Drivers/STM32F4xx_HAL_Driver/Src/stm32f4xx_hal_cortex.o
 .debug_macro   0x0000000000021c5f      0x21f Drivers/STM32F4xx_HAL_Driver/Src/stm32f4xx_hal_crc.o
 .debug_macro   0x0000000000021e7e      0x225 Drivers/STM32F4xx_HAL_Driver/Src/stm32f4xx_hal_dma.o
 .debug_macro   0x00000000000220a3      0x255 Drivers/STM32F4xx_HAL_Driver/Src/stm32f4xx_hal_gpio.o
 .debug_macro   0x00000000000222f8      0x22b Drivers/STM32F4xx_HAL_Driver/Src/stm32f4xx_hal_pcd.o
 .debug_macro   0x0000000000022523      0x243 Drivers/STM32F4xx_HAL_Driver/Src/stm32f4xx_hal_rcc.o
 .debug_macro   0x0000000000022766      0x22e Drivers/STM32F4xx_HAL_Driver/Src/stm32f4xx_hal_spi.o
 .debug_macro   0x0000000000022994      0x220 Drivers/STM32F4xx_HAL_Driver/Src/stm32f4xx_hal_tim.o
 .debug_macro   0x0000000000022bb4      0x21f Drivers/STM32F4xx_HAL_Driver/Src/stm32f4xx_hal_tim_ex.o
 .debug_macro   0x0000000000022dd3      0x21f Drivers/STM32F4xx_HAL_Driver/Src/stm32f4xx_ll_usb.o

.debug_line     0x0000000000000000    0x12a60
 .debug_line    0x0000000000000000      0xa05 Core/Src/GAS_CCTL.o
 .debug_line    0x0000000000000a05      0x9e6 Core/Src/GAS_Can.o
 .debug_line    0x00000000000013eb      0xa72 Core/Src/GAS_Scheduler.o
 .debug_line    0x0000000000001e5d      0x9a3 Core/Src/GAS_Vadc.o
 .debug_line    0x0000000000002800      0x7cb Core/Src/adc.o
 .debug_line    0x0000000000002fcb      0x79c Core/Src/can.o
 .debug_line    0x0000000000003767      0x785 Core/Src/crc.o
 .debug_line    0x0000000000003eec      0x761 Core/Src/dma.o
 .debug_line    0x000000000000464d      0x775 Core/Src/gpio.o
 .debug_line    0x0000000000004dc2      0x7fa Core/Src/main.o
 .debug_line    0x00000000000055bc      0x7a2 Core/Src/spi.o
 .debug_line    0x0000000000005d5e      0x766 Core/Src/stm32f4xx_hal_msp.o
 .debug_line    0x00000000000064c4      0x821 Core/Src/stm32f4xx_it.o
 .debug_line    0x0000000000006ce5      0x781 Core/Src/system_stm32f4xx.o
 .debug_line    0x0000000000007466      0x85f Core/Src/tim.o
 .debug_line    0x0000000000007cc5      0x7a1 Core/Src/usb_otg.o
 .debug_line    0x0000000000008466       0x85 Core/Startup/startup_stm32f405rgtx.o
 .debug_line    0x00000000000084eb      0x96b Drivers/STM32F4xx_HAL_Driver/Src/stm32f4xx_hal.o
 .debug_line    0x0000000000008e56      0xbd0 Drivers/STM32F4xx_HAL_Driver/Src/stm32f4xx_hal_adc.o
 .debug_line    0x0000000000009a26      0xc14 Drivers/STM32F4xx_HAL_Driver/Src/stm32f4xx_hal_can.o
 .debug_line    0x000000000000a63a      0xa8f Drivers/STM32F4xx_HAL_Driver/Src/stm32f4xx_hal_cortex.o
 .debug_line    0x000000000000b0c9      0x81a Drivers/STM32F4xx_HAL_Driver/Src/stm32f4xx_hal_crc.o
 .debug_line    0x000000000000b8e3      0xa39 Drivers/STM32F4xx_HAL_Driver/Src/stm32f4xx_hal_dma.o
 .debug_line    0x000000000000c31c      0x94a Drivers/STM32F4xx_HAL_Driver/Src/stm32f4xx_hal_gpio.o
 .debug_line    0x000000000000cc66      0xd15 Drivers/STM32F4xx_HAL_Driver/Src/stm32f4xx_hal_pcd.o
 .debug_line    0x000000000000d97b      0x9c3 Drivers/STM32F4xx_HAL_Driver/Src/stm32f4xx_hal_rcc.o
 .debug_line    0x000000000000e33e     0x1127 Drivers/STM32F4xx_HAL_Driver/Src/stm32f4xx_hal_spi.o
 .debug_line    0x000000000000f465     0x19e4 Drivers/STM32F4xx_HAL_Driver/Src/stm32f4xx_hal_tim.o
 .debug_line    0x0000000000010e49      0xd81 Drivers/STM32F4xx_HAL_Driver/Src/stm32f4xx_hal_tim_ex.o
 .debug_line    0x0000000000011bca      0xe96 Drivers/STM32F4xx_HAL_Driver/Src/stm32f4xx_ll_usb.o

.debug_str      0x0000000000000000    0xc8530
 .debug_str     0x0000000000000000    0xc34f4 Core/Src/GAS_CCTL.o
                                      0xc38c3 (size before relaxing)
 .debug_str     0x00000000000c34f4      0x1f6 Core/Src/GAS_Can.o
                                      0xc3826 (size before relaxing)
 .debug_str     0x00000000000c36ea      0x6d6 Core/Src/GAS_Scheduler.o
                                      0xc3f66 (size before relaxing)
 .debug_str     0x00000000000c3dc0       0x44 Core/Src/GAS_Vadc.o
                                      0xc3686 (size before relaxing)
 .debug_str     0x00000000000c3e04      0x173 Core/Src/adc.o
                                      0xbf271 (size before relaxing)
 .debug_str     0x00000000000c3f77       0x4b Core/Src/can.o
                                      0xbf0bb (size before relaxing)
 .debug_str     0x00000000000c3fc2       0xf2 Core/Src/crc.o
                                      0xbeec7 (size before relaxing)
 .debug_str     0x00000000000c40b4       0x1e Core/Src/dma.o
                                      0xbf255 (size before relaxing)
 .debug_str     0x00000000000c40d2       0x2c Core/Src/gpio.o
                                      0xbee28 (size before relaxing)
 .debug_str     0x00000000000c40fe      0x660 Core/Src/main.o
                                      0xbfd50 (size before relaxing)
 .debug_str     0x00000000000c475e       0x4b Core/Src/spi.o
                                      0xbf285 (size before relaxing)
 .debug_str     0x00000000000c47a9       0x2c Core/Src/stm32f4xx_hal_msp.o
                                      0xbed8b (size before relaxing)
 .debug_str     0x00000000000c47d5       0xd5 Core/Src/stm32f4xx_it.o
                                      0xbef87 (size before relaxing)
 .debug_str     0x00000000000c48aa       0x70 Core/Src/system_stm32f4xx.o
                                      0xbec82 (size before relaxing)
 .debug_str     0x00000000000c491a      0x26d Core/Src/tim.o
                                      0xbf4bd (size before relaxing)
 .debug_str     0x00000000000c4b87       0x59 Core/Src/usb_otg.o
                                      0xbf20c (size before relaxing)
 .debug_str     0x00000000000c4be0       0x36 Core/Startup/startup_stm32f405rgtx.o
                                         0x76 (size before relaxing)
 .debug_str     0x00000000000c4c16      0x575 Drivers/STM32F4xx_HAL_Driver/Src/stm32f4xx_hal.o
                                      0xbf72e (size before relaxing)
 .debug_str     0x00000000000c518b      0x29c Drivers/STM32F4xx_HAL_Driver/Src/stm32f4xx_hal_adc.o
                                      0xbf219 (size before relaxing)
 .debug_str     0x00000000000c5427      0x448 Drivers/STM32F4xx_HAL_Driver/Src/stm32f4xx_hal_can.o
                                      0xbf379 (size before relaxing)
 .debug_str     0x00000000000c586f      0x324 Drivers/STM32F4xx_HAL_Driver/Src/stm32f4xx_hal_cortex.o
                                      0xbf51d (size before relaxing)
 .debug_str     0x00000000000c5b93       0xaa Drivers/STM32F4xx_HAL_Driver/Src/stm32f4xx_hal_crc.o
                                      0xbecc7 (size before relaxing)
 .debug_str     0x00000000000c5c3d      0x315 Drivers/STM32F4xx_HAL_Driver/Src/stm32f4xx_hal_dma.o
                                      0xbf097 (size before relaxing)
 .debug_str     0x00000000000c5f52      0x207 Drivers/STM32F4xx_HAL_Driver/Src/stm32f4xx_hal_gpio.o
                                      0xbeec1 (size before relaxing)
 .debug_str     0x00000000000c6159      0x542 Drivers/STM32F4xx_HAL_Driver/Src/stm32f4xx_hal_pcd.o
                                      0xbf457 (size before relaxing)
 .debug_str     0x00000000000c669b      0x259 Drivers/STM32F4xx_HAL_Driver/Src/stm32f4xx_hal_rcc.o
                                      0xbf06f (size before relaxing)
 .debug_str     0x00000000000c68f4      0x550 Drivers/STM32F4xx_HAL_Driver/Src/stm32f4xx_hal_spi.o
                                      0xbf4f0 (size before relaxing)
 .debug_str     0x00000000000c6e44      0xc64 Drivers/STM32F4xx_HAL_Driver/Src/stm32f4xx_hal_tim.o
                                      0xbfd8e (size before relaxing)
 .debug_str     0x00000000000c7aa8      0x40e Drivers/STM32F4xx_HAL_Driver/Src/stm32f4xx_hal_tim_ex.o
                                      0xbf58e (size before relaxing)
 .debug_str     0x00000000000c7eb6      0x67a Drivers/STM32F4xx_HAL_Driver/Src/stm32f4xx_ll_usb.o
                                      0xbf556 (size before relaxing)

.comment        0x0000000000000000       0x7b
 .comment       0x0000000000000000       0x7b Core/Src/GAS_CCTL.o
                                         0x7c (size before relaxing)
 .comment       0x000000000000007b       0x7c Core/Src/GAS_Can.o
 .comment       0x000000000000007b       0x7c Core/Src/GAS_Scheduler.o
 .comment       0x000000000000007b       0x7c Core/Src/GAS_Vadc.o
 .comment       0x000000000000007b       0x7c Core/Src/adc.o
 .comment       0x000000000000007b       0x7c Core/Src/can.o
 .comment       0x000000000000007b       0x7c Core/Src/crc.o
 .comment       0x000000000000007b       0x7c Core/Src/dma.o
 .comment       0x000000000000007b       0x7c Core/Src/gpio.o
 .comment       0x000000000000007b       0x7c Core/Src/main.o
 .comment       0x000000000000007b       0x7c Core/Src/spi.o
 .comment       0x000000000000007b       0x7c Core/Src/stm32f4xx_hal_msp.o
 .comment       0x000000000000007b       0x7c Core/Src/stm32f4xx_it.o
 .comment       0x000000000000007b       0x7c Core/Src/system_stm32f4xx.o
 .comment       0x000000000000007b       0x7c Core/Src/tim.o
 .comment       0x000000000000007b       0x7c Core/Src/usb_otg.o
 .comment       0x000000000000007b       0x7c Drivers/STM32F4xx_HAL_Driver/Src/stm32f4xx_hal.o
 .comment       0x000000000000007b       0x7c Drivers/STM32F4xx_HAL_Driver/Src/stm32f4xx_hal_adc.o
 .comment       0x000000000000007b       0x7c Drivers/STM32F4xx_HAL_Driver/Src/stm32f4xx_hal_can.o
 .comment       0x000000000000007b       0x7c Drivers/STM32F4xx_HAL_Driver/Src/stm32f4xx_hal_cortex.o
 .comment       0x000000000000007b       0x7c Drivers/STM32F4xx_HAL_Driver/Src/stm32f4xx_hal_crc.o
 .comment       0x000000000000007b       0x7c Drivers/STM32F4xx_HAL_Driver/Src/stm32f4xx_hal_dma.o
 .comment       0x000000000000007b       0x7c Drivers/STM32F4xx_HAL_Driver/Src/stm32f4xx_hal_gpio.o
 .comment       0x000000000000007b       0x7c Drivers/STM32F4xx_HAL_Driver/Src/stm32f4xx_hal_pcd.o
 .comment       0x000000000000007b       0x7c Drivers/STM32F4xx_HAL_Driver/Src/stm32f4xx_hal_rcc.o
 .comment       0x000000000000007b       0x7c Drivers/STM32F4xx_HAL_Driver/Src/stm32f4xx_hal_spi.o
 .comment       0x000000000000007b       0x7c Drivers/STM32F4xx_HAL_Driver/Src/stm32f4xx_hal_tim.o
 .comment       0x000000000000007b       0x7c Drivers/STM32F4xx_HAL_Driver/Src/stm32f4xx_hal_tim_ex.o
 .comment       0x000000000000007b       0x7c Drivers/STM32F4xx_HAL_Driver/Src/stm32f4xx_ll_usb.o

.debug_frame    0x0000000000000000     0x4da4
 .debug_frame   0x0000000000000000       0x88 Core/Src/GAS_CCTL.o
 .debug_frame   0x0000000000000088       0xa8 Core/Src/GAS_Can.o
 .debug_frame   0x0000000000000130      0x12c Core/Src/GAS_Scheduler.o
 .debug_frame   0x000000000000025c       0x4c Core/Src/GAS_Vadc.o
 .debug_frame   0x00000000000002a8       0x7c Core/Src/adc.o
 .debug_frame   0x0000000000000324       0x74 Core/Src/can.o
 .debug_frame   0x0000000000000398       0x7c Core/Src/crc.o
 .debug_frame   0x0000000000000414       0x34 Core/Src/dma.o
 .debug_frame   0x0000000000000448       0x34 Core/Src/gpio.o
 .debug_frame   0x000000000000047c       0x6c Core/Src/main.o
 .debug_frame   0x00000000000004e8       0x74 Core/Src/spi.o
 .debug_frame   0x000000000000055c       0x38 Core/Src/stm32f4xx_hal_msp.o
 .debug_frame   0x0000000000000594      0x124 Core/Src/stm32f4xx_it.o
 .debug_frame   0x00000000000006b8       0x58 Core/Src/system_stm32f4xx.o
 .debug_frame   0x0000000000000710      0x140 Core/Src/tim.o
 .debug_frame   0x0000000000000850       0x74 Core/Src/usb_otg.o
 .debug_frame   0x00000000000008c4      0x374 Drivers/STM32F4xx_HAL_Driver/Src/stm32f4xx_hal.o
 .debug_frame   0x0000000000000c38      0x3fc Drivers/STM32F4xx_HAL_Driver/Src/stm32f4xx_hal_adc.o
 .debug_frame   0x0000000000001034      0x5a0 Drivers/STM32F4xx_HAL_Driver/Src/stm32f4xx_hal_can.o
 .debug_frame   0x00000000000015d4      0x498 Drivers/STM32F4xx_HAL_Driver/Src/stm32f4xx_hal_cortex.o
 .debug_frame   0x0000000000001a6c      0x120 Drivers/STM32F4xx_HAL_Driver/Src/stm32f4xx_hal_crc.o
 .debug_frame   0x0000000000001b8c      0x250 Drivers/STM32F4xx_HAL_Driver/Src/stm32f4xx_hal_dma.o
 .debug_frame   0x0000000000001ddc      0x14c Drivers/STM32F4xx_HAL_Driver/Src/stm32f4xx_hal_gpio.o
 .debug_frame   0x0000000000001f28      0x574 Drivers/STM32F4xx_HAL_Driver/Src/stm32f4xx_hal_pcd.o
 .debug_frame   0x000000000000249c      0x1f0 Drivers/STM32F4xx_HAL_Driver/Src/stm32f4xx_hal_rcc.o
 .debug_frame   0x000000000000268c      0x824 Drivers/STM32F4xx_HAL_Driver/Src/stm32f4xx_hal_spi.o
 .debug_frame   0x0000000000002eb0     0x10f0 Drivers/STM32F4xx_HAL_Driver/Src/stm32f4xx_hal_tim.o
 .debug_frame   0x0000000000003fa0      0x5c0 Drivers/STM32F4xx_HAL_Driver/Src/stm32f4xx_hal_tim_ex.o
 .debug_frame   0x0000000000004560      0x798 Drivers/STM32F4xx_HAL_Driver/Src/stm32f4xx_ll_usb.o
 .debug_frame   0x0000000000004cf8       0x2c c:/st/stm32cubeide_1.5.1/stm32cubeide/plugins/com.st.stm32cube.ide.mcu.externaltools.gnu-tools-for-stm32.7-2018-q2-update.win32_1.5.0.202011040924/tools/bin/../lib/gcc/arm-none-eabi/7.3.1/../../../../arm-none-eabi/lib/thumb/v7e-m/fpv4-sp/hard\libc_nano.a(lib_a-init.o)
 .debug_frame   0x0000000000004d24       0x20 c:/st/stm32cubeide_1.5.1/stm32cubeide/plugins/com.st.stm32cube.ide.mcu.externaltools.gnu-tools-for-stm32.7-2018-q2-update.win32_1.5.0.202011040924/tools/bin/../lib/gcc/arm-none-eabi/7.3.1/../../../../arm-none-eabi/lib/thumb/v7e-m/fpv4-sp/hard\libc_nano.a(lib_a-memset.o)
 .debug_frame   0x0000000000004d44       0x2c c:/st/stm32cubeide_1.5.1/stm32cubeide/plugins/com.st.stm32cube.ide.mcu.externaltools.gnu-tools-for-stm32.7-2018-q2-update.win32_1.5.0.202011040924/tools/bin/../lib/gcc/arm-none-eabi/7.3.1/thumb/v7e-m/fpv4-sp/hard\libgcc.a(_aeabi_uldivmod.o)
 .debug_frame   0x0000000000004d70       0x34 c:/st/stm32cubeide_1.5.1/stm32cubeide/plugins/com.st.stm32cube.ide.mcu.externaltools.gnu-tools-for-stm32.7-2018-q2-update.win32_1.5.0.202011040924/tools/bin/../lib/gcc/arm-none-eabi/7.3.1/thumb/v7e-m/fpv4-sp/hard\libgcc.a(_udivmoddi4.o)
