Archive member included to satisfy reference by file (symbol)

c:/st/stm32cubeide_1.5.1/stm32cubeide/plugins/com.st.stm32cube.ide.mcu.externaltools.gnu-tools-for-stm32.9-2020-q2-update.win32_2.0.0.202105311346/tools/bin/../lib/gcc/arm-none-eabi/9.3.1/../../../../arm-none-eabi/lib/thumb/v7e-m+fp/hard\libc_nano.a(lib_a-errno.o)
                              ./Core/Src/syscalls.o (__errno)
c:/st/stm32cubeide_1.5.1/stm32cubeide/plugins/com.st.stm32cube.ide.mcu.externaltools.gnu-tools-for-stm32.9-2020-q2-update.win32_2.0.0.202105311346/tools/bin/../lib/gcc/arm-none-eabi/9.3.1/../../../../arm-none-eabi/lib/thumb/v7e-m+fp/hard\libc_nano.a(lib_a-exit.o)
                              c:/st/stm32cubeide_1.5.1/stm32cubeide/plugins/com.st.stm32cube.ide.mcu.externaltools.gnu-tools-for-stm32.9-2020-q2-update.win32_2.0.0.202105311346/tools/bin/../lib/gcc/arm-none-eabi/9.3.1/../../../../arm-none-eabi/lib/thumb/v7e-m+fp/hard/crt0.o (exit)
c:/st/stm32cubeide_1.5.1/stm32cubeide/plugins/com.st.stm32cube.ide.mcu.externaltools.gnu-tools-for-stm32.9-2020-q2-update.win32_2.0.0.202105311346/tools/bin/../lib/gcc/arm-none-eabi/9.3.1/../../../../arm-none-eabi/lib/thumb/v7e-m+fp/hard\libc_nano.a(lib_a-impure.o)
                              c:/st/stm32cubeide_1.5.1/stm32cubeide/plugins/com.st.stm32cube.ide.mcu.externaltools.gnu-tools-for-stm32.9-2020-q2-update.win32_2.0.0.202105311346/tools/bin/../lib/gcc/arm-none-eabi/9.3.1/../../../../arm-none-eabi/lib/thumb/v7e-m+fp/hard\libc_nano.a(lib_a-exit.o) (_global_impure_ptr)
c:/st/stm32cubeide_1.5.1/stm32cubeide/plugins/com.st.stm32cube.ide.mcu.externaltools.gnu-tools-for-stm32.9-2020-q2-update.win32_2.0.0.202105311346/tools/bin/../lib/gcc/arm-none-eabi/9.3.1/../../../../arm-none-eabi/lib/thumb/v7e-m+fp/hard\libc_nano.a(lib_a-init.o)
                              c:/st/stm32cubeide_1.5.1/stm32cubeide/plugins/com.st.stm32cube.ide.mcu.externaltools.gnu-tools-for-stm32.9-2020-q2-update.win32_2.0.0.202105311346/tools/bin/../lib/gcc/arm-none-eabi/9.3.1/../../../../arm-none-eabi/lib/thumb/v7e-m+fp/hard/crt0.o (__libc_init_array)
c:/st/stm32cubeide_1.5.1/stm32cubeide/plugins/com.st.stm32cube.ide.mcu.externaltools.gnu-tools-for-stm32.9-2020-q2-update.win32_2.0.0.202105311346/tools/bin/../lib/gcc/arm-none-eabi/9.3.1/../../../../arm-none-eabi/lib/thumb/v7e-m+fp/hard\libc_nano.a(lib_a-memset.o)
                              c:/st/stm32cubeide_1.5.1/stm32cubeide/plugins/com.st.stm32cube.ide.mcu.externaltools.gnu-tools-for-stm32.9-2020-q2-update.win32_2.0.0.202105311346/tools/bin/../lib/gcc/arm-none-eabi/9.3.1/../../../../arm-none-eabi/lib/thumb/v7e-m+fp/hard/crt0.o (memset)
c:/st/stm32cubeide_1.5.1/stm32cubeide/plugins/com.st.stm32cube.ide.mcu.externaltools.gnu-tools-for-stm32.9-2020-q2-update.win32_2.0.0.202105311346/tools/bin/../lib/gcc/arm-none-eabi/9.3.1/../../../../arm-none-eabi/lib/thumb/v7e-m+fp/hard\libm.a(lib_a-w_exp.o)
                              ./Core/Src/GAS_Vadc.o (exp)
c:/st/stm32cubeide_1.5.1/stm32cubeide/plugins/com.st.stm32cube.ide.mcu.externaltools.gnu-tools-for-stm32.9-2020-q2-update.win32_2.0.0.202105311346/tools/bin/../lib/gcc/arm-none-eabi/9.3.1/../../../../arm-none-eabi/lib/thumb/v7e-m+fp/hard\libm.a(lib_a-e_exp.o)
                              c:/st/stm32cubeide_1.5.1/stm32cubeide/plugins/com.st.stm32cube.ide.mcu.externaltools.gnu-tools-for-stm32.9-2020-q2-update.win32_2.0.0.202105311346/tools/bin/../lib/gcc/arm-none-eabi/9.3.1/../../../../arm-none-eabi/lib/thumb/v7e-m+fp/hard\libm.a(lib_a-w_exp.o) (__ieee754_exp)
c:/st/stm32cubeide_1.5.1/stm32cubeide/plugins/com.st.stm32cube.ide.mcu.externaltools.gnu-tools-for-stm32.9-2020-q2-update.win32_2.0.0.202105311346/tools/bin/../lib/gcc/arm-none-eabi/9.3.1/../../../../arm-none-eabi/lib/thumb/v7e-m+fp/hard\libm.a(lib_a-s_finite.o)
                              c:/st/stm32cubeide_1.5.1/stm32cubeide/plugins/com.st.stm32cube.ide.mcu.externaltools.gnu-tools-for-stm32.9-2020-q2-update.win32_2.0.0.202105311346/tools/bin/../lib/gcc/arm-none-eabi/9.3.1/../../../../arm-none-eabi/lib/thumb/v7e-m+fp/hard\libm.a(lib_a-w_exp.o) (finite)
c:/st/stm32cubeide_1.5.1/stm32cubeide/plugins/com.st.stm32cube.ide.mcu.externaltools.gnu-tools-for-stm32.9-2020-q2-update.win32_2.0.0.202105311346/tools/bin/../lib/gcc/arm-none-eabi/9.3.1/../../../../arm-none-eabi/lib/thumb/v7e-m+fp/hard\libm.a(lib_a-s_lib_ver.o)
                              c:/st/stm32cubeide_1.5.1/stm32cubeide/plugins/com.st.stm32cube.ide.mcu.externaltools.gnu-tools-for-stm32.9-2020-q2-update.win32_2.0.0.202105311346/tools/bin/../lib/gcc/arm-none-eabi/9.3.1/../../../../arm-none-eabi/lib/thumb/v7e-m+fp/hard\libm.a(lib_a-w_exp.o) (__fdlib_version)
c:/st/stm32cubeide_1.5.1/stm32cubeide/plugins/com.st.stm32cube.ide.mcu.externaltools.gnu-tools-for-stm32.9-2020-q2-update.win32_2.0.0.202105311346/tools/bin/../lib/gcc/arm-none-eabi/9.3.1/thumb/v7e-m+fp/hard\libgcc.a(_arm_muldf3.o)
                              ./Core/Src/GAS_Vadc.o (__aeabi_dmul)
[...]
Memory Configuration

Name             Origin             Length             Attributes
CCMRAM           0x0000000010000000 0x0000000000010000 xrw
RAM              0x0000000020000000 0x0000000000020000 xrw
FLASH            0x0000000008000000 0x0000000000100000 xr
*default*        0x0000000000000000 0xffffffffffffffff

Linker script and memory map

LOAD c:/st/stm32cubeide_1.5.1/stm32cubeide/plugins/com.st.stm32cube.ide.mcu.externaltools.gnu-tools-for-stm32.9-2020-q2-update.win32_2.0.0.202105311346/tools/bin/../lib/gcc/arm-none-eabi/9.3.1/thumb/v7e-m+fp/hard/crti.o
LOAD c:/st/stm32cubeide_1.5.1/stm32cubeide/plugins/com.st.stm32cube.ide.mcu.externaltools.gnu-tools-for-stm32.9-2020-q2-update.win32_2.0.0.202105311346/tools/bin/../lib/gcc/arm-none-eabi/9.3.1/thumb/v7e-m+fp/hard/crtbegin.o
LOAD c:/st/stm32cubeide_1.5.1/stm32cubeide/plugins/com.st.stm32cube.ide.mcu.externaltools.gnu-tools-for-stm32.9-2020-q2-update.win32_2.0.0.202105311346/tools/bin/../lib/gcc/arm-none-eabi/9.3.1/../../../../arm-none-eabi/lib/thumb/v7e-m+fp/hard/crt0.o
LOAD ./Core/Src/GAS_CCTL.o
LOAD ./Core/Src/GAS_Can.o
LOAD ./Core/Src/GAS_Scheduler.o
LOAD ./Core/Src/GAS_Vadc.o
LOAD ./Core/Src/adc.o
LOAD ./Core/Src/can.o
LOAD ./Core/Src/crc.o
LOAD ./Core/Src/dma.o
LOAD ./Core/Src/gpio.o
LOAD ./Core/Src/main.o
LOAD ./Core/Src/spi.o
LOAD ./Core/Src/stm32f4xx_hal_msp.o
LOAD ./Core/Src/stm32f4xx_it.o
LOAD ./Core/Src/syscalls.o
LOAD ./Core/Src/sysmem.o
LOAD ./Core/Src/system_stm32f4xx.o
LOAD ./Core/Src/tim.o
LOAD ./Core/Src/usb_otg.o
LOAD ./Core/Startup/startup_stm32f405rgtx.o
LOAD ./Drivers/STM32F4xx_HAL_Driver/Src/stm32f4xx_hal.o
LOAD ./Drivers/STM32F4xx_HAL_Driver/Src/stm32f4xx_hal_adc.o
LOAD ./Drivers/STM32F4xx_HAL_Driver/Src/stm32f4xx_hal_adc_ex.o
LOAD ./Drivers/STM32F4xx_HAL_Driver/Src/stm32f4xx_hal_can.o
LOAD ./Drivers/STM32F4xx_HAL_Driver/Src/stm32f4xx_hal_cortex.o
LOAD ./Drivers/STM32F4xx_HAL_Driver/Src/stm32f4xx_hal_crc.o
LOAD ./Drivers/STM32F4xx_HAL_Driver/Src/stm32f4xx_hal_dma.o
LOAD ./Drivers/STM32F4xx_HAL_Driver/Src/stm32f4xx_hal_dma_ex.o
LOAD ./Drivers/STM32F4xx_HAL_Driver/Src/stm32f4xx_hal_exti.o
LOAD ./Drivers/STM32F4xx_HAL_Driver/Src/stm32f4xx_hal_flash.o
LOAD ./Drivers/STM32F4xx_HAL_Driver/Src/stm32f4xx_hal_flash_ex.o
LOAD ./Drivers/STM32F4xx_HAL_Driver/Src/stm32f4xx_hal_flash_ramfunc.o
LOAD ./Drivers/STM32F4xx_HAL_Driver/Src/stm32f4xx_hal_gpio.o
LOAD ./Drivers/STM32F4xx_HAL_Driver/Src/stm32f4xx_hal_pcd.o
LOAD ./Drivers/STM32F4xx_HAL_Driver/Src/stm32f4xx_hal_pcd_ex.o
LOAD ./Drivers/STM32F4xx_HAL_Driver/Src/stm32f4xx_hal_pwr.o
LOAD ./Drivers/STM32F4xx_HAL_Driver/Src/stm32f4xx_hal_pwr_ex.o
LOAD ./Drivers/STM32F4xx_HAL_Driver/Src/stm32f4xx_hal_rcc.o
LOAD ./Drivers/STM32F4xx_HAL_Driver/Src/stm32f4xx_hal_rcc_ex.o
LOAD ./Drivers/STM32F4xx_HAL_Driver/Src/stm32f4xx_hal_spi.o
LOAD ./Drivers/STM32F4xx_HAL_Driver/Src/stm32f4xx_hal_tim.o
LOAD ./Drivers/STM32F4xx_HAL_Driver/Src/stm32f4xx_hal_tim_ex.o
LOAD ./Drivers/STM32F4xx_HAL_Driver/Src/stm32f4xx_ll_adc.o
LOAD ./Drivers/STM32F4xx_HAL_Driver/Src/stm32f4xx_ll_usb.o
START GROUP
LOAD c:/st/stm32cubeide_1.5.1/stm32cubeide/plugins/com.st.stm32cube.ide.mcu.externaltools.gnu-tools-for-stm32.9-2020-q2-update.win32_2.0.0.202105311346/tools/bin/../lib/gcc/arm-none-eabi/9.3.1/../../../../arm-none-eabi/lib/thumb/v7e-m+fp/hard\libc_nano.a
LOAD c:/st/stm32cubeide_1.5.1/stm32cubeide/plugins/com.st.stm32cube.ide.mcu.externaltools.gnu-tools-for-stm32.9-2020-q2-update.win32_2.0.0.202105311346/tools/bin/../lib/gcc/arm-none-eabi/9.3.1/../../../../arm-none-eabi/lib/thumb/v7e-m+fp/hard\libm.a
END GROUP
START GROUP
LOAD c:/st/stm32cubeide_1.5.1/stm32cubeide/plugins/com.st.stm32cube.ide.mcu.externaltools.gnu-tools-for-stm32.9-2020-q2-update.win32_2.0.0.202105311346/tools/bin/../lib/gcc/arm-none-eabi/9.3.1/thumb/v7e-m+fp/hard\libgcc.a
LOAD c:/st/stm32cubeide_1.5.1/stm32cubeide/plugins/com.st.stm32cube.ide.mcu.externaltools.gnu-tools-for-stm32.9-2020-q2-update.win32_2.0.0.202105311346/tools/bin/../lib/gcc/arm-none-eabi/9.3.1/../../../../arm-none-eabi/lib/thumb/v7e-m+fp/hard\libc_nano.a
END GROUP
START GROUP
LOAD c:/st/stm32cubeide_1.5.1/stm32cubeide/plugins/com.st.stm32cube.ide.mcu.externaltools.gnu-tools-for-stm32.9-2020-q2-update.win32_2.0.0.202105311346/tools/bin/../lib/gcc/arm-none-eabi/9.3.1/thumb/v7e-m+fp/hard\libgcc.a
LOAD c:/st/stm32cubeide_1.5.1/stm32cubeide/plugins/com.st.stm32cube.ide.mcu.externaltools.gnu-tools-for-stm32.9-2020-q2-update.win32_2.0.0.202105311346/tools/bin/../lib/gcc/arm-none-eabi/9.3.1/../../../../arm-none-eabi/lib/thumb/v7e-m+fp/hard\libc_nano.a
LOAD c:/st/stm32cubeide_1.5.1/stm32cubeide/plugins/com.st.stm32cube.ide.mcu.externaltools.gnu-tools-for-stm32.9-2020-q2-update.win32_2.0.0.202105311346/tools/bin/../lib/gcc/arm-none-eabi/9.3.1/../../../../arm-none-eabi/lib/thumb/v7e-m+fp/hard\libnosys.a
END GROUP
START GROUP
LOAD c:/st/stm32cubeide_1.5.1/stm32cubeide/plugins/com.st.stm32cube.ide.mcu.externaltools.gnu-tools-for-stm32.9-2020-q2-update.win32_2.0.0.202105311346/tools/bin/../lib/gcc/arm-none-eabi/9.3.1/thumb/v7e-m+fp/hard\libgcc.a
LOAD c:/st/stm32cubeide_1.5.1/stm32cubeide/plugins/com.st.stm32cube.ide.mcu.externaltools.gnu-tools-for-stm32.9-2020-q2-update.win32_2.0.0.202105311346/tools/bin/../lib/gcc/arm-none-eabi/9.3.1/../../../../arm-none-eabi/lib/thumb/v7e-m+fp/hard\libc_nano.a
LOAD c:/st/stm32cubeide_1.5.1/stm32cubeide/plugins/com.st.stm32cube.ide.mcu.externaltools.gnu-tools-for-stm32.9-2020-q2-update.win32_2.0.0.202105311346/tools/bin/../lib/gcc/arm-none-eabi/9.3.1/../../../../arm-none-eabi/lib/thumb/v7e-m+fp/hard\libnosys.a
END GROUP
LOAD c:/st/stm32cubeide_1.5.1/stm32cubeide/plugins/com.st.stm32cube.ide.mcu.externaltools.gnu-tools-for-stm32.9-2020-q2-update.win32_2.0.0.202105311346/tools/bin/../lib/gcc/arm-none-eabi/9.3.1/thumb/v7e-m+fp/hard/crtend.o
LOAD c:/st/stm32cubeide_1.5.1/stm32cubeide/plugins/com.st.stm32cube.ide.mcu.externaltools.gnu-tools-for-stm32.9-2020-q2-update.win32_2.0.0.202105311346/tools/bin/../lib/gcc/arm-none-eabi/9.3.1/thumb/v7e-m+fp/hard/crtn.o
                0x0000000020020000                _estack = (ORIGIN (RAM) + LENGTH (RAM))
                0x0000000000000200                _Min_Heap_Size = 0x200
                0x0000000000000400                _Min_Stack_Size = 0x400

.isr_vector     0x0000000008000000      0x188
                0x0000000008000000                . = ALIGN (0x4)
 *(.isr_vector)
 .isr_vector    0x0000000008000000      0x188 ./Core/Startup/startup_stm32f405rgtx.o
                0x0000000008000000                g_pfnVectors
                0x0000000008000188                . = ALIGN (0x4)

.text           0x0000000008000188     0x6b74
                0x0000000008000188                . = ALIGN (0x4)
 *(.text)
 .text          0x0000000008000188       0x40 c:/st/stm32cubeide_1.5.1/stm32cubeide/plugins/com.st.stm32cube.ide.mcu.externaltools.gnu-tools-for-stm32.9-2020-q2-update.win32_2.0.0.202105311346/tools/bin/../lib/gcc/arm-none-eabi/9.3.1/thumb/v7e-m+fp/hard/crtbegin.o
 .text          0x00000000080001c8      0x378 c:/st/stm32cubeide_1.5.1/stm32cubeide/plugins/com.st.stm32cube.ide.mcu.externaltools.gnu-tools-for-stm32.9-2020-q2-update.win32_2.0.0.202105311346/tools/bin/../lib/gcc/arm-none-eabi/9.3.1/thumb/v7e-m+fp/hard\libgcc.a(_arm_addsubdf3.o)
                0x00000000080001c8                __aeabi_drsub
                0x00000000080001d0                __aeabi_dsub
                0x00000000080001d0                __subdf3
                0x00000000080001d4                __aeabi_dadd
                0x00000000080001d4                __adddf3
                0x000000000800044c                __floatunsidf
                0x000000000800044c                __aeabi_ui2d
                0x000000000800046c                __floatsidf
                0x000000000800046c                __aeabi_i2d
                0x0000000008000490                __aeabi_f2d
                0x0000000008000490                __extendsfdf2
                0x00000000080004d4                __floatundidf
                0x00000000080004d4                __aeabi_ul2d
                0x00000000080004e4                __floatdidf
                0x00000000080004e4                __aeabi_l2d
 .text          0x0000000008000540      0x424 c:/st/stm32cubeide_1.5.1/stm32cubeide/plugins/com.st.stm32cube.ide.mcu.externaltools.gnu-tools-for-stm32.9-2020-q2-update.win32_2.0.0.202105311346/tools/bin/../lib/gcc/arm-none-eabi/9.3.1/thumb/v7e-m+fp/hard\libgcc.a(_arm_muldivdf3.o)
                0x0000000008000540                __aeabi_dmul
                0x0000000008000540                __muldf3
                0x0000000008000794                __divdf3
                0x0000000008000794                __aeabi_ddiv
 .text          0x0000000008000964      0x110 c:/st/stm32cubeide_1.5.1/stm32cubeide/plugins/com.st.stm32cube.ide.mcu.externaltools.gnu-tools-for-stm32.9-2020-q2-update.win32_2.0.0.202105311346/tools/bin/../lib/gcc/arm-none-eabi/9.3.1/thumb/v7e-m+fp/hard\libgcc.a(_arm_cmpdf2.o)
                0x0000000008000964                __gtdf2
                0x0000000008000964                __gedf2
                0x000000000800096c                __ltdf2
                0x000000000800096c                __ledf2
                0x0000000008000974                __nedf2
                0x0000000008000974                __eqdf2
                0x0000000008000974                __cmpdf2
                0x00000000080009f0                __aeabi_cdrcmple
                0x0000000008000a00                __aeabi_cdcmpeq
                0x0000000008000a00                __aeabi_cdcmple
                0x0000000008000a10                __aeabi_dcmpeq
                0x0000000008000a24                __aeabi_dcmplt
                0x0000000008000a38                __aeabi_dcmple
                0x0000000008000a4c                __aeabi_dcmpge
                0x0000000008000a60                __aeabi_dcmpgt
 .text          0x0000000008000a74       0x50 c:/st/stm32cubeide_1.5.1/stm32cubeide/plugins/com.st.stm32cube.ide.mcu.externaltools.gnu-tools-for-stm32.9-2020-q2-update.win32_2.0.0.202105311346/tools/bin/../lib/gcc/arm-none-eabi/9.3.1/thumb/v7e-m+fp/hard\libgcc.a(_arm_fixdfsi.o)
                0x0000000008000a74                __aeabi_d2iz
                0x0000000008000a74                __fixdfsi
 .text          0x0000000008000ac4       0xa0 c:/st/stm32cubeide_1.5.1/stm32cubeide/plugins/com.st.stm32cube.ide.mcu.externaltools.gnu-tools-for-stm32.9-2020-q2-update.win32_2.0.0.202105311346/tools/bin/../lib/gcc/arm-none-eabi/9.3.1/thumb/v7e-m+fp/hard\libgcc.a(_arm_truncdfsf2.o)
                0x0000000008000ac4                __truncdfsf2
                0x0000000008000ac4                __aeabi_d2f
 .text          0x0000000008000b64       0x30 c:/st/stm32cubeide_1.5.1/stm32cubeide/plugins/com.st.stm32cube.ide.mcu.externaltools.gnu-tools-for-stm32.9-2020-q2-update.win32_2.0.0.202105311346/tools/bin/../lib/gcc/arm-none-eabi/9.3.1/thumb/v7e-m+fp/hard\libgcc.a(_aeabi_uldivmod.o)
                0x0000000008000b64                __aeabi_uldivmod
 .text          0x0000000008000b94      0x2c4 c:/st/stm32cubeide_1.5.1/stm32cubeide/plugins/com.st.stm32cube.ide.mcu.externaltools.gnu-tools-for-stm32.9-2020-q2-update.win32_2.0.0.202105311346/tools/bin/../lib/gcc/arm-none-eabi/9.3.1/thumb/v7e-m+fp/hard\libgcc.a(_udivmoddi4.o)
                0x0000000008000b94                __udivmoddi4
 .text          0x0000000008000e58        0x4 c:/st/stm32cubeide_1.5.1/stm32cubeide/plugins/com.st.stm32cube.ide.mcu.externaltools.gnu-tools-for-stm32.9-2020-q2-update.win32_2.0.0.202105311346/tools/bin/../lib/gcc/arm-none-eabi/9.3.1/thumb/v7e-m+fp/hard\libgcc.a(_dvmd_tls.o)
                0x0000000008000e58                __aeabi_idiv0
                0x0000000008000e58                __aeabi_ldiv0
 *(.text*)
 .text.GAS_CCTL_outputInit
                0x0000000008000e5c       0x3c ./Core/Src/GAS_CCTL.o
                0x0000000008000e5c                GAS_CCTL_outputInit
 .text.GAS_CCTL_onAll
                0x0000000008000e98       0x20 ./Core/Src/GAS_CCTL.o
 .text.GAS_CCTL_Control
                0x0000000008000eb8      0x284 ./Core/Src/GAS_CCTL.o
                0x0000000008000eb8                GAS_CCTL_Control
 .text.GAS_Can_txSetting
                0x000000000800113c       0x34 ./Core/Src/GAS_Can.o
                0x000000000800113c                GAS_Can_txSetting
 .text.GAS_Can_rxSetting
                0x0000000008001170       0x78 ./Core/Src/GAS_Can.o
                0x0000000008001170                GAS_Can_rxSetting
 .text.GAS_Can_init
                0x00000000080011e8       0x2c ./Core/Src/GAS_Can.o
                0x00000000080011e8                GAS_Can_init
 .text.GAS_Can_sendMessage
                0x0000000008001214       0x30 ./Core/Src/GAS_Can.o
                0x0000000008001214                GAS_Can_sendMessage
 .text.HAL_CAN_RxFifo0MsgPendingCallback
                0x0000000008001244       0x64 ./Core/Src/GAS_Can.o
                0x0000000008001244                HAL_CAN_RxFifo0MsgPendingCallback
 .text.__NVIC_SetPriority
                0x00000000080012a8       0x54 ./Core/Src/GAS_Scheduler.o
 .text.SysTick_Config
                0x00000000080012fc       0x44 ./Core/Src/GAS_Scheduler.o
 .text.GAS_Scheduler_init
                0x0000000008001340       0x30 ./Core/Src/GAS_Scheduler.o
                0x0000000008001340                GAS_Scheduler_init
 .text.GAS_Scheduler_taskCounter_1ms
                0x0000000008001370        0xc ./Core/Src/GAS_Scheduler.o
                0x0000000008001370                GAS_Scheduler_taskCounter_1ms
 .text.GAS_Scheduler_taskCounter_10ms
                0x000000000800137c       0x10 ./Core/Src/GAS_Scheduler.o
                0x000000000800137c                GAS_Scheduler_taskCounter_10ms
 .text.GAS_Scheduler_taskCounter_100ms
                0x000000000800138c       0x18 ./Core/Src/GAS_Scheduler.o
                0x000000000800138c                GAS_Scheduler_taskCounter_100ms
 .text.GAS_Scheduler_taskCounter_1000ms
                0x00000000080013a4        0xe ./Core/Src/GAS_Scheduler.o
                0x00000000080013a4                GAS_Scheduler_taskCounter_1000ms
 *fill*         0x00000000080013b2        0x2 
 .text.HAL_SYSTICK_Callback
                0x00000000080013b4       0x8c ./Core/Src/GAS_Scheduler.o
                0x00000000080013b4                HAL_SYSTICK_Callback
 .text.GAS_Scheduler
                0x0000000008001440       0x5c ./Core/Src/GAS_Scheduler.o
                0x0000000008001440                GAS_Scheduler
 .text.GAS_Vadc_init
                0x000000000800149c       0x2c ./Core/Src/GAS_Vadc.o
                0x000000000800149c                GAS_Vadc_init
 .text.calcTemp
                0x00000000080014c8       0xc0 ./Core/Src/GAS_Vadc.o
 .text.GAS_Vadc_getValue
                0x0000000008001588       0xc0 ./Core/Src/GAS_Vadc.o
                0x0000000008001588                GAS_Vadc_getValue
 .text.MX_ADC1_Init
                0x0000000008001648      0x168 ./Core/Src/adc.o
                0x0000000008001648                MX_ADC1_Init
 .text.HAL_ADC_MspInit
                0x00000000080017b0      0x128 ./Core/Src/adc.o
                0x00000000080017b0                HAL_ADC_MspInit
 .text.MX_CAN2_Init
                0x00000000080018d8       0x6c ./Core/Src/can.o
                0x00000000080018d8                MX_CAN2_Init
 .text.HAL_CAN_MspInit
                0x0000000008001944       0xcc ./Core/Src/can.o
                0x0000000008001944                HAL_CAN_MspInit
 .text.MX_CRC_Init
                0x0000000008001a10       0x28 ./Core/Src/crc.o
                0x0000000008001a10                MX_CRC_Init
 .text.HAL_CRC_MspInit
                0x0000000008001a38       0x44 ./Core/Src/crc.o
                0x0000000008001a38                HAL_CRC_MspInit
 .text.MX_DMA_Init
                0x0000000008001a7c       0x40 ./Core/Src/dma.o
                0x0000000008001a7c                MX_DMA_Init
 .text.MX_GPIO_Init
                0x0000000008001abc      0x108 ./Core/Src/gpio.o
                0x0000000008001abc                MX_GPIO_Init
 .text.main     0x0000000008001bc4       0x42 ./Core/Src/main.o
                0x0000000008001bc4                main
 *fill*         0x0000000008001c06        0x2 
 .text.SystemClock_Config
                0x0000000008001c08       0xd8 ./Core/Src/main.o
                0x0000000008001c08                SystemClock_Config
 .text.Error_Handler
                0x0000000008001ce0       0x1c ./Core/Src/main.o
                0x0000000008001ce0                Error_Handler
 .text.MX_SPI3_Init
                0x0000000008001cfc       0x6c ./Core/Src/spi.o
                0x0000000008001cfc                MX_SPI3_Init
 .text.HAL_SPI_MspInit
                0x0000000008001d68       0xd4 ./Core/Src/spi.o
                0x0000000008001d68                HAL_SPI_MspInit
 .text.HAL_MspInit
                0x0000000008001e3c       0x50 ./Core/Src/stm32f4xx_hal_msp.o
                0x0000000008001e3c                HAL_MspInit
 .text.NMI_Handler
                0x0000000008001e8c        0xa ./Core/Src/stm32f4xx_it.o
                0x0000000008001e8c                NMI_Handler
 .text.HardFault_Handler
                0x0000000008001e96        0x6 ./Core/Src/stm32f4xx_it.o
                0x0000000008001e96                HardFault_Handler
 .text.MemManage_Handler
                0x0000000008001e9c        0x6 ./Core/Src/stm32f4xx_it.o
                0x0000000008001e9c                MemManage_Handler
 .text.BusFault_Handler
                0x0000000008001ea2        0x6 ./Core/Src/stm32f4xx_it.o
                0x0000000008001ea2                BusFault_Handler
 .text.UsageFault_Handler
                0x0000000008001ea8        0x6 ./Core/Src/stm32f4xx_it.o
                0x0000000008001ea8                UsageFault_Handler
 .text.SVC_Handler
                0x0000000008001eae        0xe ./Core/Src/stm32f4xx_it.o
                0x0000000008001eae                SVC_Handler
 .text.DebugMon_Handler
                0x0000000008001ebc        0xe ./Core/Src/stm32f4xx_it.o
                0x0000000008001ebc                DebugMon_Handler
 .text.PendSV_Handler
                0x0000000008001eca        0xe ./Core/Src/stm32f4xx_it.o
                0x0000000008001eca                PendSV_Handler
 .text.SysTick_Handler
                0x0000000008001ed8       0x10 ./Core/Src/stm32f4xx_it.o
                0x0000000008001ed8                SysTick_Handler
 .text.DMA2_Stream0_IRQHandler
                0x0000000008001ee8       0x14 ./Core/Src/stm32f4xx_it.o
                0x0000000008001ee8                DMA2_Stream0_IRQHandler
 .text.CAN2_RX0_IRQHandler
                0x0000000008001efc       0x14 ./Core/Src/stm32f4xx_it.o
                0x0000000008001efc                CAN2_RX0_IRQHandler
 .text.CAN2_RX1_IRQHandler
                0x0000000008001f10       0x14 ./Core/Src/stm32f4xx_it.o
                0x0000000008001f10                CAN2_RX1_IRQHandler
 .text.SystemInit
                0x0000000008001f24       0x2c ./Core/Src/system_stm32f4xx.o
                0x0000000008001f24                SystemInit
 .text.MX_TIM1_Init
                0x0000000008001f50      0x104 ./Core/Src/tim.o
                0x0000000008001f50                MX_TIM1_Init
 .text.MX_TIM3_Init
                0x0000000008002054       0xc8 ./Core/Src/tim.o
                0x0000000008002054                MX_TIM3_Init
 .text.MX_TIM5_Init
                0x000000000800211c       0xa0 ./Core/Src/tim.o
                0x000000000800211c                MX_TIM5_Init
 .text.MX_TIM8_Init
                0x00000000080021bc      0x11c ./Core/Src/tim.o
                0x00000000080021bc                MX_TIM8_Init
 .text.HAL_TIM_PWM_MspInit
                0x00000000080022d8       0x9c ./Core/Src/tim.o
                0x00000000080022d8                HAL_TIM_PWM_MspInit
 .text.HAL_TIM_Base_MspInit
                0x0000000008002374       0x44 ./Core/Src/tim.o
                0x0000000008002374                HAL_TIM_Base_MspInit
 .text.HAL_TIM_MspPostInit
                0x00000000080023b8      0x114 ./Core/Src/tim.o
                0x00000000080023b8                HAL_TIM_MspPostInit
 .text.MX_USB_OTG_HS_PCD_Init
                0x00000000080024cc       0x64 ./Core/Src/usb_otg.o
                0x00000000080024cc                MX_USB_OTG_HS_PCD_Init
 .text.HAL_PCD_MspInit
                0x0000000008002530       0x90 ./Core/Src/usb_otg.o
                0x0000000008002530                HAL_PCD_MspInit
 .text.Reset_Handler
                0x00000000080025c0       0x50 ./Core/Startup/startup_stm32f405rgtx.o
                0x00000000080025c0                Reset_Handler
 .text.Default_Handler
                0x0000000008002610        0x2 ./Core/Startup/startup_stm32f405rgtx.o
                0x0000000008002610                RTC_Alarm_IRQHandler
                0x0000000008002610                HASH_RNG_IRQHandler
                0x0000000008002610                EXTI2_IRQHandler
                0x0000000008002610                TIM8_CC_IRQHandler
                0x0000000008002610                TIM1_CC_IRQHandler
                0x0000000008002610                DMA2_Stream5_IRQHandler
                0x0000000008002610                DMA1_Stream5_IRQHandler
                0x0000000008002610                PVD_IRQHandler
                0x0000000008002610                SDIO_IRQHandler
                0x0000000008002610                TAMP_STAMP_IRQHandler
                0x0000000008002610                EXTI3_IRQHandler
                0x0000000008002610                TIM8_TRG_COM_TIM14_IRQHandler
                0x0000000008002610                TIM1_UP_TIM10_IRQHandler
                0x0000000008002610                TIM8_UP_TIM13_IRQHandler
                0x0000000008002610                I2C3_ER_IRQHandler
                0x0000000008002610                EXTI0_IRQHandler
                0x0000000008002610                I2C2_EV_IRQHandler
                0x0000000008002610                DMA1_Stream2_IRQHandler
                0x0000000008002610                CAN1_RX0_IRQHandler
                0x0000000008002610                FPU_IRQHandler
                0x0000000008002610                OTG_HS_WKUP_IRQHandler
                0x0000000008002610                CAN2_SCE_IRQHandler
                0x0000000008002610                DMA2_Stream2_IRQHandler
                0x0000000008002610                SPI1_IRQHandler
                0x0000000008002610                TIM6_DAC_IRQHandler
                0x0000000008002610                TIM1_BRK_TIM9_IRQHandler
                0x0000000008002610                DMA2_Stream3_IRQHandler
                0x0000000008002610                USART6_IRQHandler
                0x0000000008002610                USART3_IRQHandler
                0x0000000008002610                CAN1_RX1_IRQHandler
                0x0000000008002610                UART5_IRQHandler
                0x0000000008002610                TIM4_IRQHandler
                0x0000000008002610                I2C1_EV_IRQHandler
                0x0000000008002610                DMA1_Stream6_IRQHandler
                0x0000000008002610                DMA1_Stream1_IRQHandler
                0x0000000008002610                UART4_IRQHandler
                0x0000000008002610                TIM3_IRQHandler
                0x0000000008002610                RCC_IRQHandler
                0x0000000008002610                TIM8_BRK_TIM12_IRQHandler
                0x0000000008002610                Default_Handler
                0x0000000008002610                EXTI15_10_IRQHandler
                0x0000000008002610                ADC_IRQHandler
                0x0000000008002610                DMA1_Stream7_IRQHandler
                0x0000000008002610                TIM7_IRQHandler
                0x0000000008002610                CAN2_TX_IRQHandler
                0x0000000008002610                TIM5_IRQHandler
                0x0000000008002610                DMA2_Stream7_IRQHandler
                0x0000000008002610                I2C3_EV_IRQHandler
                0x0000000008002610                EXTI9_5_IRQHandler
                0x0000000008002610                RTC_WKUP_IRQHandler
                0x0000000008002610                SPI2_IRQHandler
                0x0000000008002610                OTG_HS_EP1_IN_IRQHandler
                0x0000000008002610                DMA1_Stream0_IRQHandler
                0x0000000008002610                CAN1_TX_IRQHandler
                0x0000000008002610                EXTI4_IRQHandler
                0x0000000008002610                FSMC_IRQHandler
                0x0000000008002610                OTG_HS_EP1_OUT_IRQHandler
                0x0000000008002610                WWDG_IRQHandler
                0x0000000008002610                TIM2_IRQHandler
                0x0000000008002610                OTG_FS_WKUP_IRQHandler
                0x0000000008002610                TIM1_TRG_COM_TIM11_IRQHandler
                0x0000000008002610                OTG_HS_IRQHandler
                0x0000000008002610                EXTI1_IRQHandler
                0x0000000008002610                USART2_IRQHandler
                0x0000000008002610                I2C2_ER_IRQHandler
                0x0000000008002610                DMA2_Stream1_IRQHandler
                0x0000000008002610                CAN1_SCE_IRQHandler
                0x0000000008002610                FLASH_IRQHandler
                0x0000000008002610                DMA2_Stream4_IRQHandler
                0x0000000008002610                USART1_IRQHandler
                0x0000000008002610                OTG_FS_IRQHandler
                0x0000000008002610                SPI3_IRQHandler
                0x0000000008002610                DMA1_Stream4_IRQHandler
                0x0000000008002610                I2C1_ER_IRQHandler
                0x0000000008002610                DMA2_Stream6_IRQHandler
                0x0000000008002610                DMA1_Stream3_IRQHandler
 *fill*         0x0000000008002612        0x2 
 .text.HAL_Init
                0x0000000008002614       0x44 ./Drivers/STM32F4xx_HAL_Driver/Src/stm32f4xx_hal.o
                0x0000000008002614                HAL_Init
 .text.HAL_InitTick
                0x0000000008002658       0x60 ./Drivers/STM32F4xx_HAL_Driver/Src/stm32f4xx_hal.o
                0x0000000008002658                HAL_InitTick
 .text.HAL_IncTick
                0x00000000080026b8       0x28 ./Drivers/STM32F4xx_HAL_Driver/Src/stm32f4xx_hal.o
                0x00000000080026b8                HAL_IncTick
 .text.HAL_GetTick
                0x00000000080026e0       0x18 ./Drivers/STM32F4xx_HAL_Driver/Src/stm32f4xx_hal.o
                0x00000000080026e0                HAL_GetTick
 .text.HAL_Delay
                0x00000000080026f8       0x48 ./Drivers/STM32F4xx_HAL_Driver/Src/stm32f4xx_hal.o
                0x00000000080026f8                HAL_Delay
 .text.HAL_ADC_Init
                0x0000000008002740       0x86 ./Drivers/STM32F4xx_HAL_Driver/Src/stm32f4xx_hal_adc.o
                0x0000000008002740                HAL_ADC_Init
 *fill*         0x00000000080027c6        0x2 
 .text.HAL_ADC_Start_DMA
                0x00000000080027c8      0x220 ./Drivers/STM32F4xx_HAL_Driver/Src/stm32f4xx_hal_adc.o
                0x00000000080027c8                HAL_ADC_Start_DMA
 .text.HAL_ADC_ConvCpltCallback
                0x00000000080029e8       0x14 ./Drivers/STM32F4xx_HAL_Driver/Src/stm32f4xx_hal_adc.o
                0x00000000080029e8                HAL_ADC_ConvCpltCallback
 .text.HAL_ADC_ConvHalfCpltCallback
                0x00000000080029fc       0x14 ./Drivers/STM32F4xx_HAL_Driver/Src/stm32f4xx_hal_adc.o
                0x00000000080029fc                HAL_ADC_ConvHalfCpltCallback
 .text.HAL_ADC_ErrorCallback
                0x0000000008002a10       0x14 ./Drivers/STM32F4xx_HAL_Driver/Src/stm32f4xx_hal_adc.o
                0x0000000008002a10                HAL_ADC_ErrorCallback
 .text.HAL_ADC_ConfigChannel
                0x0000000008002a24      0x244 ./Drivers/STM32F4xx_HAL_Driver/Src/stm32f4xx_hal_adc.o
                0x0000000008002a24                HAL_ADC_ConfigChannel
 .text.ADC_Init
                0x0000000008002c68      0x1f8 ./Drivers/STM32F4xx_HAL_Driver/Src/stm32f4xx_hal_adc.o
 .text.ADC_DMAConvCplt
                0x0000000008002e60       0xba ./Drivers/STM32F4xx_HAL_Driver/Src/stm32f4xx_hal_adc.o
 .text.ADC_DMAHalfConvCplt
                0x0000000008002f1a       0x1c ./Drivers/STM32F4xx_HAL_Driver/Src/stm32f4xx_hal_adc.o
 .text.ADC_DMAError
                0x0000000008002f36       0x2e ./Drivers/STM32F4xx_HAL_Driver/Src/stm32f4xx_hal_adc.o
 .text.HAL_CAN_Init
                0x0000000008002f64      0x1f6 ./Drivers/STM32F4xx_HAL_Driver/Src/stm32f4xx_hal_can.o
                0x0000000008002f64                HAL_CAN_Init
 *fill*         0x000000000800315a        0x2 
 .text.HAL_CAN_ConfigFilter
                0x000000000800315c      0x1c0 ./Drivers/STM32F4xx_HAL_Driver/Src/stm32f4xx_hal_can.o
                0x000000000800315c                HAL_CAN_ConfigFilter
 .text.HAL_CAN_Start
                0x000000000800331c       0x88 ./Drivers/STM32F4xx_HAL_Driver/Src/stm32f4xx_hal_can.o
                0x000000000800331c                HAL_CAN_Start
 .text.HAL_CAN_AddTxMessage
                0x00000000080033a4      0x1b6 ./Drivers/STM32F4xx_HAL_Driver/Src/stm32f4xx_hal_can.o
                0x00000000080033a4                HAL_CAN_AddTxMessage
 .text.HAL_CAN_GetTxMailboxesFreeLevel
                0x000000000800355a       0x6a ./Drivers/STM32F4xx_HAL_Driver/Src/stm32f4xx_hal_can.o
                0x000000000800355a                HAL_CAN_GetTxMailboxesFreeLevel
 .text.HAL_CAN_GetRxMessage
                0x00000000080035c4      0x224 ./Drivers/STM32F4xx_HAL_Driver/Src/stm32f4xx_hal_can.o
                0x00000000080035c4                HAL_CAN_GetRxMessage
 .text.HAL_CAN_ActivateNotification
                0x00000000080037e8       0x4c ./Drivers/STM32F4xx_HAL_Driver/Src/stm32f4xx_hal_can.o
                0x00000000080037e8                HAL_CAN_ActivateNotification
 .text.HAL_CAN_IRQHandler
                0x0000000008003834      0x36e ./Drivers/STM32F4xx_HAL_Driver/Src/stm32f4xx_hal_can.o
                0x0000000008003834                HAL_CAN_IRQHandler
 .text.HAL_CAN_TxMailbox0CompleteCallback
                0x0000000008003ba2       0x14 ./Drivers/STM32F4xx_HAL_Driver/Src/stm32f4xx_hal_can.o
                0x0000000008003ba2                HAL_CAN_TxMailbox0CompleteCallback
 .text.HAL_CAN_TxMailbox1CompleteCallback
                0x0000000008003bb6       0x14 ./Drivers/STM32F4xx_HAL_Driver/Src/stm32f4xx_hal_can.o
                0x0000000008003bb6                HAL_CAN_TxMailbox1CompleteCallback
 .text.HAL_CAN_TxMailbox2CompleteCallback
                0x0000000008003bca       0x14 ./Drivers/STM32F4xx_HAL_Driver/Src/stm32f4xx_hal_can.o
                0x0000000008003bca                HAL_CAN_TxMailbox2CompleteCallback
 .text.HAL_CAN_TxMailbox0AbortCallback
                0x0000000008003bde       0x14 ./Drivers/STM32F4xx_HAL_Driver/Src/stm32f4xx_hal_can.o
                0x0000000008003bde                HAL_CAN_TxMailbox0AbortCallback
 .text.HAL_CAN_TxMailbox1AbortCallback
                0x0000000008003bf2       0x14 ./Drivers/STM32F4xx_HAL_Driver/Src/stm32f4xx_hal_can.o
                0x0000000008003bf2                HAL_CAN_TxMailbox1AbortCallback
 .text.HAL_CAN_TxMailbox2AbortCallback
                0x0000000008003c06       0x14 ./Drivers/STM32F4xx_HAL_Driver/Src/stm32f4xx_hal_can.o
                0x0000000008003c06                HAL_CAN_TxMailbox2AbortCallback
 .text.HAL_CAN_RxFifo0FullCallback
                0x0000000008003c1a       0x14 ./Drivers/STM32F4xx_HAL_Driver/Src/stm32f4xx_hal_can.o
                0x0000000008003c1a                HAL_CAN_RxFifo0FullCallback
 .text.HAL_CAN_RxFifo1MsgPendingCallback
                0x0000000008003c2e       0x14 ./Drivers/STM32F4xx_HAL_Driver/Src/stm32f4xx_hal_can.o
                0x0000000008003c2e                HAL_CAN_RxFifo1MsgPendingCallback
 .text.HAL_CAN_RxFifo1FullCallback
                0x0000000008003c42       0x14 ./Drivers/STM32F4xx_HAL_Driver/Src/stm32f4xx_hal_can.o
                0x0000000008003c42                HAL_CAN_RxFifo1FullCallback
 .text.HAL_CAN_SleepCallback
                0x0000000008003c56       0x14 ./Drivers/STM32F4xx_HAL_Driver/Src/stm32f4xx_hal_can.o
                0x0000000008003c56                HAL_CAN_SleepCallback
 .text.HAL_CAN_WakeUpFromRxMsgCallback
                0x0000000008003c6a       0x14 ./Drivers/STM32F4xx_HAL_Driver/Src/stm32f4xx_hal_can.o
                0x0000000008003c6a                HAL_CAN_WakeUpFromRxMsgCallback
 .text.HAL_CAN_ErrorCallback
                0x0000000008003c7e       0x14 ./Drivers/STM32F4xx_HAL_Driver/Src/stm32f4xx_hal_can.o
                0x0000000008003c7e                HAL_CAN_ErrorCallback
 *fill*         0x0000000008003c92        0x2 
 .text.__NVIC_SetPriorityGrouping
                0x0000000008003c94       0x48 ./Drivers/STM32F4xx_HAL_Driver/Src/stm32f4xx_hal_cortex.o
 .text.__NVIC_GetPriorityGrouping
                0x0000000008003cdc       0x1c ./Drivers/STM32F4xx_HAL_Driver/Src/stm32f4xx_hal_cortex.o
 .text.__NVIC_EnableIRQ
                0x0000000008003cf8       0x3c ./Drivers/STM32F4xx_HAL_Driver/Src/stm32f4xx_hal_cortex.o
 .text.__NVIC_SetPriority
                0x0000000008003d34       0x54 ./Drivers/STM32F4xx_HAL_Driver/Src/stm32f4xx_hal_cortex.o
 .text.NVIC_EncodePriority
                0x0000000008003d88       0x66 ./Drivers/STM32F4xx_HAL_Driver/Src/stm32f4xx_hal_cortex.o
 *fill*         0x0000000008003dee        0x2 
 .text.SysTick_Config
                0x0000000008003df0       0x44 ./Drivers/STM32F4xx_HAL_Driver/Src/stm32f4xx_hal_cortex.o
 .text.HAL_NVIC_SetPriorityGrouping
                0x0000000008003e34       0x16 ./Drivers/STM32F4xx_HAL_Driver/Src/stm32f4xx_hal_cortex.o
                0x0000000008003e34                HAL_NVIC_SetPriorityGrouping
 .text.HAL_NVIC_SetPriority
                0x0000000008003e4a       0x38 ./Drivers/STM32F4xx_HAL_Driver/Src/stm32f4xx_hal_cortex.o
                0x0000000008003e4a                HAL_NVIC_SetPriority
 .text.HAL_NVIC_EnableIRQ
                0x0000000008003e82       0x1c ./Drivers/STM32F4xx_HAL_Driver/Src/stm32f4xx_hal_cortex.o
                0x0000000008003e82                HAL_NVIC_EnableIRQ
 .text.HAL_SYSTICK_Config
                0x0000000008003e9e       0x18 ./Drivers/STM32F4xx_HAL_Driver/Src/stm32f4xx_hal_cortex.o
                0x0000000008003e9e                HAL_SYSTICK_Config
 .text.HAL_SYSTICK_IRQHandler
                0x0000000008003eb6        0xc ./Drivers/STM32F4xx_HAL_Driver/Src/stm32f4xx_hal_cortex.o
                0x0000000008003eb6                HAL_SYSTICK_IRQHandler
 .text.HAL_CRC_Init
                0x0000000008003ec2       0x38 ./Drivers/STM32F4xx_HAL_Driver/Src/stm32f4xx_hal_crc.o
                0x0000000008003ec2                HAL_CRC_Init
 *fill*         0x0000000008003efa        0x2 
 .text.HAL_DMA_Init
                0x0000000008003efc      0x15c ./Drivers/STM32F4xx_HAL_Driver/Src/stm32f4xx_hal_dma.o
                0x0000000008003efc                HAL_DMA_Init
 .text.HAL_DMA_Start_IT
                0x0000000008004058       0xb0 ./Drivers/STM32F4xx_HAL_Driver/Src/stm32f4xx_hal_dma.o
                0x0000000008004058                HAL_DMA_Start_IT
 .text.HAL_DMA_IRQHandler
                0x0000000008004108      0x314 ./Drivers/STM32F4xx_HAL_Driver/Src/stm32f4xx_hal_dma.o
                0x0000000008004108                HAL_DMA_IRQHandler
 .text.DMA_SetConfig
                0x000000000800441c       0x5c ./Drivers/STM32F4xx_HAL_Driver/Src/stm32f4xx_hal_dma.o
 .text.DMA_CalcBaseAndBitshift
                0x0000000008004478       0x6c ./Drivers/STM32F4xx_HAL_Driver/Src/stm32f4xx_hal_dma.o
 .text.DMA_CheckFifoParam
                0x00000000080044e4       0xf8 ./Drivers/STM32F4xx_HAL_Driver/Src/stm32f4xx_hal_dma.o
 .text.HAL_GPIO_Init
                0x00000000080045dc      0x338 ./Drivers/STM32F4xx_HAL_Driver/Src/stm32f4xx_hal_gpio.o
                0x00000000080045dc                HAL_GPIO_Init
 .text.HAL_GPIO_WritePin
                0x0000000008004914       0x32 ./Drivers/STM32F4xx_HAL_Driver/Src/stm32f4xx_hal_gpio.o
                0x0000000008004914                HAL_GPIO_WritePin
 .text.HAL_GPIO_TogglePin
                0x0000000008004946       0x34 ./Drivers/STM32F4xx_HAL_Driver/Src/stm32f4xx_hal_gpio.o
                0x0000000008004946                HAL_GPIO_TogglePin
 .text.HAL_PCD_Init
                0x000000000800497a      0x23a ./Drivers/STM32F4xx_HAL_Driver/Src/stm32f4xx_hal_pcd.o
                0x000000000800497a                HAL_PCD_Init
 .text.HAL_RCC_OscConfig
                0x0000000008004bb4      0x4f0 ./Drivers/STM32F4xx_HAL_Driver/Src/stm32f4xx_hal_rcc.o
                0x0000000008004bb4                HAL_RCC_OscConfig
 .text.HAL_RCC_ClockConfig
                0x00000000080050a4      0x1cc ./Drivers/STM32F4xx_HAL_Driver/Src/stm32f4xx_hal_rcc.o
                0x00000000080050a4                HAL_RCC_ClockConfig
 .text.HAL_RCC_EnableCSS
                0x0000000008005270       0x18 ./Drivers/STM32F4xx_HAL_Driver/Src/stm32f4xx_hal_rcc.o
                0x0000000008005270                HAL_RCC_EnableCSS
 .text.HAL_RCC_GetSysClockFreq
                0x0000000008005288      0x1c4 ./Drivers/STM32F4xx_HAL_Driver/Src/stm32f4xx_hal_rcc.o
                0x0000000008005288                HAL_RCC_GetSysClockFreq
 .text.HAL_RCC_NMI_IRQHandler
                0x000000000800544c       0x28 ./Drivers/STM32F4xx_HAL_Driver/Src/stm32f4xx_hal_rcc.o
                0x000000000800544c                HAL_RCC_NMI_IRQHandler
 .text.HAL_RCC_CSSCallback
                0x0000000008005474        0xe ./Drivers/STM32F4xx_HAL_Driver/Src/stm32f4xx_hal_rcc.o
                0x0000000008005474                HAL_RCC_CSSCallback
 .text.HAL_SPI_Init
                0x0000000008005482      0x112 ./Drivers/STM32F4xx_HAL_Driver/Src/stm32f4xx_hal_spi.o
                0x0000000008005482                HAL_SPI_Init
 .text.HAL_TIM_Base_Init
                0x0000000008005594       0x9e ./Drivers/STM32F4xx_HAL_Driver/Src/stm32f4xx_hal_tim.o
                0x0000000008005594                HAL_TIM_Base_Init
 .text.HAL_TIM_PWM_Init
                0x0000000008005632       0x9e ./Drivers/STM32F4xx_HAL_Driver/Src/stm32f4xx_hal_tim.o
                0x0000000008005632                HAL_TIM_PWM_Init
 .text.HAL_TIM_PWM_Start
                0x00000000080056d0      0x190 ./Drivers/STM32F4xx_HAL_Driver/Src/stm32f4xx_hal_tim.o
                0x00000000080056d0                HAL_TIM_PWM_Start
 .text.HAL_TIM_PWM_ConfigChannel
                0x0000000008005860      0x184 ./Drivers/STM32F4xx_HAL_Driver/Src/stm32f4xx_hal_tim.o
                0x0000000008005860                HAL_TIM_PWM_ConfigChannel
 .text.HAL_TIM_SlaveConfigSynchro
                0x00000000080059e4       0x84 ./Drivers/STM32F4xx_HAL_Driver/Src/stm32f4xx_hal_tim.o
                0x00000000080059e4                HAL_TIM_SlaveConfigSynchro
 .text.TIM_Base_SetConfig
                0x0000000008005a68      0x140 ./Drivers/STM32F4xx_HAL_Driver/Src/stm32f4xx_hal_tim.o
                0x0000000008005a68                TIM_Base_SetConfig
 .text.TIM_OC1_SetConfig
                0x0000000008005ba8       0xe0 ./Drivers/STM32F4xx_HAL_Driver/Src/stm32f4xx_hal_tim.o
 .text.TIM_OC2_SetConfig
                0x0000000008005c88       0xec ./Drivers/STM32F4xx_HAL_Driver/Src/stm32f4xx_hal_tim.o
                0x0000000008005c88                TIM_OC2_SetConfig
 .text.TIM_OC3_SetConfig
                0x0000000008005d74       0xe8 ./Drivers/STM32F4xx_HAL_Driver/Src/stm32f4xx_hal_tim.o
 .text.TIM_OC4_SetConfig
                0x0000000008005e5c       0xac ./Drivers/STM32F4xx_HAL_Driver/Src/stm32f4xx_hal_tim.o
 .text.TIM_SlaveTimer_SetConfig
                0x0000000008005f08      0x122 ./Drivers/STM32F4xx_HAL_Driver/Src/stm32f4xx_hal_tim.o
 .text.TIM_TI1_ConfigInputStage
                0x000000000800602a       0x5e ./Drivers/STM32F4xx_HAL_Driver/Src/stm32f4xx_hal_tim.o
 .text.TIM_TI2_ConfigInputStage
                0x0000000008006088       0x60 ./Drivers/STM32F4xx_HAL_Driver/Src/stm32f4xx_hal_tim.o
 .text.TIM_ETR_SetConfig
                0x00000000080060e8       0x40 ./Drivers/STM32F4xx_HAL_Driver/Src/stm32f4xx_hal_tim.o
                0x00000000080060e8                TIM_ETR_SetConfig
 .text.TIM_CCxChannelCmd
                0x0000000008006128       0x4a ./Drivers/STM32F4xx_HAL_Driver/Src/stm32f4xx_hal_tim.o
                0x0000000008006128                TIM_CCxChannelCmd
 *fill*         0x0000000008006172        0x2 
 .text.HAL_TIMEx_MasterConfigSynchronization
                0x0000000008006174       0xf8 ./Drivers/STM32F4xx_HAL_Driver/Src/stm32f4xx_hal_tim_ex.o
                0x0000000008006174                HAL_TIMEx_MasterConfigSynchronization
 .text.HAL_TIMEx_ConfigBreakDeadTime
                0x000000000800626c       0xa4 ./Drivers/STM32F4xx_HAL_Driver/Src/stm32f4xx_hal_tim_ex.o
                0x000000000800626c                HAL_TIMEx_ConfigBreakDeadTime
 .text.USB_CoreInit
                0x0000000008006310       0xc2 ./Drivers/STM32F4xx_HAL_Driver/Src/stm32f4xx_ll_usb.o
                0x0000000008006310                USB_CoreInit
 .text.USB_DisableGlobalInt
                0x00000000080063d2       0x22 ./Drivers/STM32F4xx_HAL_Driver/Src/stm32f4xx_ll_usb.o
                0x00000000080063d2                USB_DisableGlobalInt
 .text.USB_SetCurrentMode
                0x00000000080063f4       0x98 ./Drivers/STM32F4xx_HAL_Driver/Src/stm32f4xx_ll_usb.o
                0x00000000080063f4                USB_SetCurrentMode
 .text.USB_DevInit
                0x000000000800648c      0x2c8 ./Drivers/STM32F4xx_HAL_Driver/Src/stm32f4xx_ll_usb.o
                0x000000000800648c                USB_DevInit
 .text.USB_FlushTxFifo
                0x0000000008006754       0x48 ./Drivers/STM32F4xx_HAL_Driver/Src/stm32f4xx_ll_usb.o
                0x0000000008006754                USB_FlushTxFifo
 .text.USB_FlushRxFifo
                0x000000000800679c       0x40 ./Drivers/STM32F4xx_HAL_Driver/Src/stm32f4xx_ll_usb.o
                0x000000000800679c                USB_FlushRxFifo
 .text.USB_SetDevSpeed
                0x00000000080067dc       0x32 ./Drivers/STM32F4xx_HAL_Driver/Src/stm32f4xx_ll_usb.o
                0x00000000080067dc                USB_SetDevSpeed
 .text.USB_DevDisconnect
                0x000000000800680e       0x42 ./Drivers/STM32F4xx_HAL_Driver/Src/stm32f4xx_ll_usb.o
                0x000000000800680e                USB_DevDisconnect
 .text.USB_GetMode
                0x0000000008006850       0x1c ./Drivers/STM32F4xx_HAL_Driver/Src/stm32f4xx_ll_usb.o
                0x0000000008006850                USB_GetMode
 .text.USB_CoreReset
                0x000000000800686c       0x64 ./Drivers/STM32F4xx_HAL_Driver/Src/stm32f4xx_ll_usb.o
 .text.__errno  0x00000000080068d0        0xc c:/st/stm32cubeide_1.5.1/stm32cubeide/plugins/com.st.stm32cube.ide.mcu.externaltools.gnu-tools-for-stm32.9-2020-q2-update.win32_2.0.0.202105311346/tools/bin/../lib/gcc/arm-none-eabi/9.3.1/../../../../arm-none-eabi/lib/thumb/v7e-m+fp/hard\libc_nano.a(lib_a-errno.o)
                0x00000000080068d0                __errno
 .text.__libc_init_array
                0x00000000080068dc       0x48 c:/st/stm32cubeide_1.5.1/stm32cubeide/plugins/com.st.stm32cube.ide.mcu.externaltools.gnu-tools-for-stm32.9-2020-q2-update.win32_2.0.0.202105311346/tools/bin/../lib/gcc/arm-none-eabi/9.3.1/../../../../arm-none-eabi/lib/thumb/v7e-m+fp/hard\libc_nano.a(lib_a-init.o)
                0x00000000080068dc                __libc_init_array
 .text.memset   0x0000000008006924       0x10 c:/st/stm32cubeide_1.5.1/stm32cubeide/plugins/com.st.stm32cube.ide.mcu.externaltools.gnu-tools-for-stm32.9-2020-q2-update.win32_2.0.0.202105311346/tools/bin/../lib/gcc/arm-none-eabi/9.3.1/../../../../arm-none-eabi/lib/thumb/v7e-m+fp/hard\libc_nano.a(lib_a-memset.o)
                0x0000000008006924                memset
 *fill*         0x0000000008006934        0x4 
 .text.exp      0x0000000008006938       0x9c c:/st/stm32cubeide_1.5.1/stm32cubeide/plugins/com.st.stm32cube.ide.mcu.externaltools.gnu-tools-for-stm32.9-2020-q2-update.win32_2.0.0.202105311346/tools/bin/../lib/gcc/arm-none-eabi/9.3.1/../../../../arm-none-eabi/lib/thumb/v7e-m+fp/hard\libm.a(lib_a-w_exp.o)
                0x0000000008006938                exp
 *fill*         0x00000000080069d4        0x4 
 .text.__ieee754_exp
                0x00000000080069d8      0x2f4 c:/st/stm32cubeide_1.5.1/stm32cubeide/plugins/com.st.stm32cube.ide.mcu.externaltools.gnu-tools-for-stm32.9-2020-q2-update.win32_2.0.0.202105311346/tools/bin/../lib/gcc/arm-none-eabi/9.3.1/../../../../arm-none-eabi/lib/thumb/v7e-m+fp/hard\libm.a(lib_a-e_exp.o)
                0x00000000080069d8                __ieee754_exp
 .text.finite   0x0000000008006ccc       0x16 c:/st/stm32cubeide_1.5.1/stm32cubeide/plugins/com.st.stm32cube.ide.mcu.externaltools.gnu-tools-for-stm32.9-2020-q2-update.win32_2.0.0.202105311346/tools/bin/../lib/gcc/arm-none-eabi/9.3.1/../../../../arm-none-eabi/lib/thumb/v7e-m+fp/hard\libm.a(lib_a-s_finite.o)
                0x0000000008006ccc                finite
 *(.glue_7)
 .glue_7        0x0000000008006ce2        0x0 linker stubs
 *(.glue_7t)
 .glue_7t       0x0000000008006ce2        0x0 linker stubs
 *(.eh_frame)
 *fill*         0x0000000008006ce2        0x2 
 .eh_frame      0x0000000008006ce4        0x0 c:/st/stm32cubeide_1.5.1/stm32cubeide/plugins/com.st.stm32cube.ide.mcu.externaltools.gnu-tools-for-stm32.9-2020-q2-update.win32_2.0.0.202105311346/tools/bin/../lib/gcc/arm-none-eabi/9.3.1/thumb/v7e-m+fp/hard/crtbegin.o
 *(.init)
 .init          0x0000000008006ce4        0x4 c:/st/stm32cubeide_1.5.1/stm32cubeide/plugins/com.st.stm32cube.ide.mcu.externaltools.gnu-tools-for-stm32.9-2020-q2-update.win32_2.0.0.202105311346/tools/bin/../lib/gcc/arm-none-eabi/9.3.1/thumb/v7e-m+fp/hard/crti.o
                0x0000000008006ce4                _init
 .init          0x0000000008006ce8        0x8 c:/st/stm32cubeide_1.5.1/stm32cubeide/plugins/com.st.stm32cube.ide.mcu.externaltools.gnu-tools-for-stm32.9-2020-q2-update.win32_2.0.0.202105311346/tools/bin/../lib/gcc/arm-none-eabi/9.3.1/thumb/v7e-m+fp/hard/crtn.o
 *(.fini)
 .fini          0x0000000008006cf0        0x4 c:/st/stm32cubeide_1.5.1/stm32cubeide/plugins/com.st.stm32cube.ide.mcu.externaltools.gnu-tools-for-stm32.9-2020-q2-update.win32_2.0.0.202105311346/tools/bin/../lib/gcc/arm-none-eabi/9.3.1/thumb/v7e-m+fp/hard/crti.o
                0x0000000008006cf0                _fini
 .fini          0x0000000008006cf4        0x8 c:/st/stm32cubeide_1.5.1/stm32cubeide/plugins/com.st.stm32cube.ide.mcu.externaltools.gnu-tools-for-stm32.9-2020-q2-update.win32_2.0.0.202105311346/tools/bin/../lib/gcc/arm-none-eabi/9.3.1/thumb/v7e-m+fp/hard/crtn.o
                0x0000000008006cfc                . = ALIGN (0x4)
                0x0000000008006cfc                _etext = .

.vfp11_veneer   0x0000000008006cfc        0x0
 .vfp11_veneer  0x0000000008006cfc        0x0 linker stubs

.v4_bx          0x0000000008006cfc        0x0
 .v4_bx         0x0000000008006cfc        0x0 linker stubs

.iplt           0x0000000008006cfc        0x0
 .iplt          0x0000000008006cfc        0x0 c:/st/stm32cubeide_1.5.1/stm32cubeide/plugins/com.st.stm32cube.ide.mcu.externaltools.gnu-tools-for-stm32.9-2020-q2-update.win32_2.0.0.202105311346/tools/bin/../lib/gcc/arm-none-eabi/9.3.1/thumb/v7e-m+fp/hard/crtbegin.o

.rodata         0x0000000008006d00       0x48
                0x0000000008006d00                . = ALIGN (0x4)
 *(.rodata)
 *(.rodata*)
 .rodata.AHBPrescTable
                0x0000000008006d00       0x10 ./Core/Src/system_stm32f4xx.o
                0x0000000008006d00                AHBPrescTable
 .rodata.flagBitshiftOffset.9231
                0x0000000008006d10        0x8 ./Drivers/STM32F4xx_HAL_Driver/Src/stm32f4xx_hal_dma.o
 .rodata.halF   0x0000000008006d18       0x10 c:/st/stm32cubeide_1.5.1/stm32cubeide/plugins/com.st.stm32cube.ide.mcu.externaltools.gnu-tools-for-stm32.9-2020-q2-update.win32_2.0.0.202105311346/tools/bin/../lib/gcc/arm-none-eabi/9.3.1/../../../../arm-none-eabi/lib/thumb/v7e-m+fp/hard\libm.a(lib_a-e_exp.o)
 .rodata.ln2HI  0x0000000008006d28       0x10 c:/st/stm32cubeide_1.5.1/stm32cubeide/plugins/com.st.stm32cube.ide.mcu.externaltools.gnu-tools-for-stm32.9-2020-q2-update.win32_2.0.0.202105311346/tools/bin/../lib/gcc/arm-none-eabi/9.3.1/../../../../arm-none-eabi/lib/thumb/v7e-m+fp/hard\libm.a(lib_a-e_exp.o)
 .rodata.ln2LO  0x0000000008006d38       0x10 c:/st/stm32cubeide_1.5.1/stm32cubeide/plugins/com.st.stm32cube.ide.mcu.externaltools.gnu-tools-for-stm32.9-2020-q2-update.win32_2.0.0.202105311346/tools/bin/../lib/gcc/arm-none-eabi/9.3.1/../../../../arm-none-eabi/lib/thumb/v7e-m+fp/hard\libm.a(lib_a-e_exp.o)
                0x0000000008006d48                . = ALIGN (0x4)

.ARM.extab      0x0000000008006d48        0x0
                0x0000000008006d48                . = ALIGN (0x4)
 *(.ARM.extab* .gnu.linkonce.armextab.*)
                0x0000000008006d48                . = ALIGN (0x4)

.ARM            0x0000000008006d48        0x8
                0x0000000008006d48                . = ALIGN (0x4)
                0x0000000008006d48                __exidx_start = .
 *(.ARM.exidx*)
 .ARM.exidx     0x0000000008006d48        0x8 c:/st/stm32cubeide_1.5.1/stm32cubeide/plugins/com.st.stm32cube.ide.mcu.externaltools.gnu-tools-for-stm32.9-2020-q2-update.win32_2.0.0.202105311346/tools/bin/../lib/gcc/arm-none-eabi/9.3.1/thumb/v7e-m+fp/hard\libgcc.a(_udivmoddi4.o)
                0x0000000008006d50                __exidx_end = .
                0x0000000008006d50                . = ALIGN (0x4)

.rel.dyn        0x0000000008006d50        0x0
 .rel.iplt      0x0000000008006d50        0x0 c:/st/stm32cubeide_1.5.1/stm32cubeide/plugins/com.st.stm32cube.ide.mcu.externaltools.gnu-tools-for-stm32.9-2020-q2-update.win32_2.0.0.202105311346/tools/bin/../lib/gcc/arm-none-eabi/9.3.1/thumb/v7e-m+fp/hard/crtbegin.o

.preinit_array  0x0000000008006d50        0x0
                0x0000000008006d50                . = ALIGN (0x4)
                0x0000000008006d50                PROVIDE (__preinit_array_start = .)
 *(.preinit_array*)
                0x0000000008006d50                PROVIDE (__preinit_array_end = .)
                0x0000000008006d50                . = ALIGN (0x4)

.init_array     0x0000000008006d50        0x4
                0x0000000008006d50                . = ALIGN (0x4)
                0x0000000008006d50                PROVIDE (__init_array_start = .)
 *(SORT_BY_NAME(.init_array.*))
 *(.init_array*)
 .init_array    0x0000000008006d50        0x4 c:/st/stm32cubeide_1.5.1/stm32cubeide/plugins/com.st.stm32cube.ide.mcu.externaltools.gnu-tools-for-stm32.9-2020-q2-update.win32_2.0.0.202105311346/tools/bin/../lib/gcc/arm-none-eabi/9.3.1/thumb/v7e-m+fp/hard/crtbegin.o
                0x0000000008006d54                PROVIDE (__init_array_end = .)
                0x0000000008006d54                . = ALIGN (0x4)

.fini_array     0x0000000008006d54        0x4
                0x0000000008006d54                . = ALIGN (0x4)
                [!provide]                        PROVIDE (__fini_array_start = .)
 *(SORT_BY_NAME(.fini_array.*))
 *(.fini_array*)
 .fini_array    0x0000000008006d54        0x4 c:/st/stm32cubeide_1.5.1/stm32cubeide/plugins/com.st.stm32cube.ide.mcu.externaltools.gnu-tools-for-stm32.9-2020-q2-update.win32_2.0.0.202105311346/tools/bin/../lib/gcc/arm-none-eabi/9.3.1/thumb/v7e-m+fp/hard/crtbegin.o
                [!provide]                        PROVIDE (__fini_array_end = .)
                0x0000000008006d58                . = ALIGN (0x4)
                0x0000000008006d58                _sidata = LOADADDR (.data)

.data           0x0000000020000000       0x80 load address 0x0000000008006d58
                0x0000000020000000                . = ALIGN (0x4)
                0x0000000020000000                _sdata = .
 *(.data)
 *(.data*)
 .data.STM32_ID
                0x0000000020000000        0x2 ./Core/Src/GAS_Can.o
                0x0000000020000000                STM32_ID
 *fill*         0x0000000020000002        0x2 
 .data.TC_switch_ID
                0x0000000020000004        0x4 ./Core/Src/GAS_Can.o
                0x0000000020000004                TC_switch_ID
 .data.NumberOfVadc
                0x0000000020000008        0x4 ./Core/Src/GAS_Vadc.o
                0x0000000020000008                NumberOfVadc
 .data.SystemCoreClock
                0x000000002000000c        0x4 ./Core/Src/system_stm32f4xx.o
                0x000000002000000c                SystemCoreClock
 .data.uwTickPrio
                0x0000000020000010        0x4 ./Drivers/STM32F4xx_HAL_Driver/Src/stm32f4xx_hal.o
                0x0000000020000010                uwTickPrio
 .data.uwTickFreq
                0x0000000020000014        0x1 ./Drivers/STM32F4xx_HAL_Driver/Src/stm32f4xx_hal.o
                0x0000000020000014                uwTickFreq
 *fill*         0x0000000020000015        0x3 
 .data._impure_ptr
                0x0000000020000018        0x4 c:/st/stm32cubeide_1.5.1/stm32cubeide/plugins/com.st.stm32cube.ide.mcu.externaltools.gnu-tools-for-stm32.9-2020-q2-update.win32_2.0.0.202105311346/tools/bin/../lib/gcc/arm-none-eabi/9.3.1/../../../../arm-none-eabi/lib/thumb/v7e-m+fp/hard\libc_nano.a(lib_a-impure.o)
                0x0000000020000018                _impure_ptr
 .data.impure_data
                0x000000002000001c       0x60 c:/st/stm32cubeide_1.5.1/stm32cubeide/plugins/com.st.stm32cube.ide.mcu.externaltools.gnu-tools-for-stm32.9-2020-q2-update.win32_2.0.0.202105311346/tools/bin/../lib/gcc/arm-none-eabi/9.3.1/../../../../arm-none-eabi/lib/thumb/v7e-m+fp/hard\libc_nano.a(lib_a-impure.o)
 .data.__fdlib_version
                0x000000002000007c        0x1 c:/st/stm32cubeide_1.5.1/stm32cubeide/plugins/com.st.stm32cube.ide.mcu.externaltools.gnu-tools-for-stm32.9-2020-q2-update.win32_2.0.0.202105311346/tools/bin/../lib/gcc/arm-none-eabi/9.3.1/../../../../arm-none-eabi/lib/thumb/v7e-m+fp/hard\libm.a(lib_a-s_lib_ver.o)
                0x000000002000007c                __fdlib_version
 *(.RamFunc)
 *(.RamFunc*)
                0x0000000020000080                . = ALIGN (0x4)
 *fill*         0x000000002000007d        0x3 
                0x0000000020000080                _edata = .

.igot.plt       0x0000000020000080        0x0 load address 0x0000000008006dd8
 .igot.plt      0x0000000020000080        0x0 c:/st/stm32cubeide_1.5.1/stm32cubeide/plugins/com.st.stm32cube.ide.mcu.externaltools.gnu-tools-for-stm32.9-2020-q2-update.win32_2.0.0.202105311346/tools/bin/../lib/gcc/arm-none-eabi/9.3.1/thumb/v7e-m+fp/hard/crtbegin.o
                0x0000000020000080                . = ALIGN (0x4)

.bss            0x0000000020000080      0x7a0 load address 0x0000000008006dd8
                0x0000000020000080                _sbss = .
                0x0000000020000080                __bss_start__ = _sbss
 *(.bss)
 .bss           0x0000000020000080       0x1c c:/st/stm32cubeide_1.5.1/stm32cubeide/plugins/com.st.stm32cube.ide.mcu.externaltools.gnu-tools-for-stm32.9-2020-q2-update.win32_2.0.0.202105311346/tools/bin/../lib/gcc/arm-none-eabi/9.3.1/thumb/v7e-m+fp/hard/crtbegin.o
 *(.bss*)
 .bss.StartCount
                0x000000002000009c        0x2 ./Core/Src/GAS_CCTL.o
                0x000000002000009c                StartCount
 *(COMMON)
 *fill*         0x000000002000009e        0x2 
 COMMON         0x00000000200000a0       0x2c ./Core/Src/GAS_CCTL.o
                0x00000000200000a0                stm32
                0x00000000200000a8                CoolingADC
                0x00000000200000bc                TC_order
                0x00000000200000c4                TC_switch
 COMMON         0x00000000200000cc       0xb4 ./Core/Src/GAS_Can.o
                0x00000000200000cc                sFilterConfig
                0x00000000200000f4                canTxHeader
                0x000000002000010c                TC237
                0x0000000020000114                TxMailBox
                0x0000000020000118                canRx0Data
                0x0000000020000120                canRxHeader
                0x000000002000013c                canRxHeader2
                0x0000000020000158                sFilterConfig2
 COMMON         0x0000000020000180        0xd ./Core/Src/GAS_Scheduler.o
                0x0000000020000180                gTask
                0x0000000020000184                pin_state
                0x0000000020000188                gTimerCnt
                0x000000002000018c                pwmChangeFlag
 *fill*         0x000000002000018d        0x3 
 COMMON         0x0000000020000190       0x32 ./Core/Src/GAS_Vadc.o
                0x0000000020000190                ValueOfADC
                0x00000000200001b0                Cool6ingADC
 *fill*         0x00000000200001c2        0x2 
 COMMON         0x00000000200001c4       0xa8 ./Core/Src/adc.o
                0x00000000200001c4                hadc1
                0x000000002000020c                hdma_adc1
 COMMON         0x000000002000026c       0x28 ./Core/Src/can.o
                0x000000002000026c                hcan2
 COMMON         0x0000000020000294        0x8 ./Core/Src/crc.o
                0x0000000020000294                hcrc
 COMMON         0x000000002000029c       0x58 ./Core/Src/spi.o
                0x000000002000029c                hspi3
 COMMON         0x00000000200002f4      0x120 ./Core/Src/tim.o
                0x00000000200002f4                htim8
                0x000000002000033c                htim5
                0x0000000020000384                htim3
                0x00000000200003cc                htim1
 COMMON         0x0000000020000414      0x408 ./Core/Src/usb_otg.o
                0x0000000020000414                hpcd_USB_OTG_HS
 COMMON         0x000000002000081c        0x4 ./Drivers/STM32F4xx_HAL_Driver/Src/stm32f4xx_hal.o
                0x000000002000081c                uwTick
                0x0000000020000820                . = ALIGN (0x4)
                0x0000000020000820                _ebss = .
                0x0000000020000820                __bss_end__ = _ebss

._user_heap_stack
                0x0000000020000820      0x600 load address 0x0000000008006dd8
                0x0000000020000820                . = ALIGN (0x8)
                [!provide]                        PROVIDE (end = .)
                0x0000000020000820                PROVIDE (_end = .)
                0x0000000020000a20                . = (. + _Min_Heap_Size)
 *fill*         0x0000000020000820      0x200 
                0x0000000020000e20                . = (. + _Min_Stack_Size)
 *fill*         0x0000000020000a20      0x400 
                0x0000000020000e20                . = ALIGN (0x8)

/DISCARD/
 libc.a(*)
 libm.a(*)
 libgcc.a(*)

.ARM.attributes
                0x0000000000000000       0x30
 *(.ARM.attributes)
 .ARM.attributes
                0x0000000000000000       0x1e c:/st/stm32cubeide_1.5.1/stm32cubeide/plugins/com.st.stm32cube.ide.mcu.externaltools.gnu-tools-for-stm32.9-2020-q2-update.win32_2.0.0.202105311346/tools/bin/../lib/gcc/arm-none-eabi/9.3.1/thumb/v7e-m+fp/hard/crti.o
 .ARM.attributes
                0x000000000000001e       0x34 c:/st/stm32cubeide_1.5.1/stm32cubeide/plugins/com.st.stm32cube.ide.mcu.externaltools.gnu-tools-for-stm32.9-2020-q2-update.win32_2.0.0.202105311346/tools/bin/../lib/gcc/arm-none-eabi/9.3.1/thumb/v7e-m+fp/hard/crtbegin.o
 .ARM.attributes
                0x0000000000000052       0x34 ./Core/Src/GAS_CCTL.o
 .ARM.attributes
                0x0000000000000086       0x34 ./Core/Src/GAS_Can.o
 .ARM.attributes
                0x00000000000000ba       0x34 ./Core/Src/GAS_Scheduler.o
 .ARM.attributes
                0x00000000000000ee       0x34 ./Core/Src/GAS_Vadc.o
 .ARM.attributes
                0x0000000000000122       0x34 ./Core/Src/adc.o
 .ARM.attributes
                0x0000000000000156       0x34 ./Core/Src/can.o
 .ARM.attributes
                0x000000000000018a       0x34 ./Core/Src/crc.o
 .ARM.attributes
                0x00000000000001be       0x34 ./Core/Src/dma.o
 .ARM.attributes
                0x00000000000001f2       0x34 ./Core/Src/gpio.o
 .ARM.attributes
                0x0000000000000226       0x34 ./Core/Src/main.o
 .ARM.attributes
                0x000000000000025a       0x34 ./Core/Src/spi.o
 .ARM.attributes
                0x000000000000028e       0x34 ./Core/Src/stm32f4xx_hal_msp.o
 .ARM.attributes
                0x00000000000002c2       0x34 ./Core/Src/stm32f4xx_it.o
 .ARM.attributes
                0x00000000000002f6       0x34 ./Core/Src/system_stm32f4xx.o
 .ARM.attributes
                0x000000000000032a       0x34 ./Core/Src/tim.o
 .ARM.attributes
                0x000000000000035e       0x34 ./Core/Src/usb_otg.o
 .ARM.attributes
                0x0000000000000392       0x21 ./Core/Startup/startup_stm32f405rgtx.o
 .ARM.attributes
                0x00000000000003b3       0x34 ./Drivers/STM32F4xx_HAL_Driver/Src/stm32f4xx_hal.o
 .ARM.attributes
                0x00000000000003e7       0x34 ./Drivers/STM32F4xx_HAL_Driver/Src/stm32f4xx_hal_adc.o
 .ARM.attributes
                0x000000000000041b       0x34 ./Drivers/STM32F4xx_HAL_Driver/Src/stm32f4xx_hal_can.o
 .ARM.attributes
                0x000000000000044f       0x34 ./Drivers/STM32F4xx_HAL_Driver/Src/stm32f4xx_hal_cortex.o
 .ARM.attributes
                0x0000000000000483       0x34 ./Drivers/STM32F4xx_HAL_Driver/Src/stm32f4xx_hal_crc.o
 .ARM.attributes
                0x00000000000004b7       0x34 ./Drivers/STM32F4xx_HAL_Driver/Src/stm32f4xx_hal_dma.o
 .ARM.attributes
                0x00000000000004eb       0x34 ./Drivers/STM32F4xx_HAL_Driver/Src/stm32f4xx_hal_gpio.o
 .ARM.attributes
                0x000000000000051f       0x34 ./Drivers/STM32F4xx_HAL_Driver/Src/stm32f4xx_hal_pcd.o
 .ARM.attributes
                0x0000000000000553       0x34 ./Drivers/STM32F4xx_HAL_Driver/Src/stm32f4xx_hal_rcc.o
 .ARM.attributes
                0x0000000000000587       0x34 ./Drivers/STM32F4xx_HAL_Driver/Src/stm32f4xx_hal_spi.o
 .ARM.attributes
                0x00000000000005bb       0x34 ./Drivers/STM32F4xx_HAL_Driver/Src/stm32f4xx_hal_tim.o
 .ARM.attributes
                0x00000000000005ef       0x34 ./Drivers/STM32F4xx_HAL_Driver/Src/stm32f4xx_hal_tim_ex.o
 .ARM.attributes
                0x0000000000000623       0x34 ./Drivers/STM32F4xx_HAL_Driver/Src/stm32f4xx_ll_usb.o
 .ARM.attributes
                0x0000000000000657       0x34 c:/st/stm32cubeide_1.5.1/stm32cubeide/plugins/com.st.stm32cube.ide.mcu.externaltools.gnu-tools-for-stm32.9-2020-q2-update.win32_2.0.0.202105311346/tools/bin/../lib/gcc/arm-none-eabi/9.3.1/../../../../arm-none-eabi/lib/thumb/v7e-m+fp/hard\libc_nano.a(lib_a-errno.o)
 .ARM.attributes
                0x000000000000068b       0x32 c:/st/stm32cubeide_1.5.1/stm32cubeide/plugins/com.st.stm32cube.ide.mcu.externaltools.gnu-tools-for-stm32.9-2020-q2-update.win32_2.0.0.202105311346/tools/bin/../lib/gcc/arm-none-eabi/9.3.1/../../../../arm-none-eabi/lib/thumb/v7e-m+fp/hard\libc_nano.a(lib_a-impure.o)
 .ARM.attributes
                0x00000000000006bd       0x34 c:/st/stm32cubeide_1.5.1/stm32cubeide/plugins/com.st.stm32cube.ide.mcu.externaltools.gnu-tools-for-stm32.9-2020-q2-update.win32_2.0.0.202105311346/tools/bin/../lib/gcc/arm-none-eabi/9.3.1/../../../../arm-none-eabi/lib/thumb/v7e-m+fp/hard\libc_nano.a(lib_a-init.o)
 .ARM.attributes
                0x00000000000006f1       0x34 c:/st/stm32cubeide_1.5.1/stm32cubeide/plugins/com.st.stm32cube.ide.mcu.externaltools.gnu-tools-for-stm32.9-2020-q2-update.win32_2.0.0.202105311346/tools/bin/../lib/gcc/arm-none-eabi/9.3.1/../../../../arm-none-eabi/lib/thumb/v7e-m+fp/hard\libc_nano.a(lib_a-memset.o)
 .ARM.attributes
                0x0000000000000725       0x34 c:/st/stm32cubeide_1.5.1/stm32cubeide/plugins/com.st.stm32cube.ide.mcu.externaltools.gnu-tools-for-stm32.9-2020-q2-update.win32_2.0.0.202105311346/tools/bin/../lib/gcc/arm-none-eabi/9.3.1/../../../../arm-none-eabi/lib/thumb/v7e-m+fp/hard\libm.a(lib_a-w_exp.o)
 .ARM.attributes
                0x0000000000000759       0x34 c:/st/stm32cubeide_1.5.1/stm32cubeide/plugins/com.st.stm32cube.ide.mcu.externaltools.gnu-tools-for-stm32.9-2020-q2-update.win32_2.0.0.202105311346/tools/bin/../lib/gcc/arm-none-eabi/9.3.1/../../../../arm-none-eabi/lib/thumb/v7e-m+fp/hard\libm.a(lib_a-e_exp.o)
 .ARM.attributes
                0x000000000000078d       0x34 c:/st/stm32cubeide_1.5.1/stm32cubeide/plugins/com.st.stm32cube.ide.mcu.externaltools.gnu-tools-for-stm32.9-2020-q2-update.win32_2.0.0.202105311346/tools/bin/../lib/gcc/arm-none-eabi/9.3.1/../../../../arm-none-eabi/lib/thumb/v7e-m+fp/hard\libm.a(lib_a-s_finite.o)
 .ARM.attributes
                0x00000000000007c1       0x32 c:/st/stm32cubeide_1.5.1/stm32cubeide/plugins/com.st.stm32cube.ide.mcu.externaltools.gnu-tools-for-stm32.9-2020-q2-update.win32_2.0.0.202105311346/tools/bin/../lib/gcc/arm-none-eabi/9.3.1/../../../../arm-none-eabi/lib/thumb/v7e-m+fp/hard\libm.a(lib_a-s_lib_ver.o)
 .ARM.attributes
                0x00000000000007f3       0x1e c:/st/stm32cubeide_1.5.1/stm32cubeide/plugins/com.st.stm32cube.ide.mcu.externaltools.gnu-tools-for-stm32.9-2020-q2-update.win32_2.0.0.202105311346/tools/bin/../lib/gcc/arm-none-eabi/9.3.1/thumb/v7e-m+fp/hard\libgcc.a(_arm_addsubdf3.o)
 .ARM.attributes
                0x0000000000000811       0x1e c:/st/stm32cubeide_1.5.1/stm32cubeide/plugins/com.st.stm32cube.ide.mcu.externaltools.gnu-tools-for-stm32.9-2020-q2-update.win32_2.0.0.202105311346/tools/bin/../lib/gcc/arm-none-eabi/9.3.1/thumb/v7e-m+fp/hard\libgcc.a(_arm_muldivdf3.o)
 .ARM.attributes
                0x000000000000082f       0x1e c:/st/stm32cubeide_1.5.1/stm32cubeide/plugins/com.st.stm32cube.ide.mcu.externaltools.gnu-tools-for-stm32.9-2020-q2-update.win32_2.0.0.202105311346/tools/bin/../lib/gcc/arm-none-eabi/9.3.1/thumb/v7e-m+fp/hard\libgcc.a(_arm_cmpdf2.o)
 .ARM.attributes
                0x000000000000084d       0x1e c:/st/stm32cubeide_1.5.1/stm32cubeide/plugins/com.st.stm32cube.ide.mcu.externaltools.gnu-tools-for-stm32.9-2020-q2-update.win32_2.0.0.202105311346/tools/bin/../lib/gcc/arm-none-eabi/9.3.1/thumb/v7e-m+fp/hard\libgcc.a(_arm_fixdfsi.o)
 .ARM.attributes
                0x000000000000086b       0x1e c:/st/stm32cubeide_1.5.1/stm32cubeide/plugins/com.st.stm32cube.ide.mcu.externaltools.gnu-tools-for-stm32.9-2020-q2-update.win32_2.0.0.202105311346/tools/bin/../lib/gcc/arm-none-eabi/9.3.1/thumb/v7e-m+fp/hard\libgcc.a(_arm_truncdfsf2.o)
 .ARM.attributes
                0x0000000000000889       0x1e c:/st/stm32cubeide_1.5.1/stm32cubeide/plugins/com.st.stm32cube.ide.mcu.externaltools.gnu-tools-for-stm32.9-2020-q2-update.win32_2.0.0.202105311346/tools/bin/../lib/gcc/arm-none-eabi/9.3.1/thumb/v7e-m+fp/hard\libgcc.a(_aeabi_uldivmod.o)
 .ARM.attributes
                0x00000000000008a7       0x34 c:/st/stm32cubeide_1.5.1/stm32cubeide/plugins/com.st.stm32cube.ide.mcu.externaltools.gnu-tools-for-stm32.9-2020-q2-update.win32_2.0.0.202105311346/tools/bin/../lib/gcc/arm-none-eabi/9.3.1/thumb/v7e-m+fp/hard\libgcc.a(_udivmoddi4.o)
 .ARM.attributes
                0x00000000000008db       0x1e c:/st/stm32cubeide_1.5.1/stm32cubeide/plugins/com.st.stm32cube.ide.mcu.externaltools.gnu-tools-for-stm32.9-2020-q2-update.win32_2.0.0.202105311346/tools/bin/../lib/gcc/arm-none-eabi/9.3.1/thumb/v7e-m+fp/hard\libgcc.a(_dvmd_tls.o)
 .ARM.attributes
                0x00000000000008f9       0x1e c:/st/stm32cubeide_1.5.1/stm32cubeide/plugins/com.st.stm32cube.ide.mcu.externaltools.gnu-tools-for-stm32.9-2020-q2-update.win32_2.0.0.202105311346/tools/bin/../lib/gcc/arm-none-eabi/9.3.1/thumb/v7e-m+fp/hard/crtn.o
OUTPUT(STM32F405R_Cooling_Control.elf elf32-littlearm)
LOAD linker stubs
LOAD c:/st/stm32cubeide_1.5.1/stm32cubeide/plugins/com.st.stm32cube.ide.mcu.externaltools.gnu-tools-for-stm32.9-2020-q2-update.win32_2.0.0.202105311346/tools/bin/../lib/gcc/arm-none-eabi/9.3.1/../../../../arm-none-eabi/lib/thumb/v7e-m+fp/hard\libc.a
LOAD c:/st/stm32cubeide_1.5.1/stm32cubeide/plugins/com.st.stm32cube.ide.mcu.externaltools.gnu-tools-for-stm32.9-2020-q2-update.win32_2.0.0.202105311346/tools/bin/../lib/gcc/arm-none-eabi/9.3.1/../../../../arm-none-eabi/lib/thumb/v7e-m+fp/hard\libm.a
LOAD c:/st/stm32cubeide_1.5.1/stm32cubeide/plugins/com.st.stm32cube.ide.mcu.externaltools.gnu-tools-for-stm32.9-2020-q2-update.win32_2.0.0.202105311346/tools/bin/../lib/gcc/arm-none-eabi/9.3.1/thumb/v7e-m+fp/hard\libgcc.a

.debug_info     0x0000000000000000    0x1bfe3
 .debug_info    0x0000000000000000     0x1b99 ./Core/Src/GAS_CCTL.o
 .debug_info    0x0000000000001b99     0x18e4 ./Core/Src/GAS_Can.o
 .debug_info    0x000000000000347d     0x20ed ./Core/Src/GAS_Scheduler.o
 .debug_info    0x000000000000556a     0x16ee ./Core/Src/GAS_Vadc.o
 .debug_info    0x0000000000006c58      0xabd ./Core/Src/adc.o
 .debug_info    0x0000000000007715      0xb59 ./Core/Src/can.o
 .debug_info    0x000000000000826e      0x52a ./Core/Src/crc.o
 .debug_info    0x0000000000008798      0x58a ./Core/Src/dma.o
 .debug_info    0x0000000000008d22      0x512 ./Core/Src/gpio.o
 .debug_info    0x0000000000009234     0x1a79 ./Core/Src/main.o
 .debug_info    0x000000000000acad      0xa77 ./Core/Src/spi.o
 .debug_info    0x000000000000b724      0x394 ./Core/Src/stm32f4xx_hal_msp.o
 .debug_info    0x000000000000bab8      0x8c1 ./Core/Src/stm32f4xx_it.o
 .debug_info    0x000000000000c379      0x5a4 ./Core/Src/system_stm32f4xx.o
 .debug_info    0x000000000000c91d      0xec9 ./Core/Src/tim.o
 .debug_info    0x000000000000d7e6      0x9dd ./Core/Src/usb_otg.o
 .debug_info    0x000000000000e1c3       0x22 ./Core/Startup/startup_stm32f405rgtx.o
 .debug_info    0x000000000000e1e5      0x9a0 ./Drivers/STM32F4xx_HAL_Driver/Src/stm32f4xx_hal.o
 .debug_info    0x000000000000eb85      0xdbc ./Drivers/STM32F4xx_HAL_Driver/Src/stm32f4xx_hal_adc.o
 .debug_info    0x000000000000f941     0x1089 ./Drivers/STM32F4xx_HAL_Driver/Src/stm32f4xx_hal_can.o
 .debug_info    0x00000000000109ca      0xec5 ./Drivers/STM32F4xx_HAL_Driver/Src/stm32f4xx_hal_cortex.o
 .debug_info    0x000000000001188f      0x47a ./Drivers/STM32F4xx_HAL_Driver/Src/stm32f4xx_hal_crc.o
 .debug_info    0x0000000000011d09      0x9f1 ./Drivers/STM32F4xx_HAL_Driver/Src/stm32f4xx_hal_dma.o
 .debug_info    0x00000000000126fa      0x83e ./Drivers/STM32F4xx_HAL_Driver/Src/stm32f4xx_hal_gpio.o
 .debug_info    0x0000000000012f38     0x12dd ./Drivers/STM32F4xx_HAL_Driver/Src/stm32f4xx_hal_pcd.o
 .debug_info    0x0000000000014215      0x996 ./Drivers/STM32F4xx_HAL_Driver/Src/stm32f4xx_hal_rcc.o
 .debug_info    0x0000000000014bab     0x17c0 ./Drivers/STM32F4xx_HAL_Driver/Src/stm32f4xx_hal_spi.o
 .debug_info    0x000000000001636b     0x2c22 ./Drivers/STM32F4xx_HAL_Driver/Src/stm32f4xx_hal_tim.o
 .debug_info    0x0000000000018f8d     0x15a2 ./Drivers/STM32F4xx_HAL_Driver/Src/stm32f4xx_hal_tim_ex.o
 .debug_info    0x000000000001a52f     0x1ab4 ./Drivers/STM32F4xx_HAL_Driver/Src/stm32f4xx_ll_usb.o

.debug_abbrev   0x0000000000000000     0x3ecb
 .debug_abbrev  0x0000000000000000      0x301 ./Core/Src/GAS_CCTL.o
 .debug_abbrev  0x0000000000000301      0x306 ./Core/Src/GAS_Can.o
 .debug_abbrev  0x0000000000000607      0x354 ./Core/Src/GAS_Scheduler.o
 .debug_abbrev  0x000000000000095b      0x2ed ./Core/Src/GAS_Vadc.o
 .debug_abbrev  0x0000000000000c48      0x1ce ./Core/Src/adc.o
 .debug_abbrev  0x0000000000000e16      0x1de ./Core/Src/can.o
 .debug_abbrev  0x0000000000000ff4      0x177 ./Core/Src/crc.o
 .debug_abbrev  0x000000000000116b      0x11b ./Core/Src/dma.o
 .debug_abbrev  0x0000000000001286      0x14e ./Core/Src/gpio.o
 .debug_abbrev  0x00000000000013d4      0x252 ./Core/Src/main.o
 .debug_abbrev  0x0000000000001626      0x1bb ./Core/Src/spi.o
 .debug_abbrev  0x00000000000017e1      0x11d ./Core/Src/stm32f4xx_hal_msp.o
 .debug_abbrev  0x00000000000018fe      0x1a5 ./Core/Src/stm32f4xx_it.o
 .debug_abbrev  0x0000000000001aa3      0x145 ./Core/Src/system_stm32f4xx.o
 .debug_abbrev  0x0000000000001be8      0x244 ./Core/Src/tim.o
 .debug_abbrev  0x0000000000001e2c      0x1da ./Core/Src/usb_otg.o
 .debug_abbrev  0x0000000000002006       0x12 ./Core/Startup/startup_stm32f405rgtx.o
 .debug_abbrev  0x0000000000002018      0x1ed ./Drivers/STM32F4xx_HAL_Driver/Src/stm32f4xx_hal.o
 .debug_abbrev  0x0000000000002205      0x22f ./Drivers/STM32F4xx_HAL_Driver/Src/stm32f4xx_hal_adc.o
 .debug_abbrev  0x0000000000002434      0x246 ./Drivers/STM32F4xx_HAL_Driver/Src/stm32f4xx_hal_can.o
 .debug_abbrev  0x000000000000267a      0x33c ./Drivers/STM32F4xx_HAL_Driver/Src/stm32f4xx_hal_cortex.o
 .debug_abbrev  0x00000000000029b6      0x1dd ./Drivers/STM32F4xx_HAL_Driver/Src/stm32f4xx_hal_crc.o
 .debug_abbrev  0x0000000000002b93      0x259 ./Drivers/STM32F4xx_HAL_Driver/Src/stm32f4xx_hal_dma.o
 .debug_abbrev  0x0000000000002dec      0x1f1 ./Drivers/STM32F4xx_HAL_Driver/Src/stm32f4xx_hal_gpio.o
 .debug_abbrev  0x0000000000002fdd      0x2a0 ./Drivers/STM32F4xx_HAL_Driver/Src/stm32f4xx_hal_pcd.o
 .debug_abbrev  0x000000000000327d      0x275 ./Drivers/STM32F4xx_HAL_Driver/Src/stm32f4xx_hal_rcc.o
 .debug_abbrev  0x00000000000034f2      0x26e ./Drivers/STM32F4xx_HAL_Driver/Src/stm32f4xx_hal_spi.o
 .debug_abbrev  0x0000000000003760      0x25e ./Drivers/STM32F4xx_HAL_Driver/Src/stm32f4xx_hal_tim.o
 .debug_abbrev  0x00000000000039be      0x266 ./Drivers/STM32F4xx_HAL_Driver/Src/stm32f4xx_hal_tim_ex.o
 .debug_abbrev  0x0000000000003c24      0x2a7 ./Drivers/STM32F4xx_HAL_Driver/Src/stm32f4xx_ll_usb.o

.debug_aranges  0x0000000000000000     0x1370
 .debug_aranges
                0x0000000000000000       0x38 ./Core/Src/GAS_CCTL.o
 .debug_aranges
                0x0000000000000038       0x40 ./Core/Src/GAS_Can.o
 .debug_aranges
                0x0000000000000078       0x60 ./Core/Src/GAS_Scheduler.o
 .debug_aranges
                0x00000000000000d8       0x30 ./Core/Src/GAS_Vadc.o
 .debug_aranges
                0x0000000000000108       0x30 ./Core/Src/adc.o
 .debug_aranges
                0x0000000000000138       0x30 ./Core/Src/can.o
 .debug_aranges
                0x0000000000000168       0x30 ./Core/Src/crc.o
 .debug_aranges
                0x0000000000000198       0x20 ./Core/Src/dma.o
 .debug_aranges
                0x00000000000001b8       0x20 ./Core/Src/gpio.o
 .debug_aranges
                0x00000000000001d8       0x30 ./Core/Src/main.o
 .debug_aranges
                0x0000000000000208       0x30 ./Core/Src/spi.o
 .debug_aranges
                0x0000000000000238       0x20 ./Core/Src/stm32f4xx_hal_msp.o
 .debug_aranges
                0x0000000000000258       0x78 ./Core/Src/stm32f4xx_it.o
 .debug_aranges
                0x00000000000002d0       0x28 ./Core/Src/system_stm32f4xx.o
 .debug_aranges
                0x00000000000002f8       0x60 ./Core/Src/tim.o
 .debug_aranges
                0x0000000000000358       0x30 ./Core/Src/usb_otg.o
 .debug_aranges
                0x0000000000000388       0x28 ./Core/Startup/startup_stm32f405rgtx.o
 .debug_aranges
                0x00000000000003b0       0xf0 ./Drivers/STM32F4xx_HAL_Driver/Src/stm32f4xx_hal.o
 .debug_aranges
                0x00000000000004a0       0xe8 ./Drivers/STM32F4xx_HAL_Driver/Src/stm32f4xx_hal_adc.o
 .debug_aranges
                0x0000000000000588      0x138 ./Drivers/STM32F4xx_HAL_Driver/Src/stm32f4xx_hal_can.o
 .debug_aranges
                0x00000000000006c0      0x118 ./Drivers/STM32F4xx_HAL_Driver/Src/stm32f4xx_hal_cortex.o
 .debug_aranges
                0x00000000000007d8       0x50 ./Drivers/STM32F4xx_HAL_Driver/Src/stm32f4xx_hal_crc.o
 .debug_aranges
                0x0000000000000828       0x90 ./Drivers/STM32F4xx_HAL_Driver/Src/stm32f4xx_hal_dma.o
 .debug_aranges
                0x00000000000008b8       0x58 ./Drivers/STM32F4xx_HAL_Driver/Src/stm32f4xx_hal_gpio.o
 .debug_aranges
                0x0000000000000910      0x138 ./Drivers/STM32F4xx_HAL_Driver/Src/stm32f4xx_hal_pcd.o
 .debug_aranges
                0x0000000000000a48       0x88 ./Drivers/STM32F4xx_HAL_Driver/Src/stm32f4xx_hal_rcc.o
 .debug_aranges
                0x0000000000000ad0      0x1d0 ./Drivers/STM32F4xx_HAL_Driver/Src/stm32f4xx_hal_spi.o
 .debug_aranges
                0x0000000000000ca0      0x3d0 ./Drivers/STM32F4xx_HAL_Driver/Src/stm32f4xx_hal_tim.o
 .debug_aranges
                0x0000000000001070      0x168 ./Drivers/STM32F4xx_HAL_Driver/Src/stm32f4xx_hal_tim_ex.o
 .debug_aranges
                0x00000000000011d8      0x198 ./Drivers/STM32F4xx_HAL_Driver/Src/stm32f4xx_ll_usb.o

.debug_ranges   0x0000000000000000     0x11b0
 .debug_ranges  0x0000000000000000       0x28 ./Core/Src/GAS_CCTL.o
 .debug_ranges  0x0000000000000028       0x48 ./Core/Src/GAS_Can.o
 .debug_ranges  0x0000000000000070       0x50 ./Core/Src/GAS_Scheduler.o
 .debug_ranges  0x00000000000000c0       0x20 ./Core/Src/GAS_Vadc.o
 .debug_ranges  0x00000000000000e0       0x20 ./Core/Src/adc.o
 .debug_ranges  0x0000000000000100       0x20 ./Core/Src/can.o
 .debug_ranges  0x0000000000000120       0x20 ./Core/Src/crc.o
 .debug_ranges  0x0000000000000140       0x10 ./Core/Src/dma.o
 .debug_ranges  0x0000000000000150       0x10 ./Core/Src/gpio.o
 .debug_ranges  0x0000000000000160       0x20 ./Core/Src/main.o
 .debug_ranges  0x0000000000000180       0x20 ./Core/Src/spi.o
 .debug_ranges  0x00000000000001a0       0x10 ./Core/Src/stm32f4xx_hal_msp.o
 .debug_ranges  0x00000000000001b0       0x68 ./Core/Src/stm32f4xx_it.o
 .debug_ranges  0x0000000000000218       0x18 ./Core/Src/system_stm32f4xx.o
 .debug_ranges  0x0000000000000230       0x50 ./Core/Src/tim.o
 .debug_ranges  0x0000000000000280       0x20 ./Core/Src/usb_otg.o
 .debug_ranges  0x00000000000002a0       0x20 ./Core/Startup/startup_stm32f405rgtx.o
 .debug_ranges  0x00000000000002c0       0xe0 ./Drivers/STM32F4xx_HAL_Driver/Src/stm32f4xx_hal.o
 .debug_ranges  0x00000000000003a0       0xd8 ./Drivers/STM32F4xx_HAL_Driver/Src/stm32f4xx_hal_adc.o
 .debug_ranges  0x0000000000000478      0x128 ./Drivers/STM32F4xx_HAL_Driver/Src/stm32f4xx_hal_can.o
 .debug_ranges  0x00000000000005a0      0x108 ./Drivers/STM32F4xx_HAL_Driver/Src/stm32f4xx_hal_cortex.o
 .debug_ranges  0x00000000000006a8       0x40 ./Drivers/STM32F4xx_HAL_Driver/Src/stm32f4xx_hal_crc.o
 .debug_ranges  0x00000000000006e8       0x80 ./Drivers/STM32F4xx_HAL_Driver/Src/stm32f4xx_hal_dma.o
 .debug_ranges  0x0000000000000768       0x48 ./Drivers/STM32F4xx_HAL_Driver/Src/stm32f4xx_hal_gpio.o
 .debug_ranges  0x00000000000007b0      0x128 ./Drivers/STM32F4xx_HAL_Driver/Src/stm32f4xx_hal_pcd.o
 .debug_ranges  0x00000000000008d8       0x78 ./Drivers/STM32F4xx_HAL_Driver/Src/stm32f4xx_hal_rcc.o
 .debug_ranges  0x0000000000000950      0x1c0 ./Drivers/STM32F4xx_HAL_Driver/Src/stm32f4xx_hal_spi.o
 .debug_ranges  0x0000000000000b10      0x3c0 ./Drivers/STM32F4xx_HAL_Driver/Src/stm32f4xx_hal_tim.o
 .debug_ranges  0x0000000000000ed0      0x158 ./Drivers/STM32F4xx_HAL_Driver/Src/stm32f4xx_hal_tim_ex.o
 .debug_ranges  0x0000000000001028      0x188 ./Drivers/STM32F4xx_HAL_Driver/Src/stm32f4xx_ll_usb.o

.debug_macro    0x0000000000000000    0x23c87
 .debug_macro   0x0000000000000000      0x416 ./Core/Src/GAS_CCTL.o
 .debug_macro   0x0000000000000416      0xaa8 ./Core/Src/GAS_CCTL.o
 .debug_macro   0x0000000000000ebe      0x2b3 ./Core/Src/GAS_CCTL.o
 .debug_macro   0x0000000000001171       0x2e ./Core/Src/GAS_CCTL.o
 .debug_macro   0x000000000000119f       0x2f ./Core/Src/GAS_CCTL.o
 .debug_macro   0x00000000000011ce       0x22 ./Core/Src/GAS_CCTL.o
 .debug_macro   0x00000000000011f0       0x8e ./Core/Src/GAS_CCTL.o
 .debug_macro   0x000000000000127e       0x51 ./Core/Src/GAS_CCTL.o
 .debug_macro   0x00000000000012cf      0x103 ./Core/Src/GAS_CCTL.o
 .debug_macro   0x00000000000013d2       0x6a ./Core/Src/GAS_CCTL.o
 .debug_macro   0x000000000000143c      0x1df ./Core/Src/GAS_CCTL.o
 .debug_macro   0x000000000000161b       0x1c ./Core/Src/GAS_CCTL.o
 .debug_macro   0x0000000000001637       0x22 ./Core/Src/GAS_CCTL.o
 .debug_macro   0x0000000000001659       0xdf ./Core/Src/GAS_CCTL.o
 .debug_macro   0x0000000000001738     0x102d ./Core/Src/GAS_CCTL.o
 .debug_macro   0x0000000000002765      0x11f ./Core/Src/GAS_CCTL.o
 .debug_macro   0x0000000000002884    0x1426d ./Core/Src/GAS_CCTL.o
 .debug_macro   0x0000000000016af1       0x6d ./Core/Src/GAS_CCTL.o
 .debug_macro   0x0000000000016b5e     0x3666 ./Core/Src/GAS_CCTL.o
 .debug_macro   0x000000000001a1c4      0x174 ./Core/Src/GAS_CCTL.o
 .debug_macro   0x000000000001a338       0x5c ./Core/Src/GAS_CCTL.o
 .debug_macro   0x000000000001a394      0x8a7 ./Core/Src/GAS_CCTL.o
 .debug_macro   0x000000000001ac3b      0x9fe ./Core/Src/GAS_CCTL.o
 .debug_macro   0x000000000001b639      0x116 ./Core/Src/GAS_CCTL.o
 .debug_macro   0x000000000001b74f      0x130 ./Core/Src/GAS_CCTL.o
 .debug_macro   0x000000000001b87f       0xa5 ./Core/Src/GAS_CCTL.o
 .debug_macro   0x000000000001b924      0x174 ./Core/Src/GAS_CCTL.o
 .debug_macro   0x000000000001ba98      0x287 ./Core/Src/GAS_CCTL.o
 .debug_macro   0x000000000001bd1f       0x5f ./Core/Src/GAS_CCTL.o
 .debug_macro   0x000000000001bd7e      0x236 ./Core/Src/GAS_CCTL.o
 .debug_macro   0x000000000001bfb4      0xb5b ./Core/Src/GAS_CCTL.o
 .debug_macro   0x000000000001cb0f      0x38b ./Core/Src/GAS_CCTL.o
 .debug_macro   0x000000000001ce9a      0x176 ./Core/Src/GAS_CCTL.o
 .debug_macro   0x000000000001d010       0xf9 ./Core/Src/GAS_CCTL.o
 .debug_macro   0x000000000001d109      0x40f ./Core/Src/GAS_CCTL.o
 .debug_macro   0x000000000001d518       0x22 ./Core/Src/GAS_CCTL.o
 .debug_macro   0x000000000001d53a      0x12c ./Core/Src/GAS_CCTL.o
 .debug_macro   0x000000000001d666      0x21e ./Core/Src/GAS_CCTL.o
 .debug_macro   0x000000000001d884       0x2e ./Core/Src/GAS_CCTL.o
 .debug_macro   0x000000000001d8b2      0x11a ./Core/Src/GAS_CCTL.o
 .debug_macro   0x000000000001d9cc       0x7e ./Core/Src/GAS_CCTL.o
 .debug_macro   0x000000000001da4a       0x89 ./Core/Src/GAS_CCTL.o
 .debug_macro   0x000000000001dad3      0x225 ./Core/Src/GAS_CCTL.o
 .debug_macro   0x000000000001dcf8      0x8d1 ./Core/Src/GAS_CCTL.o
 .debug_macro   0x000000000001e5c9       0x47 ./Core/Src/GAS_CCTL.o
 .debug_macro   0x000000000001e610      0x21e ./Core/Src/GAS_CCTL.o
 .debug_macro   0x000000000001e82e       0xba ./Core/Src/GAS_CCTL.o
 .debug_macro   0x000000000001e8e8      0x12d ./Core/Src/GAS_CCTL.o
 .debug_macro   0x000000000001ea15       0x58 ./Core/Src/GAS_CCTL.o
 .debug_macro   0x000000000001ea6d       0x52 ./Core/Src/GAS_CCTL.o
 .debug_macro   0x000000000001eabf       0x18 ./Core/Src/GAS_CCTL.o
 .debug_macro   0x000000000001ead7       0x3c ./Core/Src/GAS_CCTL.o
 .debug_macro   0x000000000001eb13       0x34 ./Core/Src/GAS_CCTL.o
 .debug_macro   0x000000000001eb47       0x16 ./Core/Src/GAS_CCTL.o
 .debug_macro   0x000000000001eb5d       0x35 ./Core/Src/GAS_CCTL.o
 .debug_macro   0x000000000001eb92      0x333 ./Core/Src/GAS_CCTL.o
 .debug_macro   0x000000000001eec5       0x10 ./Core/Src/GAS_CCTL.o
 .debug_macro   0x000000000001eed5       0x16 ./Core/Src/GAS_CCTL.o
 .debug_macro   0x000000000001eeeb       0x43 ./Core/Src/GAS_CCTL.o
 .debug_macro   0x000000000001ef2e       0x34 ./Core/Src/GAS_CCTL.o
 .debug_macro   0x000000000001ef62       0x10 ./Core/Src/GAS_CCTL.o
 .debug_macro   0x000000000001ef72       0x58 ./Core/Src/GAS_CCTL.o
 .debug_macro   0x000000000001efca       0x71 ./Core/Src/GAS_CCTL.o
 .debug_macro   0x000000000001f03b       0x1c ./Core/Src/GAS_CCTL.o
 .debug_macro   0x000000000001f057      0x12a ./Core/Src/GAS_CCTL.o
 .debug_macro   0x000000000001f181       0x10 ./Core/Src/GAS_CCTL.o
 .debug_macro   0x000000000001f191       0x1c ./Core/Src/GAS_CCTL.o
 .debug_macro   0x000000000001f1ad       0x52 ./Core/Src/GAS_CCTL.o
 .debug_macro   0x000000000001f1ff       0x22 ./Core/Src/GAS_CCTL.o
 .debug_macro   0x000000000001f221       0x10 ./Core/Src/GAS_CCTL.o
 .debug_macro   0x000000000001f231       0x40 ./Core/Src/GAS_CCTL.o
 .debug_macro   0x000000000001f271       0xd5 ./Core/Src/GAS_CCTL.o
 .debug_macro   0x000000000001f346       0x1c ./Core/Src/GAS_CCTL.o
 .debug_macro   0x000000000001f362       0x3d ./Core/Src/GAS_CCTL.o
 .debug_macro   0x000000000001f39f       0x16 ./Core/Src/GAS_CCTL.o
 .debug_macro   0x000000000001f3b5      0x145 ./Core/Src/GAS_CCTL.o
 .debug_macro   0x000000000001f4fa       0x16 ./Core/Src/GAS_CCTL.o
 .debug_macro   0x000000000001f510       0x16 ./Core/Src/GAS_CCTL.o
 .debug_macro   0x000000000001f526       0x29 ./Core/Src/GAS_CCTL.o
 .debug_macro   0x000000000001f54f      0x42c ./Core/Src/GAS_Can.o
 .debug_macro   0x000000000001f97b       0x5e ./Core/Src/GAS_Can.o
 .debug_macro   0x000000000001f9d9       0x16 ./Core/Src/GAS_Can.o
 .debug_macro   0x000000000001f9ef       0x20 ./Core/Src/GAS_Can.o
 .debug_macro   0x000000000001fa0f      0x430 ./Core/Src/GAS_Scheduler.o
 .debug_macro   0x000000000001fe3f      0x413 ./Core/Src/GAS_Vadc.o
 .debug_macro   0x0000000000020252      0x1a9 ./Core/Src/GAS_Vadc.o
 .debug_macro   0x00000000000203fb      0x247 ./Core/Src/adc.o
 .debug_macro   0x0000000000020642      0x247 ./Core/Src/can.o
 .debug_macro   0x0000000000020889      0x247 ./Core/Src/crc.o
 .debug_macro   0x0000000000020ad0      0x247 ./Core/Src/dma.o
 .debug_macro   0x0000000000020d17      0x247 ./Core/Src/gpio.o
 .debug_macro   0x0000000000020f5e      0x291 ./Core/Src/main.o
 .debug_macro   0x00000000000211ef      0x247 ./Core/Src/spi.o
 .debug_macro   0x0000000000021436      0x23d ./Core/Src/stm32f4xx_hal_msp.o
 .debug_macro   0x0000000000021673      0x247 ./Core/Src/stm32f4xx_it.o
 .debug_macro   0x00000000000218ba      0x234 ./Core/Src/system_stm32f4xx.o
 .debug_macro   0x0000000000021aee      0x247 ./Core/Src/tim.o
 .debug_macro   0x0000000000021d35      0x247 ./Core/Src/usb_otg.o
 .debug_macro   0x0000000000021f7c      0x28e ./Drivers/STM32F4xx_HAL_Driver/Src/stm32f4xx_hal.o
 .debug_macro   0x000000000002220a      0x22f ./Drivers/STM32F4xx_HAL_Driver/Src/stm32f4xx_hal_adc.o
 .debug_macro   0x0000000000022439      0x236 ./Drivers/STM32F4xx_HAL_Driver/Src/stm32f4xx_hal_can.o
 .debug_macro   0x000000000002266f      0x22e ./Drivers/STM32F4xx_HAL_Driver/Src/stm32f4xx_hal_cortex.o
 .debug_macro   0x000000000002289d      0x22e ./Drivers/STM32F4xx_HAL_Driver/Src/stm32f4xx_hal_crc.o
 .debug_macro   0x0000000000022acb      0x234 ./Drivers/STM32F4xx_HAL_Driver/Src/stm32f4xx_hal_dma.o
 .debug_macro   0x0000000000022cff      0x234 ./Drivers/STM32F4xx_HAL_Driver/Src/stm32f4xx_hal_gpio.o
 .debug_macro   0x0000000000022f33      0x23a ./Drivers/STM32F4xx_HAL_Driver/Src/stm32f4xx_hal_pcd.o
 .debug_macro   0x000000000002316d      0x252 ./Drivers/STM32F4xx_HAL_Driver/Src/stm32f4xx_hal_rcc.o
 .debug_macro   0x00000000000233bf      0x23d ./Drivers/STM32F4xx_HAL_Driver/Src/stm32f4xx_hal_spi.o
 .debug_macro   0x00000000000235fc      0x22f ./Drivers/STM32F4xx_HAL_Driver/Src/stm32f4xx_hal_tim.o
 .debug_macro   0x000000000002382b      0x22e ./Drivers/STM32F4xx_HAL_Driver/Src/stm32f4xx_hal_tim_ex.o
 .debug_macro   0x0000000000023a59      0x22e ./Drivers/STM32F4xx_HAL_Driver/Src/stm32f4xx_ll_usb.o

.debug_line     0x0000000000000000    0x19914
 .debug_line    0x0000000000000000      0xb40 ./Core/Src/GAS_CCTL.o
 .debug_line    0x0000000000000b40      0xaa0 ./Core/Src/GAS_Can.o
 .debug_line    0x00000000000015e0      0xb3f ./Core/Src/GAS_Scheduler.o
 .debug_line    0x000000000000211f      0xa39 ./Core/Src/GAS_Vadc.o
 .debug_line    0x0000000000002b58      0x8a0 ./Core/Src/adc.o
 .debug_line    0x00000000000033f8      0x7f7 ./Core/Src/can.o
 .debug_line    0x0000000000003bef      0x7bd ./Core/Src/crc.o
 .debug_line    0x00000000000043ac      0x77d ./Core/Src/dma.o
 .debug_line    0x0000000000004b29      0x7a9 ./Core/Src/gpio.o
 .debug_line    0x00000000000052d2      0x853 ./Core/Src/main.o
 .debug_line    0x0000000000005b25      0x805 ./Core/Src/spi.o
 .debug_line    0x000000000000632a      0x782 ./Core/Src/stm32f4xx_hal_msp.o
 .debug_line    0x0000000000006aac      0x890 ./Core/Src/stm32f4xx_it.o
 .debug_line    0x000000000000733c      0x809 ./Core/Src/system_stm32f4xx.o
 .debug_line    0x0000000000007b45      0xa53 ./Core/Src/tim.o
 .debug_line    0x0000000000008598      0x7f2 ./Core/Src/usb_otg.o
 .debug_line    0x0000000000008d8a       0x85 ./Core/Startup/startup_stm32f405rgtx.o
 .debug_line    0x0000000000008e0f      0xa69 ./Drivers/STM32F4xx_HAL_Driver/Src/stm32f4xx_hal.o
 .debug_line    0x0000000000009878     0x12f3 ./Drivers/STM32F4xx_HAL_Driver/Src/stm32f4xx_hal_adc.o
 .debug_line    0x000000000000ab6b     0x11d5 ./Drivers/STM32F4xx_HAL_Driver/Src/stm32f4xx_hal_can.o
 .debug_line    0x000000000000bd40      0xd18 ./Drivers/STM32F4xx_HAL_Driver/Src/stm32f4xx_hal_cortex.o
 .debug_line    0x000000000000ca58      0x8c8 ./Drivers/STM32F4xx_HAL_Driver/Src/stm32f4xx_hal_crc.o
 .debug_line    0x000000000000d320      0xfce ./Drivers/STM32F4xx_HAL_Driver/Src/stm32f4xx_hal_dma.o
 .debug_line    0x000000000000e2ee      0xbdf ./Drivers/STM32F4xx_HAL_Driver/Src/stm32f4xx_hal_gpio.o
 .debug_line    0x000000000000eecd     0x13b6 ./Drivers/STM32F4xx_HAL_Driver/Src/stm32f4xx_hal_pcd.o
 .debug_line    0x0000000000010283      0xde5 ./Drivers/STM32F4xx_HAL_Driver/Src/stm32f4xx_hal_rcc.o
 .debug_line    0x0000000000011068     0x1cf1 ./Drivers/STM32F4xx_HAL_Driver/Src/stm32f4xx_hal_spi.o
 .debug_line    0x0000000000012d59     0x375d ./Drivers/STM32F4xx_HAL_Driver/Src/stm32f4xx_hal_tim.o
 .debug_line    0x00000000000164b6     0x1a66 ./Drivers/STM32F4xx_HAL_Driver/Src/stm32f4xx_hal_tim_ex.o
 .debug_line    0x0000000000017f1c     0x19f8 ./Drivers/STM32F4xx_HAL_Driver/Src/stm32f4xx_ll_usb.o

.debug_str      0x0000000000000000    0xd2141
 .debug_str     0x0000000000000000    0xcc777 ./Core/Src/GAS_CCTL.o
                                      0xccb84 (size before relaxing)
 .debug_str     0x00000000000cc777      0x291 ./Core/Src/GAS_Can.o
                                      0xcca53 (size before relaxing)
 .debug_str     0x00000000000cca08      0x6cb ./Core/Src/GAS_Scheduler.o
                                      0xcd1f5 (size before relaxing)
 .debug_str     0x00000000000cd0d3      0x86f ./Core/Src/GAS_Vadc.o
                                      0xcd088 (size before relaxing)
 .debug_str     0x00000000000cd942      0x173 ./Core/Src/adc.o
                                      0xc83bc (size before relaxing)
 .debug_str     0x00000000000cdab5       0x4b ./Core/Src/can.o
                                      0xc86d3 (size before relaxing)
 .debug_str     0x00000000000cdb00       0xf2 ./Core/Src/crc.o
                                      0xc8012 (size before relaxing)
 .debug_str     0x00000000000cdbf2       0x1e ./Core/Src/dma.o
                                      0xc83a0 (size before relaxing)
 .debug_str     0x00000000000cdc10       0x2c ./Core/Src/gpio.o
                                      0xc7f73 (size before relaxing)
 .debug_str     0x00000000000cdc3c      0x660 ./Core/Src/main.o
                                      0xc8fb1 (size before relaxing)
 .debug_str     0x00000000000ce29c       0x4b ./Core/Src/spi.o
                                      0xc83d0 (size before relaxing)
 .debug_str     0x00000000000ce2e7       0x2c ./Core/Src/stm32f4xx_hal_msp.o
                                      0xc7ed6 (size before relaxing)
 .debug_str     0x00000000000ce313       0xfd ./Core/Src/stm32f4xx_it.o
                                      0xc8377 (size before relaxing)
 .debug_str     0x00000000000ce410       0x70 ./Core/Src/system_stm32f4xx.o
                                      0xc7dcd (size before relaxing)
 .debug_str     0x00000000000ce480      0x27a ./Core/Src/tim.o
                                      0xc871d (size before relaxing)
 .debug_str     0x00000000000ce6fa       0x59 ./Core/Src/usb_otg.o
                                      0xc8357 (size before relaxing)
 .debug_str     0x00000000000ce753       0x36 ./Core/Startup/startup_stm32f405rgtx.o
                                         0x76 (size before relaxing)
 .debug_str     0x00000000000ce789      0x56b ./Drivers/STM32F4xx_HAL_Driver/Src/stm32f4xx_hal.o
                                      0xc8879 (size before relaxing)
 .debug_str     0x00000000000cecf4      0x29c ./Drivers/STM32F4xx_HAL_Driver/Src/stm32f4xx_hal_adc.o
                                      0xc8364 (size before relaxing)
 .debug_str     0x00000000000cef90      0x440 ./Drivers/STM32F4xx_HAL_Driver/Src/stm32f4xx_hal_can.o
                                      0xc84c4 (size before relaxing)
 .debug_str     0x00000000000cf3d0      0x324 ./Drivers/STM32F4xx_HAL_Driver/Src/stm32f4xx_hal_cortex.o
                                      0xc8668 (size before relaxing)
 .debug_str     0x00000000000cf6f4       0xa5 ./Drivers/STM32F4xx_HAL_Driver/Src/stm32f4xx_hal_crc.o
                                      0xc7e12 (size before relaxing)
 .debug_str     0x00000000000cf799      0x315 ./Drivers/STM32F4xx_HAL_Driver/Src/stm32f4xx_hal_dma.o
                                      0xc81e2 (size before relaxing)
 .debug_str     0x00000000000cfaae      0x15a ./Drivers/STM32F4xx_HAL_Driver/Src/stm32f4xx_hal_gpio.o
                                      0xc7f5f (size before relaxing)
 .debug_str     0x00000000000cfc08      0x542 ./Drivers/STM32F4xx_HAL_Driver/Src/stm32f4xx_hal_pcd.o
                                      0xc85a2 (size before relaxing)
 .debug_str     0x00000000000d014a      0x259 ./Drivers/STM32F4xx_HAL_Driver/Src/stm32f4xx_hal_rcc.o
                                      0xc81ba (size before relaxing)
 .debug_str     0x00000000000d03a3      0x56a ./Drivers/STM32F4xx_HAL_Driver/Src/stm32f4xx_hal_spi.o
                                      0xc865c (size before relaxing)
 .debug_str     0x00000000000d090d      0xd37 ./Drivers/STM32F4xx_HAL_Driver/Src/stm32f4xx_hal_tim.o
                                      0xc90e7 (size before relaxing)
 .debug_str     0x00000000000d1644      0x45a ./Drivers/STM32F4xx_HAL_Driver/Src/stm32f4xx_hal_tim_ex.o
                                      0xc8898 (size before relaxing)
 .debug_str     0x00000000000d1a9e      0x6a3 ./Drivers/STM32F4xx_HAL_Driver/Src/stm32f4xx_ll_usb.o
                                      0xc86d9 (size before relaxing)

.comment        0x0000000000000000       0x53
 .comment       0x0000000000000000       0x53 ./Core/Src/GAS_CCTL.o
                                         0x54 (size before relaxing)